Archive member included because of file (symbol)

c:/users/jutta.schuerba/desktop/dave-ide-4.4.2-64bit/eclipse/arm-gcc-49/bin/../lib/gcc/arm-none-eabi/4.9.3/armv6-m\libgcc.a(_arm_cmpsf2.o)
                              ./main.o (__aeabi_fcmpeq)
c:/users/jutta.schuerba/desktop/dave-ide-4.4.2-64bit/eclipse/arm-gcc-49/bin/../lib/gcc/arm-none-eabi/4.9.3/armv6-m\libgcc.a(_fixunssfsi.o)
                              ./main.o (__aeabi_f2uiz)
c:/users/jutta.schuerba/desktop/dave-ide-4.4.2-64bit/eclipse/arm-gcc-49/bin/../lib/gcc/arm-none-eabi/4.9.3/armv6-m\libgcc.a(addsf3.o)
                              ./main.o (__aeabi_fadd)
c:/users/jutta.schuerba/desktop/dave-ide-4.4.2-64bit/eclipse/arm-gcc-49/bin/../lib/gcc/arm-none-eabi/4.9.3/armv6-m\libgcc.a(divsf3.o)
                              ./main.o (__aeabi_fdiv)
c:/users/jutta.schuerba/desktop/dave-ide-4.4.2-64bit/eclipse/arm-gcc-49/bin/../lib/gcc/arm-none-eabi/4.9.3/armv6-m\libgcc.a(eqsf2.o)
                              c:/users/jutta.schuerba/desktop/dave-ide-4.4.2-64bit/eclipse/arm-gcc-49/bin/../lib/gcc/arm-none-eabi/4.9.3/armv6-m\libgcc.a(_arm_cmpsf2.o) (__eqsf2)
c:/users/jutta.schuerba/desktop/dave-ide-4.4.2-64bit/eclipse/arm-gcc-49/bin/../lib/gcc/arm-none-eabi/4.9.3/armv6-m\libgcc.a(gesf2.o)
                              c:/users/jutta.schuerba/desktop/dave-ide-4.4.2-64bit/eclipse/arm-gcc-49/bin/../lib/gcc/arm-none-eabi/4.9.3/armv6-m\libgcc.a(_arm_cmpsf2.o) (__gesf2)
c:/users/jutta.schuerba/desktop/dave-ide-4.4.2-64bit/eclipse/arm-gcc-49/bin/../lib/gcc/arm-none-eabi/4.9.3/armv6-m\libgcc.a(lesf2.o)
                              c:/users/jutta.schuerba/desktop/dave-ide-4.4.2-64bit/eclipse/arm-gcc-49/bin/../lib/gcc/arm-none-eabi/4.9.3/armv6-m\libgcc.a(_arm_cmpsf2.o) (__lesf2)
c:/users/jutta.schuerba/desktop/dave-ide-4.4.2-64bit/eclipse/arm-gcc-49/bin/../lib/gcc/arm-none-eabi/4.9.3/armv6-m\libgcc.a(mulsf3.o)
                              ./main.o (__aeabi_fmul)
c:/users/jutta.schuerba/desktop/dave-ide-4.4.2-64bit/eclipse/arm-gcc-49/bin/../lib/gcc/arm-none-eabi/4.9.3/armv6-m\libgcc.a(subsf3.o)
                              ./main.o (__aeabi_fsub)
c:/users/jutta.schuerba/desktop/dave-ide-4.4.2-64bit/eclipse/arm-gcc-49/bin/../lib/gcc/arm-none-eabi/4.9.3/armv6-m\libgcc.a(fixsfsi.o)
                              c:/users/jutta.schuerba/desktop/dave-ide-4.4.2-64bit/eclipse/arm-gcc-49/bin/../lib/gcc/arm-none-eabi/4.9.3/armv6-m\libgcc.a(_fixunssfsi.o) (__aeabi_f2iz)
c:/users/jutta.schuerba/desktop/dave-ide-4.4.2-64bit/eclipse/arm-gcc-49/bin/../lib/gcc/arm-none-eabi/4.9.3/armv6-m\libgcc.a(floatsisf.o)
                              ./main.o (__aeabi_i2f)
c:/users/jutta.schuerba/desktop/dave-ide-4.4.2-64bit/eclipse/arm-gcc-49/bin/../lib/gcc/arm-none-eabi/4.9.3/armv6-m\libgcc.a(floatunsisf.o)
                              ./main.o (__aeabi_ui2f)
c:/users/jutta.schuerba/desktop/dave-ide-4.4.2-64bit/eclipse/arm-gcc-49/bin/../lib/gcc/arm-none-eabi/4.9.3/armv6-m\libgcc.a(divdf3.o)
                              ./main.o (__aeabi_ddiv)
c:/users/jutta.schuerba/desktop/dave-ide-4.4.2-64bit/eclipse/arm-gcc-49/bin/../lib/gcc/arm-none-eabi/4.9.3/armv6-m\libgcc.a(muldf3.o)
                              ./main.o (__aeabi_dmul)
c:/users/jutta.schuerba/desktop/dave-ide-4.4.2-64bit/eclipse/arm-gcc-49/bin/../lib/gcc/arm-none-eabi/4.9.3/armv6-m\libgcc.a(floatsidf.o)
                              ./main.o (__aeabi_i2d)
c:/users/jutta.schuerba/desktop/dave-ide-4.4.2-64bit/eclipse/arm-gcc-49/bin/../lib/gcc/arm-none-eabi/4.9.3/armv6-m\libgcc.a(extendsfdf2.o)
                              ./main.o (__aeabi_f2d)
c:/users/jutta.schuerba/desktop/dave-ide-4.4.2-64bit/eclipse/arm-gcc-49/bin/../lib/gcc/arm-none-eabi/4.9.3/armv6-m\libgcc.a(truncdfsf2.o)
                              ./main.o (__aeabi_d2f)
c:/users/jutta.schuerba/desktop/dave-ide-4.4.2-64bit/eclipse/arm-gcc-49/bin/../lib/gcc/arm-none-eabi/4.9.3/armv6-m\libgcc.a(_clzsi2.o)
                              c:/users/jutta.schuerba/desktop/dave-ide-4.4.2-64bit/eclipse/arm-gcc-49/bin/../lib/gcc/arm-none-eabi/4.9.3/armv6-m\libgcc.a(addsf3.o) (__clzsi2)
c:/users/jutta.schuerba/desktop/dave-ide-4.4.2-64bit/eclipse/arm-gcc-49/bin/../lib/gcc/arm-none-eabi/4.9.3/../../../../arm-none-eabi/lib/armv6-m\libg_nano.a(lib_a-errno.o)
                              ./Libraries/Newlib/syscalls.o (__errno)
c:/users/jutta.schuerba/desktop/dave-ide-4.4.2-64bit/eclipse/arm-gcc-49/bin/../lib/gcc/arm-none-eabi/4.9.3/../../../../arm-none-eabi/lib/armv6-m\libg_nano.a(lib_a-impure.o)
                              c:/users/jutta.schuerba/desktop/dave-ide-4.4.2-64bit/eclipse/arm-gcc-49/bin/../lib/gcc/arm-none-eabi/4.9.3/../../../../arm-none-eabi/lib/armv6-m\libg_nano.a(lib_a-errno.o) (_impure_ptr)
c:/users/jutta.schuerba/desktop/dave-ide-4.4.2-64bit/eclipse/arm-gcc-49/bin/../lib/gcc/arm-none-eabi/4.9.3/../../../../arm-none-eabi/lib/armv6-m\libg_nano.a(lib_a-init.o)
                              ./Startup/startup_XMC1300.o (__libc_init_array)
[...]
Memory Configuration

Name             Origin             Length             Attributes
FLASH            0x10001000         0x00010000         xr
SRAM             0x20000000         0x00004000         !xr
*default*        0x00000000         0xffffffff

Linker script and memory map

LOAD ./Startup/startup_XMC1300.o
LOAD ./Startup/system_XMC1300.o
LOAD ./Libraries/XMCLib/src/xmc1_eru.o
LOAD ./Libraries/XMCLib/src/xmc1_flash.o
LOAD ./Libraries/XMCLib/src/xmc1_gpio.o
LOAD ./Libraries/XMCLib/src/xmc1_rtc.o
LOAD ./Libraries/XMCLib/src/xmc1_scu.o
LOAD ./Libraries/XMCLib/src/xmc_acmp.o
LOAD ./Libraries/XMCLib/src/xmc_bccu.o
LOAD ./Libraries/XMCLib/src/xmc_can.o
LOAD ./Libraries/XMCLib/src/xmc_ccu4.o
LOAD ./Libraries/XMCLib/src/xmc_ccu8.o
LOAD ./Libraries/XMCLib/src/xmc_common.o
LOAD ./Libraries/XMCLib/src/xmc_eru.o
LOAD ./Libraries/XMCLib/src/xmc_gpio.o
LOAD ./Libraries/XMCLib/src/xmc_i2c.o
LOAD ./Libraries/XMCLib/src/xmc_i2s.o
LOAD ./Libraries/XMCLib/src/xmc_ledts.o
LOAD ./Libraries/XMCLib/src/xmc_math.o
LOAD ./Libraries/XMCLib/src/xmc_pau.o
LOAD ./Libraries/XMCLib/src/xmc_posif.o
LOAD ./Libraries/XMCLib/src/xmc_prng.o
LOAD ./Libraries/XMCLib/src/xmc_rtc.o
LOAD ./Libraries/XMCLib/src/xmc_spi.o
LOAD ./Libraries/XMCLib/src/xmc_uart.o
LOAD ./Libraries/XMCLib/src/xmc_usic.o
LOAD ./Libraries/XMCLib/src/xmc_vadc.o
LOAD ./Libraries/XMCLib/src/xmc_wdt.o
LOAD ./Libraries/Newlib/syscalls.o
LOAD ./Dave/Generated/UCPROBE/cpu_a.o
LOAD ./Dave/Generated/UCPROBE/cpu_bsp.o
LOAD ./Dave/Generated/UCPROBE/cpu_c.o
LOAD ./Dave/Generated/UCPROBE/cpu_core.o
LOAD ./Dave/Generated/UCPROBE/lib_ascii.o
LOAD ./Dave/Generated/UCPROBE/lib_math.o
LOAD ./Dave/Generated/UCPROBE/lib_mem.o
LOAD ./Dave/Generated/UCPROBE/lib_mem_a.o
LOAD ./Dave/Generated/UCPROBE/lib_str.o
LOAD ./Dave/Generated/UCPROBE/probe_com.o
LOAD ./Dave/Generated/UCPROBE/probe_com_os.o
LOAD ./Dave/Generated/UCPROBE/probe_rs232.o
LOAD ./Dave/Generated/UCPROBE/probe_rs232_os.o
LOAD ./Dave/Generated/UCPROBE/probe_rs232c.o
LOAD ./Dave/Generated/UCPROBE/probe_scope.o
LOAD ./Dave/Generated/UCPROBE/ucprobe.o
LOAD ./Dave/Generated/UCPROBE/ucprobe_conf.o
LOAD ./Dave/Generated/UART/uart.o
LOAD ./Dave/Generated/UART/uart_conf.o
LOAD ./Dave/Generated/PWM_CCU4/pwm_ccu4.o
LOAD ./Dave/Generated/PWM_CCU4/pwm_ccu4_conf.o
LOAD ./Dave/Generated/INTERRUPT/interrupt.o
LOAD ./Dave/Generated/INTERRUPT/interrupt_conf.o
LOAD ./Dave/Generated/GLOBAL_CCU4/global_ccu4.o
LOAD ./Dave/Generated/GLOBAL_CCU4/global_ccu4_conf.o
LOAD ./Dave/Generated/GLOBAL_ADC/global_adc.o
LOAD ./Dave/Generated/GLOBAL_ADC/global_adc_conf.o
LOAD ./Dave/Generated/DIGITAL_IO/digital_io.o
LOAD ./Dave/Generated/DIGITAL_IO/digital_io_conf.o
LOAD ./Dave/Generated/CPU_CTRL_XMC1/cpu_ctrl_xmc1.o
LOAD ./Dave/Generated/CPU_CTRL_XMC1/cpu_ctrl_xmc1_conf.o
LOAD ./Dave/Generated/CLOCK_XMC1/clock_xmc1.o
LOAD ./Dave/Generated/CLOCK_XMC1/clock_xmc1_conf.o
LOAD ./Dave/Generated/ADC_MEASUREMENT_ADV/adc_measurement_adv.o
LOAD ./Dave/Generated/ADC_MEASUREMENT_ADV/adc_measurement_adv_conf.o
LOAD ./Dave/Generated/DAVE.o
LOAD ./main.o
LOAD c:/users/jutta.schuerba/desktop/dave-ide-4.4.2-64bit/eclipse/arm-gcc-49/bin/../lib/gcc/arm-none-eabi/4.9.3/../../../../arm-none-eabi/lib/armv6-m\libm.a
START GROUP
LOAD c:/users/jutta.schuerba/desktop/dave-ide-4.4.2-64bit/eclipse/arm-gcc-49/bin/../lib/gcc/arm-none-eabi/4.9.3/armv6-m\libgcc.a
LOAD c:/users/jutta.schuerba/desktop/dave-ide-4.4.2-64bit/eclipse/arm-gcc-49/bin/../lib/gcc/arm-none-eabi/4.9.3/../../../../arm-none-eabi/lib/armv6-m\libg_nano.a
LOAD c:/users/jutta.schuerba/desktop/dave-ide-4.4.2-64bit/eclipse/arm-gcc-49/bin/../lib/gcc/arm-none-eabi/4.9.3/../../../../arm-none-eabi/lib/armv6-m\libc_nano.a
END GROUP
START GROUP
LOAD c:/users/jutta.schuerba/desktop/dave-ide-4.4.2-64bit/eclipse/arm-gcc-49/bin/../lib/gcc/arm-none-eabi/4.9.3/armv6-m\libgcc.a
LOAD c:/users/jutta.schuerba/desktop/dave-ide-4.4.2-64bit/eclipse/arm-gcc-49/bin/../lib/gcc/arm-none-eabi/4.9.3/../../../../arm-none-eabi/lib/armv6-m\libc_nano.a
LOAD c:/users/jutta.schuerba/desktop/dave-ide-4.4.2-64bit/eclipse/arm-gcc-49/bin/../lib/gcc/arm-none-eabi/4.9.3/../../../../arm-none-eabi/lib/armv6-m\libnosys.a
END GROUP
START GROUP
LOAD c:/users/jutta.schuerba/desktop/dave-ide-4.4.2-64bit/eclipse/arm-gcc-49/bin/../lib/gcc/arm-none-eabi/4.9.3/armv6-m\libgcc.a
LOAD c:/users/jutta.schuerba/desktop/dave-ide-4.4.2-64bit/eclipse/arm-gcc-49/bin/../lib/gcc/arm-none-eabi/4.9.3/../../../../arm-none-eabi/lib/armv6-m\libc_nano.a
LOAD c:/users/jutta.schuerba/desktop/dave-ide-4.4.2-64bit/eclipse/arm-gcc-49/bin/../lib/gcc/arm-none-eabi/4.9.3/../../../../arm-none-eabi/lib/armv6-m\libnosys.a
END GROUP
                0x00000400                stack_size = DEFINED (stack_size)?stack_size:0x400
                0x00000004                no_init_size = 0x4

.text           0x10001000     0x3a50
                0x10001000                sText = .
 *(.reset)
 .reset         0x10001000       0x9c ./Startup/startup_XMC1300.o
                0x10001000                __Vectors
                0x10001018                Reset_Handler
                0x10001098                USIC0_5_IRQHandler
                0x10001098                POSIF0_0_IRQHandler
                0x10001098                HardFault_Handler
                0x10001098                SysTick_Handler
                0x10001098                PendSV_Handler
                0x10001098                CCU40_2_IRQHandler
                0x10001098                VADC0_C0_0_IRQHandler
                0x10001098                ERU0_0_IRQHandler
                0x10001098                CCU80_1_IRQHandler
                0x10001098                USIC0_0_IRQHandler
                0x10001098                ERU0_2_IRQHandler
                0x10001098                BCCU0_0_IRQHandler
                0x10001098                ERU0_3_IRQHandler
                0x10001098                SCU_0_IRQHandler
                0x10001098                CCU40_0_IRQHandler
                0x10001098                POSIF0_1_IRQHandler
                0x10001098                VADC0_G0_0_IRQHandler
                0x10001098                MATH0_0_IRQHandler
                0x10001098                VADC0_C0_1_IRQHandler
                0x10001098                SVC_Handler
                0x10001098                USIC0_3_IRQHandler
                0x10001098                VADC0_G1_0_IRQHandler
                0x10001098                CCU80_0_IRQHandler
                0x10001098                CCU40_1_IRQHandler
                0x10001098                SCU_2_IRQHandler
                0x10001098                USIC0_1_IRQHandler
                0x10001098                CCU40_3_IRQHandler
                0x10001098                USIC0_4_IRQHandler
                0x10001098                SCU_1_IRQHandler
                0x10001098                ERU0_1_IRQHandler
                0x10001098                USIC0_2_IRQHandler
                0x10001098                Default_handler
 *(.text .text.* .gnu.linkonce.t.*)
 .text.SystemCoreClockUpdate
                0x1000109c       0x4c ./Startup/system_XMC1300.o
                0x1000109c                SystemCoreClockUpdate
 .text.SystemInit
                0x100010e8        0xc ./Startup/system_XMC1300.o
                0x100010e8                SystemInit
 .text.XMC_GPIO_Init
                0x100010f4       0x7c ./Libraries/XMCLib/src/xmc1_gpio.o
                0x100010f4                XMC_GPIO_Init
 .text.XMC_SCU_CLOCK_UngatePeripheralClock
                0x10001170       0x30 ./Libraries/XMCLib/src/xmc1_scu.o
                0x10001170                XMC_SCU_CLOCK_UngatePeripheralClock
 .text.XMC_SCU_CLOCK_IsPeripheralClockGated
                0x100011a0       0x14 ./Libraries/XMCLib/src/xmc1_scu.o
                0x100011a0                XMC_SCU_CLOCK_IsPeripheralClockGated
 .text.XMC_SCU_CLOCK_ScaleMCLKFrequency
                0x100011b4       0xd0 ./Libraries/XMCLib/src/xmc1_scu.o
                0x100011b4                XMC_SCU_CLOCK_ScaleMCLKFrequency
 .text.XMC_SCU_CLOCK_Init
                0x10001284       0x40 ./Libraries/XMCLib/src/xmc1_scu.o
                0x10001284                XMC_SCU_CLOCK_Init
 .text.XMC_SCU_CLOCK_GetPeripheralClockFrequency
                0x100012c4        0xc ./Libraries/XMCLib/src/xmc1_scu.o
                0x100012c4                XMC_SCU_CLOCK_GetPeripheralClockFrequency
 .text.XMC_CCU4_Init
                0x100012d0       0x34 ./Libraries/XMCLib/src/xmc_ccu4.o
                0x100012d0                XMC_CCU4_Init
 .text.XMC_CCU4_SetMultiChannelShadowTransferMode
                0x10001304       0x10 ./Libraries/XMCLib/src/xmc_ccu4.o
                0x10001304                XMC_CCU4_SetMultiChannelShadowTransferMode
 .text.XMC_CCU4_SLICE_CompareInit
                0x10001314       0x30 ./Libraries/XMCLib/src/xmc_ccu4.o
                0x10001314                XMC_CCU4_SLICE_CompareInit
 .text.XMC_CCU4_SLICE_StartConfig
                0x10001344       0x28 ./Libraries/XMCLib/src/xmc_ccu4.o
                0x10001344                XMC_CCU4_SLICE_StartConfig
 .text.XMC_CCU4_SLICE_StopConfig
                0x1000136c       0x20 ./Libraries/XMCLib/src/xmc_ccu4.o
                0x1000136c                XMC_CCU4_SLICE_StopConfig
 .text.XMC_CCU4_SLICE_LoadConfig
                0x1000138c       0x14 ./Libraries/XMCLib/src/xmc_ccu4.o
                0x1000138c                XMC_CCU4_SLICE_LoadConfig
 .text.XMC_CCU4_SLICE_ModulationConfig
                0x100013a0       0x40 ./Libraries/XMCLib/src/xmc_ccu4.o
                0x100013a0                XMC_CCU4_SLICE_ModulationConfig
 .text.XMC_CCU4_SLICE_CountConfig
                0x100013e0       0x14 ./Libraries/XMCLib/src/xmc_ccu4.o
                0x100013e0                XMC_CCU4_SLICE_CountConfig
 .text.XMC_CCU4_SLICE_GateConfig
                0x100013f4       0x14 ./Libraries/XMCLib/src/xmc_ccu4.o
                0x100013f4                XMC_CCU4_SLICE_GateConfig
 .text.XMC_CCU4_SLICE_DirectionConfig
                0x10001408       0x14 ./Libraries/XMCLib/src/xmc_ccu4.o
                0x10001408                XMC_CCU4_SLICE_DirectionConfig
 .text.XMC_CCU4_SLICE_StatusBitOverrideConfig
                0x1000141c        0xc ./Libraries/XMCLib/src/xmc_ccu4.o
                0x1000141c                XMC_CCU4_SLICE_StatusBitOverrideConfig
 .text.XMC_CCU4_SLICE_TrapConfig
                0x10001428       0x3c ./Libraries/XMCLib/src/xmc_ccu4.o
                0x10001428                XMC_CCU4_SLICE_TrapConfig
 .text.XMC_CCU4_SLICE_ConfigureStatusBitOverrideEvent
                0x10001464       0x74 ./Libraries/XMCLib/src/xmc_ccu4.o
                0x10001464                XMC_CCU4_SLICE_ConfigureStatusBitOverrideEvent
 .text.XMC_CCU4_SLICE_ConfigureEvent
                0x100014d8       0x60 ./Libraries/XMCLib/src/xmc_ccu4.o
                0x100014d8                XMC_CCU4_SLICE_ConfigureEvent
 .text.XMC_CCU4_SLICE_SetInterruptNode
                0x10001538       0x34 ./Libraries/XMCLib/src/xmc_ccu4.o
                0x10001538                XMC_CCU4_SLICE_SetInterruptNode
 .text.XMC_GPIO_SetHardwareControl
                0x1000156c       0x1c ./Libraries/XMCLib/src/xmc_gpio.o
                0x1000156c                XMC_GPIO_SetHardwareControl
 .text.__aeabi_uidiv
                0x10001588       0x14 ./Libraries/XMCLib/src/xmc_math.o
                0x10001588                __aeabi_uidiv
 .text.__aeabi_uidivmod
                0x1000159c       0x14 ./Libraries/XMCLib/src/xmc_math.o
                0x1000159c                __aeabi_uidivmod
 .text.XMC_UART_CH_Init
                0x100015b0       0x78 ./Libraries/XMCLib/src/xmc_uart.o
                0x100015b0                XMC_UART_CH_Init
 .text.XMC_UART_CH_Transmit
                0x10001628       0x30 ./Libraries/XMCLib/src/xmc_uart.o
                0x10001628                XMC_UART_CH_Transmit
 .text.XMC_USIC_CH_Enable
                0x10001658       0x34 ./Libraries/XMCLib/src/xmc_usic.o
                0x10001658                XMC_USIC_CH_Enable
 .text.XMC_USIC_CH_SetBaudrate
                0x1000168c       0xac ./Libraries/XMCLib/src/xmc_usic.o
                0x1000168c                XMC_USIC_CH_SetBaudrate
 .text.XMC_USIC_CH_TXFIFO_Configure
                0x10001738       0x2c ./Libraries/XMCLib/src/xmc_usic.o
                0x10001738                XMC_USIC_CH_TXFIFO_Configure
 .text.XMC_USIC_CH_RXFIFO_Configure
                0x10001764       0x30 ./Libraries/XMCLib/src/xmc_usic.o
                0x10001764                XMC_USIC_CH_RXFIFO_Configure
 .text.XMC_USIC_CH_SetInterruptNodePointer
                0x10001794       0x14 ./Libraries/XMCLib/src/xmc_usic.o
                0x10001794                XMC_USIC_CH_SetInterruptNodePointer
 .text.XMC_VADC_GLOBAL_Init
                0x100017a8       0x44 ./Libraries/XMCLib/src/xmc_vadc.o
                0x100017a8                XMC_VADC_GLOBAL_Init
 .text.XMC_VADC_GLOBAL_StartupCalibration
                0x100017ec       0x48 ./Libraries/XMCLib/src/xmc_vadc.o
                0x100017ec                XMC_VADC_GLOBAL_StartupCalibration
 .text.XMC_VADC_GROUP_Init
                0x10001834       0xd4 ./Libraries/XMCLib/src/xmc_vadc.o
                0x10001834                XMC_VADC_GROUP_Init
 .text.XMC_VADC_GROUP_InputClassInit
                0x10001908       0x58 ./Libraries/XMCLib/src/xmc_vadc.o
                0x10001908                XMC_VADC_GROUP_InputClassInit
 .text.XMC_VADC_GROUP_SetPowerMode
                0x10001960       0x10 ./Libraries/XMCLib/src/xmc_vadc.o
                0x10001960                XMC_VADC_GROUP_SetPowerMode
 .text.XMC_VADC_GROUP_SetSyncSlave
                0x10001970       0x18 ./Libraries/XMCLib/src/xmc_vadc.o
                0x10001970                XMC_VADC_GROUP_SetSyncSlave
 .text.XMC_VADC_GROUP_SetSyncMaster
                0x10001988        0xc ./Libraries/XMCLib/src/xmc_vadc.o
                0x10001988                XMC_VADC_GROUP_SetSyncMaster
 .text.XMC_VADC_GROUP_CheckSlaveReadiness
                0x10001994       0x24 ./Libraries/XMCLib/src/xmc_vadc.o
                0x10001994                XMC_VADC_GROUP_CheckSlaveReadiness
 .text.XMC_VADC_GLOBAL_SHS_EnableAcceleratedMode
                0x100019b8       0x20 ./Libraries/XMCLib/src/xmc_vadc.o
                0x100019b8                XMC_VADC_GLOBAL_SHS_EnableAcceleratedMode
 .text.XMC_VADC_GROUP_QueueInit
                0x100019d8       0x80 ./Libraries/XMCLib/src/xmc_vadc.o
                0x100019d8                XMC_VADC_GROUP_QueueInit
 .text.XMC_VADC_GROUP_QueueSetReqSrcEventInterruptNode
                0x10001a58       0x14 ./Libraries/XMCLib/src/xmc_vadc.o
                0x10001a58                XMC_VADC_GROUP_QueueSetReqSrcEventInterruptNode
 .text.XMC_VADC_GROUP_ChannelInit
                0x10001a6c       0x78 ./Libraries/XMCLib/src/xmc_vadc.o
                0x10001a6c                XMC_VADC_GROUP_ChannelInit
 .text.XMC_VADC_GROUP_SetResultInterruptNode
                0x10001ae4       0x30 ./Libraries/XMCLib/src/xmc_vadc.o
                0x10001ae4                XMC_VADC_GROUP_SetResultInterruptNode
 .text._init    0x10001b14        0x4 ./Libraries/Newlib/syscalls.o
                0x10001b14                _init
 .text.UART_Init
                0x10001b18        0xc ./Dave/Generated/UART/uart.o
                0x10001b18                UART_Init
 .text.UART_Transmit
                0x10001b24       0xb0 ./Dave/Generated/UART/uart.o
                0x10001b24                UART_Transmit
 .text.COM_init
                0x10001bd4       0x8c ./Dave/Generated/UART/uart_conf.o
                0x10001bd4                COM_init
 .text.PWM_CCU4_Init
                0x10001c60      0x2b4 ./Dave/Generated/PWM_CCU4/pwm_ccu4.o
                0x10001c60                PWM_CCU4_Init
 .text.INTERRUPT_Init
                0x10001f14       0x8c ./Dave/Generated/INTERRUPT/interrupt.o
                0x10001f14                INTERRUPT_Init
 .text.GLOBAL_CCU4_Init
                0x10001fa0       0x28 ./Dave/Generated/GLOBAL_CCU4/global_ccu4.o
                0x10001fa0                GLOBAL_CCU4_Init
 .text.GLOBAL_ADC_Init
                0x10001fc8       0xb4 ./Dave/Generated/GLOBAL_ADC/global_adc.o
                0x10001fc8                GLOBAL_ADC_Init
 .text.DIGITAL_IO_Init
                0x1000207c       0x1c ./Dave/Generated/DIGITAL_IO/digital_io.o
                0x1000207c                DIGITAL_IO_Init
 .text.SystemCoreSetup
                0x10002098        0x4 ./Dave/Generated/CPU_CTRL_XMC1/cpu_ctrl_xmc1_conf.o
                0x10002098                SystemCoreSetup
 .text.CLOCK_XMC1_Init
                0x1000209c       0x10 ./Dave/Generated/CLOCK_XMC1/clock_xmc1.o
                0x1000209c                CLOCK_XMC1_Init
 .text.SystemCoreClockSetup
                0x100020ac       0x1c ./Dave/Generated/CLOCK_XMC1/clock_xmc1_conf.o
                0x100020ac                SystemCoreClockSetup
 .text.ADC_MEASUREMENT_ADV_Init
                0x100020c8      0x228 ./Dave/Generated/ADC_MEASUREMENT_ADV/adc_measurement_adv.o
                0x100020c8                ADC_MEASUREMENT_ADV_Init
 .text.VOLT_CURR_TEMP_event_config
                0x100022f0       0x14 ./Dave/Generated/ADC_MEASUREMENT_ADV/adc_measurement_adv_conf.o
 .text.ACOMP_event_config
                0x10002304       0x14 ./Dave/Generated/ADC_MEASUREMENT_ADV/adc_measurement_adv_conf.o
 .text.DAVE_Init
                0x10002318       0xf0 ./Dave/Generated/DAVE.o
                0x10002318                DAVE_Init
 .text.startup.main
                0x10002408      0x260 ./main.o
                0x10002408                main
 .text.VADC0_G1_1_IRQHandler
                0x10002668      0x1f0 ./main.o
                0x10002668                VADC0_G1_1_IRQHandler
 .text.VADC0_G0_1_IRQHandler
                0x10002858      0x134 ./main.o
                0x10002858                VADC0_G0_1_IRQHandler
 .text          0x1000298c       0x74 c:/users/jutta.schuerba/desktop/dave-ide-4.4.2-64bit/eclipse/arm-gcc-49/bin/../lib/gcc/arm-none-eabi/4.9.3/armv6-m\libgcc.a(_arm_cmpsf2.o)
                0x1000298c                __aeabi_cfrcmple
                0x10002994                __aeabi_cfcmpeq
                0x10002994                __aeabi_cfcmple
                0x100029a4                __aeabi_fcmpeq
                0x100029b0                __aeabi_fcmplt
                0x100029c4                __aeabi_fcmple
                0x100029d8                __aeabi_fcmpgt
                0x100029ec                __aeabi_fcmpge
 .text          0x10002a00       0x30 c:/users/jutta.schuerba/desktop/dave-ide-4.4.2-64bit/eclipse/arm-gcc-49/bin/../lib/gcc/arm-none-eabi/4.9.3/armv6-m\libgcc.a(_fixunssfsi.o)
                0x10002a00                __fixunssfsi
                0x10002a00                __aeabi_f2uiz
 .text          0x10002a30      0x2f8 c:/users/jutta.schuerba/desktop/dave-ide-4.4.2-64bit/eclipse/arm-gcc-49/bin/../lib/gcc/arm-none-eabi/4.9.3/armv6-m\libgcc.a(addsf3.o)
                0x10002a30                __aeabi_fadd
 .text          0x10002d28      0x270 c:/users/jutta.schuerba/desktop/dave-ide-4.4.2-64bit/eclipse/arm-gcc-49/bin/../lib/gcc/arm-none-eabi/4.9.3/armv6-m\libgcc.a(divsf3.o)
                0x10002d28                __aeabi_fdiv
 .text          0x10002f98       0x54 c:/users/jutta.schuerba/desktop/dave-ide-4.4.2-64bit/eclipse/arm-gcc-49/bin/../lib/gcc/arm-none-eabi/4.9.3/armv6-m\libgcc.a(eqsf2.o)
                0x10002f98                __eqsf2
                0x10002f98                __nesf2
 .text          0x10002fec       0x94 c:/users/jutta.schuerba/desktop/dave-ide-4.4.2-64bit/eclipse/arm-gcc-49/bin/../lib/gcc/arm-none-eabi/4.9.3/armv6-m\libgcc.a(gesf2.o)
                0x10002fec                __gesf2
                0x10002fec                __gtsf2
 .text          0x10003080       0x8c c:/users/jutta.schuerba/desktop/dave-ide-4.4.2-64bit/eclipse/arm-gcc-49/bin/../lib/gcc/arm-none-eabi/4.9.3/armv6-m\libgcc.a(lesf2.o)
                0x10003080                __ltsf2
                0x10003080                __lesf2
 .text          0x1000310c      0x264 c:/users/jutta.schuerba/desktop/dave-ide-4.4.2-64bit/eclipse/arm-gcc-49/bin/../lib/gcc/arm-none-eabi/4.9.3/armv6-m\libgcc.a(mulsf3.o)
                0x1000310c                __aeabi_fmul
 .text          0x10003370      0x2fc c:/users/jutta.schuerba/desktop/dave-ide-4.4.2-64bit/eclipse/arm-gcc-49/bin/../lib/gcc/arm-none-eabi/4.9.3/armv6-m\libgcc.a(subsf3.o)
                0x10003370                __aeabi_fsub
 .text          0x1000366c       0x40 c:/users/jutta.schuerba/desktop/dave-ide-4.4.2-64bit/eclipse/arm-gcc-49/bin/../lib/gcc/arm-none-eabi/4.9.3/armv6-m\libgcc.a(fixsfsi.o)
                0x1000366c                __aeabi_f2iz
 .text          0x100036ac       0x90 c:/users/jutta.schuerba/desktop/dave-ide-4.4.2-64bit/eclipse/arm-gcc-49/bin/../lib/gcc/arm-none-eabi/4.9.3/armv6-m\libgcc.a(floatunsisf.o)
                0x100036ac                __aeabi_ui2f
 .text          0x1000373c      0x648 c:/users/jutta.schuerba/desktop/dave-ide-4.4.2-64bit/eclipse/arm-gcc-49/bin/../lib/gcc/arm-none-eabi/4.9.3/armv6-m\libgcc.a(divdf3.o)
                0x1000373c                __aeabi_ddiv
 .text          0x10003d84      0x534 c:/users/jutta.schuerba/desktop/dave-ide-4.4.2-64bit/eclipse/arm-gcc-49/bin/../lib/gcc/arm-none-eabi/4.9.3/armv6-m\libgcc.a(muldf3.o)
                0x10003d84                __aeabi_dmul
 .text          0x100042b8       0x78 c:/users/jutta.schuerba/desktop/dave-ide-4.4.2-64bit/eclipse/arm-gcc-49/bin/../lib/gcc/arm-none-eabi/4.9.3/armv6-m\libgcc.a(floatsidf.o)
                0x100042b8                __aeabi_i2d
 .text          0x10004330       0xa8 c:/users/jutta.schuerba/desktop/dave-ide-4.4.2-64bit/eclipse/arm-gcc-49/bin/../lib/gcc/arm-none-eabi/4.9.3/armv6-m\libgcc.a(extendsfdf2.o)
                0x10004330                __aeabi_f2d
 .text          0x100043d8      0x120 c:/users/jutta.schuerba/desktop/dave-ide-4.4.2-64bit/eclipse/arm-gcc-49/bin/../lib/gcc/arm-none-eabi/4.9.3/armv6-m\libgcc.a(truncdfsf2.o)
                0x100043d8                __aeabi_d2f
 .text          0x100044f8       0x3c c:/users/jutta.schuerba/desktop/dave-ide-4.4.2-64bit/eclipse/arm-gcc-49/bin/../lib/gcc/arm-none-eabi/4.9.3/armv6-m\libgcc.a(_clzsi2.o)
                0x100044f8                __clzsi2
 .text.__libc_init_array
                0x10004534       0x4c c:/users/jutta.schuerba/desktop/dave-ide-4.4.2-64bit/eclipse/arm-gcc-49/bin/../lib/gcc/arm-none-eabi/4.9.3/../../../../arm-none-eabi/lib/armv6-m\libg_nano.a(lib_a-init.o)
                0x10004534                __libc_init_array
 *(.init)
 *(.fini)
 *crtbegin.o(.ctors)
 *crtbegin?.o(.ctors)
 *(EXCLUDE_FILE(*crtend.o *crtend?.o) .ctors)
 *(SORT(.ctors.*))
 *(.ctors)
 *crtbegin.o(.dtors)
 *crtbegin?.o(.dtors)
 *(EXCLUDE_FILE(*crtend.o *crtend?.o) .dtors)
 *(SORT(.dtors.*))
 *(.dtors)
 *(.rodata .rodata.*)
 .rodata.CSWTCH.36
                0x10004580       0x28 ./Libraries/XMCLib/src/xmc_ccu4.o
 .rodata.CSWTCH.35
                0x100045a8       0x28 ./Libraries/XMCLib/src/xmc_ccu4.o
 .rodata.COM_channel_config
                0x100045d0        0xc ./Dave/Generated/UART/uart_conf.o
                0x100045d0                COM_channel_config
 .rodata.COM_config
                0x100045dc       0x28 ./Dave/Generated/UART/uart_conf.o
                0x100045dc                COM_config
 .rodata.COM_tx_pin_config
                0x10004604        0x8 ./Dave/Generated/UART/uart_conf.o
                0x10004604                COM_tx_pin_config
 .rodata.COM_tx_pin
                0x1000460c        0xc ./Dave/Generated/UART/uart_conf.o
                0x1000460c                COM_tx_pin
 .rodata.COM_rx_pin_config
                0x10004618        0x8 ./Dave/Generated/UART/uart_conf.o
                0x10004618                COM_rx_pin_config
 .rodata.PULSE_250US_event2_config
                0x10004620        0x4 ./Dave/Generated/PWM_CCU4/pwm_ccu4_conf.o
                0x10004620                PULSE_250US_event2_config
 .rodata.PULSE_250US_event0_config
                0x10004624        0x4 ./Dave/Generated/PWM_CCU4/pwm_ccu4_conf.o
                0x10004624                PULSE_250US_event0_config
 .rodata.PULSE_5MS_config_handle
                0x10004628       0x50 ./Dave/Generated/PWM_CCU4/pwm_ccu4_conf.o
                0x10004628                PULSE_5MS_config_handle
 .rodata.PULSE_250US_event1_config
                0x10004678        0x4 ./Dave/Generated/PWM_CCU4/pwm_ccu4_conf.o
                0x10004678                PULSE_250US_event1_config
 .rodata.PULSE_250US_config_handle
                0x1000467c       0x50 ./Dave/Generated/PWM_CCU4/pwm_ccu4_conf.o
                0x1000467c                PULSE_250US_config_handle
 .rodata.PULSE_5MS_event1_config
                0x100046cc        0x4 ./Dave/Generated/PWM_CCU4/pwm_ccu4_conf.o
                0x100046cc                PULSE_5MS_event1_config
 .rodata.PULSE_5MS_event0_config
                0x100046d0        0x4 ./Dave/Generated/PWM_CCU4/pwm_ccu4_conf.o
                0x100046d0                PULSE_5MS_event0_config
 .rodata.PULSE_5MS_event2_config
                0x100046d4        0x4 ./Dave/Generated/PWM_CCU4/pwm_ccu4_conf.o
                0x100046d4                PULSE_5MS_event2_config
 .rodata.PULSE_250US_timer_handle
                0x100046d8        0x8 ./Dave/Generated/PWM_CCU4/pwm_ccu4_conf.o
                0x100046d8                PULSE_250US_timer_handle
 .rodata.PULSE_5MS_timer_handle
                0x100046e0        0x8 ./Dave/Generated/PWM_CCU4/pwm_ccu4_conf.o
                0x100046e0                PULSE_5MS_timer_handle
 .rodata.ACOMP_1MS
                0x100046e8        0x4 ./Dave/Generated/INTERRUPT/interrupt_conf.o
                0x100046e8                ACOMP_1MS
 .rodata.TASK_20MS
                0x100046ec        0x4 ./Dave/Generated/INTERRUPT/interrupt_conf.o
                0x100046ec                TASK_20MS
 .rodata.group_init_handle0
                0x100046f0       0x14 ./Dave/Generated/GLOBAL_ADC/global_adc_conf.o
                0x100046f0                group_init_handle0
 .rodata.group_init_handle1
                0x10004704       0x14 ./Dave/Generated/GLOBAL_ADC/global_adc_conf.o
                0x10004704                group_init_handle1
 .rodata.global_config
                0x10004718       0x18 ./Dave/Generated/GLOBAL_ADC/global_adc_conf.o
                0x10004718                global_config
 .rodata.DOWN_LED
                0x10004730       0x10 ./Dave/Generated/DIGITAL_IO/digital_io_conf.o
                0x10004730                DOWN_LED
 .rodata.G_LED  0x10004740       0x10 ./Dave/Generated/DIGITAL_IO/digital_io_conf.o
                0x10004740                G_LED
 .rodata.CLAMP  0x10004750       0x10 ./Dave/Generated/DIGITAL_IO/digital_io_conf.o
                0x10004750                CLAMP
 .rodata.UP_LED
                0x10004760       0x10 ./Dave/Generated/DIGITAL_IO/digital_io_conf.o
                0x10004760                UP_LED
 .rodata.R_LED  0x10004770       0x10 ./Dave/Generated/DIGITAL_IO/digital_io_conf.o
                0x10004770                R_LED
 .rodata.JMP1   0x10004780       0x10 ./Dave/Generated/DIGITAL_IO/digital_io_conf.o
                0x10004780                JMP1
 .rodata.JMP2   0x10004790       0x10 ./Dave/Generated/DIGITAL_IO/digital_io_conf.o
                0x10004790                JMP2
 .rodata.JMP3   0x100047a0       0x10 ./Dave/Generated/DIGITAL_IO/digital_io_conf.o
                0x100047a0                JMP3
 .rodata.JMP4   0x100047b0       0x10 ./Dave/Generated/DIGITAL_IO/digital_io_conf.o
                0x100047b0                JMP4
 .rodata        0x100047c0        0xc ./Dave/Generated/CLOCK_XMC1/clock_xmc1_conf.o
 .rodata.group_ptrs
                0x100047cc        0x8 ./Dave/Generated/ADC_MEASUREMENT_ADV/adc_measurement_adv.o
                0x100047cc                group_ptrs
 .rodata.VOLT_CURR_TEMP_Temperature_queue_entry_2
                0x100047d4        0x4 ./Dave/Generated/ADC_MEASUREMENT_ADV/adc_measurement_adv_conf.o
 .rodata.ACOMP_VRef_queue_entry_1
                0x100047d8        0x4 ./Dave/Generated/ADC_MEASUREMENT_ADV/adc_measurement_adv_conf.o
 .rodata.VOLT_CURR_TEMP_Current_handle
                0x100047dc        0xc ./Dave/Generated/ADC_MEASUREMENT_ADV/adc_measurement_adv_conf.o
                0x100047dc                VOLT_CURR_TEMP_Current_handle
 .rodata.VOLT_CURR_TEMP_Temperature_ch_config
                0x100047e8       0x10 ./Dave/Generated/ADC_MEASUREMENT_ADV/adc_measurement_adv_conf.o
 .rodata.VOLT_CURR_TEMP_Voltage_queue_entry_0
                0x100047f8        0x4 ./Dave/Generated/ADC_MEASUREMENT_ADV/adc_measurement_adv_conf.o
 .rodata.ACOMP_VRef_res_config
                0x100047fc        0x4 ./Dave/Generated/ADC_MEASUREMENT_ADV/adc_measurement_adv_conf.o
 .rodata.VOLT_CURR_TEMP_queue_config
                0x10004800        0xc ./Dave/Generated/ADC_MEASUREMENT_ADV/adc_measurement_adv_conf.o
 .rodata.VOLT_CURR_TEMP_Temperature_res_config
                0x1000480c        0x4 ./Dave/Generated/ADC_MEASUREMENT_ADV/adc_measurement_adv_conf.o
 .rodata.VOLT_CURR_TEMP_Current_res_config
                0x10004810        0x4 ./Dave/Generated/ADC_MEASUREMENT_ADV/adc_measurement_adv_conf.o
 .rodata.ACOMP_queue_config
                0x10004814        0xc ./Dave/Generated/ADC_MEASUREMENT_ADV/adc_measurement_adv_conf.o
 .rodata.VOLT_CURR_TEMP_queue_handle
                0x10004820       0x18 ./Dave/Generated/ADC_MEASUREMENT_ADV/adc_measurement_adv_conf.o
 .rodata.VOLT_CURR_TEMP_Current_ch_config
                0x10004838       0x10 ./Dave/Generated/ADC_MEASUREMENT_ADV/adc_measurement_adv_conf.o
 .rodata.VOLT_CURR_TEMP_Current_queue_entry_1
                0x10004848        0x4 ./Dave/Generated/ADC_MEASUREMENT_ADV/adc_measurement_adv_conf.o
 .rodata.ACOMP_queue_handle
                0x1000484c       0x18 ./Dave/Generated/ADC_MEASUREMENT_ADV/adc_measurement_adv_conf.o
 .rodata.VOLT_CURR_TEMP_Voltage_handle
                0x10004864        0xc ./Dave/Generated/ADC_MEASUREMENT_ADV/adc_measurement_adv_conf.o
                0x10004864                VOLT_CURR_TEMP_Voltage_handle
 .rodata.VOLT_CURR_TEMP_Voltage_ch_config
                0x10004870       0x10 ./Dave/Generated/ADC_MEASUREMENT_ADV/adc_measurement_adv_conf.o
 .rodata.ACOMP_VRef_handle
                0x10004880        0xc ./Dave/Generated/ADC_MEASUREMENT_ADV/adc_measurement_adv_conf.o
                0x10004880                ACOMP_VRef_handle
 .rodata.VOLT_CURR_TEMP_Temperature_handle
                0x1000488c        0xc ./Dave/Generated/ADC_MEASUREMENT_ADV/adc_measurement_adv_conf.o
                0x1000488c                VOLT_CURR_TEMP_Temperature_handle
 .rodata.ACOMP_ACOMP_res_config
                0x10004898        0x4 ./Dave/Generated/ADC_MEASUREMENT_ADV/adc_measurement_adv_conf.o
 .rodata.VOLT_CURR_TEMP
                0x1000489c       0x1c ./Dave/Generated/ADC_MEASUREMENT_ADV/adc_measurement_adv_conf.o
                0x1000489c                VOLT_CURR_TEMP
 .rodata.ACOMP_ACOMP_ch_config
                0x100048b8       0x10 ./Dave/Generated/ADC_MEASUREMENT_ADV/adc_measurement_adv_conf.o
 .rodata.ACOMP_VRef_ch_config
                0x100048c8       0x10 ./Dave/Generated/ADC_MEASUREMENT_ADV/adc_measurement_adv_conf.o
 .rodata.ACOMP  0x100048d8       0x1c ./Dave/Generated/ADC_MEASUREMENT_ADV/adc_measurement_adv_conf.o
                0x100048d8                ACOMP
 .rodata.VOLT_CURR_TEMP_Voltage_res_config
                0x100048f4        0x4 ./Dave/Generated/ADC_MEASUREMENT_ADV/adc_measurement_adv_conf.o
 .rodata.ACOMP_ACOMP_handle
                0x100048f8        0xc ./Dave/Generated/ADC_MEASUREMENT_ADV/adc_measurement_adv_conf.o
                0x100048f8                ACOMP_ACOMP_handle
 .rodata.ACOMP_ACOMP_queue_entry_0
                0x10004904        0x4 ./Dave/Generated/ADC_MEASUREMENT_ADV/adc_measurement_adv_conf.o
 .rodata.str1.4
                0x10004908        0x8 ./main.o
 .rodata        0x10004910       0x80 c:/users/jutta.schuerba/desktop/dave-ide-4.4.2-64bit/eclipse/arm-gcc-49/bin/../lib/gcc/arm-none-eabi/4.9.3/armv6-m\libgcc.a(divsf3.o)
 .rodata        0x10004990       0x40 c:/users/jutta.schuerba/desktop/dave-ide-4.4.2-64bit/eclipse/arm-gcc-49/bin/../lib/gcc/arm-none-eabi/4.9.3/armv6-m\libgcc.a(mulsf3.o)
 .rodata        0x100049d0       0x40 c:/users/jutta.schuerba/desktop/dave-ide-4.4.2-64bit/eclipse/arm-gcc-49/bin/../lib/gcc/arm-none-eabi/4.9.3/armv6-m\libgcc.a(divdf3.o)
 .rodata        0x10004a10       0x40 c:/users/jutta.schuerba/desktop/dave-ide-4.4.2-64bit/eclipse/arm-gcc-49/bin/../lib/gcc/arm-none-eabi/4.9.3/armv6-m\libgcc.a(muldf3.o)
 *(.gnu.linkonce.r*)
 *(vtable)
                0x10004a50                . = ALIGN (0x4)

.glue_7         0x10004a50        0x0
 .glue_7        0x00000000        0x0 linker stubs

.glue_7t        0x10004a50        0x0
 .glue_7t       0x00000000        0x0 linker stubs

.vfp11_veneer   0x10004a50        0x0
 .vfp11_veneer  0x00000000        0x0 linker stubs

.v4_bx          0x10004a50        0x0
 .v4_bx         0x00000000        0x0 linker stubs

.iplt           0x10004a50        0x0
 .iplt          0x00000000        0x0 ./Startup/startup_XMC1300.o

.eh_frame_hdr
 *(.eh_frame_hdr)

.eh_frame
 *(.eh_frame)

.ARM.extab
 *(.ARM.extab* .gnu.linkonce.armextab.*)
                0x10004a50                . = ALIGN (0x4)
                0x10004a50                __exidx_start = .

.ARM.exidx
 *(.ARM.exidx* .gnu.linkonce.armexidx.*)
                0x10004a50                __exidx_end = .
                0x10004a50                . = ALIGN (0x4)

.VENEER_Code    0x2000000c      0x138 load address 0x10004a50
                0x2000000c                . = ALIGN (0x4)
                0x2000000c                VeneerStart = .
 *(.XmcVeneerCode)
 .XmcVeneerCode
                0x2000000c      0x138 ./Startup/startup_XMC1300.o
                0x2000000c                HardFault_Veneer
                0x2000002c                SVC_Veneer
                0x20000038                PendSV_Veneer
                0x2000003c                SysTick_Veneer
                0x20000040                SCU_0_Veneer
                0x20000044                SCU_1_Veneer
                0x20000048                SCU_2_Veneer
                0x2000004c                SCU_3_Veneer
                0x20000050                SCU_4_Veneer
                0x20000054                SCU_5_Veneer
                0x20000058                SCU_6_Veneer
                0x2000005c                MATH_Veneer
                0x20000064                USIC0_0_Veneer
                0x20000068                USIC0_1_Veneer
                0x2000006c                USIC0_2_Veneer
                0x20000070                USIC0_3_Veneer
                0x20000074                USIC0_4_Veneer
                0x20000078                USIC0_5_Veneer
                0x2000007c                VADC0_C0_0_Veneer
                0x20000080                VADC0_C0_1_Veneer
                0x20000084                VADC0_G0_0_Veneer
                0x20000088                VADC0_G0_1_Veneer
                0x2000008c                VADC0_G1_0_Veneer
                0x20000090                VADC0_G1_1_Veneer
                0x20000094                CCU40_0_Veneer
                0x20000098                CCU40_1_Veneer
                0x2000009c                CCU40_2_Veneer
                0x200000a0                CCU40_3_Veneer
                0x200000a4                CCU80_0_Veneer
                0x200000a8                CCU80_1_Veneer
                0x200000ac                POSIF0_0_Veneer
                0x200000b0                POSIF0_1_Veneer
                0x200000bc                BCCU0_0_Veneer
                0x20000144                . = ALIGN (0x4)
                0x20000144                VeneerEnd = .
                0x10004a50                eROData = LOADADDR (.VENEER_Code)
                0x00000138                VeneerSize = (ABSOLUTE (VeneerEnd) - ABSOLUTE (VeneerStart))

.rel.dyn        0x20000144        0x0 load address 0x10004b88
 .rel.iplt      0x00000000        0x0 ./Startup/startup_XMC1300.o

Stack           0x20000144      0x404 load address 0x00000000
                0x20000148                . = ALIGN (0x8)
 *fill*         0x20000144        0x4 
                0x20000548                . = (. + stack_size)
 *fill*         0x20000148      0x400 
                0x20000548                __initial_sp = .

.data           0x20000548       0xd8 load address 0x10004b88
                0x20000548                . = ALIGN (0x4)
                0x20000548                __data_start = .
 *(.data)
 *(.data*)
 .data.COM      0x20000548        0xc ./Dave/Generated/UART/uart_conf.o
                0x20000548                COM
 .data.PULSE_5MS
                0x20000554       0x28 ./Dave/Generated/PWM_CCU4/pwm_ccu4_conf.o
                0x20000554                PULSE_5MS
 .data.PULSE_250US
                0x2000057c       0x28 ./Dave/Generated/PWM_CCU4/pwm_ccu4_conf.o
                0x2000057c                PULSE_250US
 .data.GLOBAL_CCU4_0
                0x200005a4       0x10 ./Dave/Generated/GLOBAL_CCU4/global_ccu4_conf.o
                0x200005a4                GLOBAL_CCU4_0
 .data.group_0_config
                0x200005b4        0xc ./Dave/Generated/GLOBAL_ADC/global_adc_conf.o
                0x200005b4                group_0_config
 .data.GLOBAL_ADC_0
                0x200005c0       0x1c ./Dave/Generated/GLOBAL_ADC/global_adc_conf.o
                0x200005c0                GLOBAL_ADC_0
 .data.group_1_config
                0x200005dc        0xc ./Dave/Generated/GLOBAL_ADC/global_adc_conf.o
                0x200005dc                group_1_config
 .data.VOLT_CURR_TEMP_initialization_status
                0x200005e8        0x1 ./Dave/Generated/ADC_MEASUREMENT_ADV/adc_measurement_adv_conf.o
 .data.ACOMP_initialization_status
                0x200005e9        0x1 ./Dave/Generated/ADC_MEASUREMENT_ADV/adc_measurement_adv_conf.o
 *fill*         0x200005ea        0x2 
 .data.ACOMP_channel_array
                0x200005ec        0x8 ./Dave/Generated/ADC_MEASUREMENT_ADV/adc_measurement_adv_conf.o
 .data.ACOMP_queue_entries
                0x200005f4        0x8 ./Dave/Generated/ADC_MEASUREMENT_ADV/adc_measurement_adv_conf.o
 .data.VOLT_CURR_TEMP_channel_array
                0x200005fc        0xc ./Dave/Generated/ADC_MEASUREMENT_ADV/adc_measurement_adv_conf.o
 .data.VOLT_CURR_TEMP_queue_entries
                0x20000608        0xc ./Dave/Generated/ADC_MEASUREMENT_ADV/adc_measurement_adv_conf.o
 .data.g_ADC_vref_average
                0x20000614        0x4 ./main.o
 .data.g_clamp  0x20000618        0x1 ./main.o
                0x20000618                g_clamp
 *fill*         0x20000619        0x3 
 .data.g_voltage_out_max
                0x2000061c        0x4 ./main.o
 *(*.data)
 *(.gnu.linkonce.d*)
                0x20000620                . = ALIGN (0x4)
                0x20000620                PROVIDE (__preinit_array_start, .)
 *(.preinit_array)
                0x20000620                PROVIDE (__preinit_array_end, .)
                0x20000620                . = ALIGN (0x4)
                0x20000620                PROVIDE (__init_array_start, .)
 *(SORT(.init_array.*))
 *(.init_array)
                0x20000620                PROVIDE (__init_array_end, .)
                0x20000620                . = ALIGN (0x4)
                0x20000620                PROVIDE (__fini_array_start, .)
 *(SORT(.fini_array.*))
 *(.fini_array)
                0x20000620                PROVIDE (__fini_array_end, .)
                0x20000620                . = ALIGN (0x4)
                0x20000620                __data_end = .
                0x10004b88                DataLoadAddr = LOADADDR (.data)
                0x000000d8                __data_size = (__data_end - __data_start)

.igot.plt       0x20000620        0x0 load address 0x10004c60
 .igot.plt      0x00000000        0x0 ./Startup/startup_XMC1300.o

.ram_code       0x20000620        0x0 load address 0x10004c60
                0x20000620                . = ALIGN (0x4)
                0x20000620                __ram_code_start = .
 *(.ram_code)
                0x20000620                . = ALIGN (0x4)
                0x20000620                __ram_code_end = .
                0x10004c60                __ram_code_load = LOADADDR (.ram_code)
                0x00000000                __ram_code_size = (__ram_code_end - __ram_code_start)
                0x00003c60                __text_size = ((((__exidx_end - sText) + VeneerSize) + __data_size) + __ram_code_size)
                0x10004c60                eText = (sText + __text_size)

.bss            0x20000620       0x88 load address 0x10004c60
                0x20000620                . = ALIGN (0x4)
                0x20000620                __bss_start = .
 *(.bss)
 *(.bss*)
 .bss.IDIV.4933
                0x20000620        0x4 ./Startup/system_XMC1300.o
 .bss.FDIV.4934
                0x20000624        0x4 ./Startup/system_XMC1300.o
 .bss.COM_runtime
                0x20000628       0x1c ./Dave/Generated/UART/uart_conf.o
                0x20000628                COM_runtime
 .bss.CLOCK_XMC1_0
                0x20000644        0x4 ./Dave/Generated/CLOCK_XMC1/clock_xmc1_conf.o
                0x20000644                CLOCK_XMC1_0
 .bss.g_P_out   0x20000648        0x4 ./main.o
 .bss.g_voltage
                0x2000064c        0x4 ./main.o
 .bss.g_voltage_average
                0x20000650        0x4 ./main.o
 .bss.ADC_current.8447
                0x20000654        0x2 ./main.o
 *fill*         0x20000656        0x2 
 .bss.g_overvoltage_detected
                0x20000658        0x4 ./main.o
 .bss.ADC_voltage.8446
                0x2000065c        0x2 ./main.o
 *fill*         0x2000065e        0x2 
 .bss.g_overtemperature_detected
                0x20000660        0x4 ./main.o
 .bss.g_ADC_acomp
                0x20000664        0x4 ./main.o
 .bss.g_temperature_average
                0x20000668        0x4 ./main.o
 .bss.g_current
                0x2000066c        0x4 ./main.o
 .bss.g_ADC_vref
                0x20000670        0x4 ./main.o
 .bss.g_current_average
                0x20000674        0x4 ./main.o
 .bss.ADC_temperature.8448
                0x20000678        0x2 ./main.o
 *fill*         0x2000067a        0x2 
 .bss.g_critical_detected
                0x2000067c        0x4 ./main.o
 .bss.g_acomp_mV_average
                0x20000680        0x4 ./main.o
 .bss.g_acomp_mV
                0x20000684        0x4 ./main.o
 .bss.g_overcurrent_detected
                0x20000688        0x4 ./main.o
 .bss.counter_20ms
                0x2000068c        0x4 ./main.o
 .bss.g_ADC_voltage
                0x20000690        0x4 ./main.o
 .bss.startup_blank.8453
                0x20000694        0x1 ./main.o
 *fill*         0x20000695        0x3 
 .bss.g_ADC_temperature
                0x20000698        0x4 ./main.o
 .bss.g_temperature
                0x2000069c        0x4 ./main.o
 .bss.g_ADC_current
                0x200006a0        0x4 ./main.o
 *(COMMON)
 COMMON         0x200006a4        0x4 ./main.o
                0x200006a4                led_b
                0x200006a5                led_down
                0x200006a6                led_r
                0x200006a7                led_up
 *(.gnu.linkonce.b*)
                0x200006a8                . = ALIGN (0x4)
                0x200006a8                __bss_end = .
                0x200006a8                . = ALIGN (0x8)
                0x200006a8                Heap_Bank1_Start = .
                0x00000088                __bss_size = (__bss_end - __bss_start)

.no_init        0x20003ffc        0x4 load address 0x00003eb8
                0x20003ffc                Heap_Bank1_End = .
 *(.no_init)
 .no_init       0x20003ffc        0x4 ./Startup/system_XMC1300.o
                0x20003ffc                SystemCoreClock
                0x00003954                Heap_Bank1_Size = (Heap_Bank1_End - Heap_Bank1_Start)
                0x00000001                ASSERT ((Heap_Bank1_Start <= Heap_Bank1_End), region SRAM overflowed no_init section)

/DISCARD/
 *(.comment)

.stab
 *(.stab)

.stabstr
 *(.stabstr)

.debug
 *(.debug)

.line
 *(.line)

.debug_srcinfo
 *(.debug_srcinfo)

.debug_sfnames
 *(.debug_sfnames)

.debug_aranges  0x00000000      0xae0
 *(.debug_aranges)
 .debug_aranges
                0x00000000       0x28 ./Startup/startup_XMC1300.o
 .debug_aranges
                0x00000028       0x38 ./Startup/system_XMC1300.o
 .debug_aranges
                0x00000060       0x28 ./Libraries/XMCLib/src/xmc1_gpio.o
 .debug_aranges
                0x00000088      0x110 ./Libraries/XMCLib/src/xmc1_scu.o
 .debug_aranges
                0x00000198      0x108 ./Libraries/XMCLib/src/xmc_ccu4.o
 .debug_aranges
                0x000002a0       0x28 ./Libraries/XMCLib/src/xmc_gpio.o
 .debug_aranges
                0x000002c8       0xf0 ./Libraries/XMCLib/src/xmc_math.o
 .debug_aranges
                0x000003b8       0x50 ./Libraries/XMCLib/src/xmc_uart.o
 .debug_aranges
                0x00000408       0x80 ./Libraries/XMCLib/src/xmc_usic.o
 .debug_aranges
                0x00000488      0x298 ./Libraries/XMCLib/src/xmc_vadc.o
 .debug_aranges
                0x00000720       0x28 ./Libraries/Newlib/syscalls.o
 .debug_aranges
                0x00000748       0x40 ./Dave/Generated/UART/uart.o
 .debug_aranges
                0x00000788       0x20 ./Dave/Generated/UART/uart_conf.o
 .debug_aranges
                0x000007a8       0x80 ./Dave/Generated/PWM_CCU4/pwm_ccu4.o
 .debug_aranges
                0x00000828       0x18 ./Dave/Generated/PWM_CCU4/pwm_ccu4_conf.o
 .debug_aranges
                0x00000840       0x28 ./Dave/Generated/INTERRUPT/interrupt.o
 .debug_aranges
                0x00000868       0x18 ./Dave/Generated/INTERRUPT/interrupt_conf.o
 .debug_aranges
                0x00000880       0x28 ./Dave/Generated/GLOBAL_CCU4/global_ccu4.o
 .debug_aranges
                0x000008a8       0x18 ./Dave/Generated/GLOBAL_CCU4/global_ccu4_conf.o
 .debug_aranges
                0x000008c0       0x28 ./Dave/Generated/GLOBAL_ADC/global_adc.o
 .debug_aranges
                0x000008e8       0x18 ./Dave/Generated/GLOBAL_ADC/global_adc_conf.o
 .debug_aranges
                0x00000900       0x28 ./Dave/Generated/DIGITAL_IO/digital_io.o
 .debug_aranges
                0x00000928       0x18 ./Dave/Generated/DIGITAL_IO/digital_io_conf.o
 .debug_aranges
                0x00000940       0x20 ./Dave/Generated/CPU_CTRL_XMC1/cpu_ctrl_xmc1_conf.o
 .debug_aranges
                0x00000960       0x30 ./Dave/Generated/CLOCK_XMC1/clock_xmc1.o
 .debug_aranges
                0x00000990       0x20 ./Dave/Generated/CLOCK_XMC1/clock_xmc1_conf.o
 .debug_aranges
                0x000009b0       0xa8 ./Dave/Generated/ADC_MEASUREMENT_ADV/adc_measurement_adv.o
 .debug_aranges
                0x00000a58       0x28 ./Dave/Generated/ADC_MEASUREMENT_ADV/adc_measurement_adv_conf.o
 .debug_aranges
                0x00000a80       0x20 ./Dave/Generated/DAVE.o
 .debug_aranges
                0x00000aa0       0x40 ./main.o

.debug_pubnames
 *(.debug_pubnames)

.debug_pubtypes
 *(.debug_pubtypes)

.debug_info     0x00000000    0x1ac52
 *(.debug_info .gnu.linkonce.wi.*)
 .debug_info    0x00000000       0x8b ./Startup/startup_XMC1300.o
 .debug_info    0x0000008b      0x3af ./Startup/system_XMC1300.o
 .debug_info    0x0000043a      0x416 ./Libraries/XMCLib/src/xmc1_gpio.o
 .debug_info    0x00000850      0xf9a ./Libraries/XMCLib/src/xmc1_scu.o
 .debug_info    0x000017ea     0x1589 ./Libraries/XMCLib/src/xmc_ccu4.o
 .debug_info    0x00002d73      0x3a7 ./Libraries/XMCLib/src/xmc_gpio.o
 .debug_info    0x0000311a      0x98f ./Libraries/XMCLib/src/xmc_math.o
 .debug_info    0x00003aa9      0x956 ./Libraries/XMCLib/src/xmc_uart.o
 .debug_info    0x000043ff      0xb62 ./Libraries/XMCLib/src/xmc_usic.o
 .debug_info    0x00004f61     0x3b9f ./Libraries/XMCLib/src/xmc_vadc.o
 .debug_info    0x00008b00      0x13d ./Libraries/Newlib/syscalls.o
 .debug_info    0x00008c3d     0x130d ./Dave/Generated/UART/uart.o
 .debug_info    0x00009f4a      0xeaf ./Dave/Generated/UART/uart_conf.o
 .debug_info    0x0000adf9     0x1e59 ./Dave/Generated/PWM_CCU4/pwm_ccu4.o
 .debug_info    0x0000cc52     0x1038 ./Dave/Generated/PWM_CCU4/pwm_ccu4_conf.o
 .debug_info    0x0000dc8a      0x54d ./Dave/Generated/INTERRUPT/interrupt.o
 .debug_info    0x0000e1d7      0x1ef ./Dave/Generated/INTERRUPT/interrupt_conf.o
 .debug_info    0x0000e3c6      0x37e ./Dave/Generated/GLOBAL_CCU4/global_ccu4.o
 .debug_info    0x0000e744      0x246 ./Dave/Generated/GLOBAL_CCU4/global_ccu4_conf.o
 .debug_info    0x0000e98a     0x1486 ./Dave/Generated/GLOBAL_ADC/global_adc.o
 .debug_info    0x0000fe10     0x125f ./Dave/Generated/GLOBAL_ADC/global_adc_conf.o
 .debug_info    0x0001106f      0x531 ./Dave/Generated/DIGITAL_IO/digital_io.o
 .debug_info    0x000115a0      0x490 ./Dave/Generated/DIGITAL_IO/digital_io_conf.o
 .debug_info    0x00011a30       0xd2 ./Dave/Generated/CPU_CTRL_XMC1/cpu_ctrl_xmc1_conf.o
 .debug_info    0x00011b02      0x23c ./Dave/Generated/CLOCK_XMC1/clock_xmc1.o
 .debug_info    0x00011d3e      0x20e ./Dave/Generated/CLOCK_XMC1/clock_xmc1_conf.o
 .debug_info    0x00011f4c     0x2fd3 ./Dave/Generated/ADC_MEASUREMENT_ADV/adc_measurement_adv.o
 .debug_info    0x00014f1f     0x1481 ./Dave/Generated/ADC_MEASUREMENT_ADV/adc_measurement_adv_conf.o
 .debug_info    0x000163a0     0x2822 ./Dave/Generated/DAVE.o
 .debug_info    0x00018bc2     0x2090 ./main.o

.debug_abbrev   0x00000000     0x396b
 *(.debug_abbrev)
 .debug_abbrev  0x00000000       0x12 ./Startup/startup_XMC1300.o
 .debug_abbrev  0x00000012      0x108 ./Startup/system_XMC1300.o
 .debug_abbrev  0x0000011a       0xdf ./Libraries/XMCLib/src/xmc1_gpio.o
 .debug_abbrev  0x000001f9      0x3d2 ./Libraries/XMCLib/src/xmc1_scu.o
 .debug_abbrev  0x000005cb      0x2f3 ./Libraries/XMCLib/src/xmc_ccu4.o
 .debug_abbrev  0x000008be       0xee ./Libraries/XMCLib/src/xmc_gpio.o
 .debug_abbrev  0x000009ac      0x1d6 ./Libraries/XMCLib/src/xmc_math.o
 .debug_abbrev  0x00000b82      0x2a7 ./Libraries/XMCLib/src/xmc_uart.o
 .debug_abbrev  0x00000e29      0x2c3 ./Libraries/XMCLib/src/xmc_usic.o
 .debug_abbrev  0x000010ec      0x3e0 ./Libraries/XMCLib/src/xmc_vadc.o
 .debug_abbrev  0x000014cc       0xea ./Libraries/Newlib/syscalls.o
 .debug_abbrev  0x000015b6      0x317 ./Dave/Generated/UART/uart.o
 .debug_abbrev  0x000018cd      0x240 ./Dave/Generated/UART/uart_conf.o
 .debug_abbrev  0x00001b0d      0x3da ./Dave/Generated/PWM_CCU4/pwm_ccu4.o
 .debug_abbrev  0x00001ee7      0x169 ./Dave/Generated/PWM_CCU4/pwm_ccu4_conf.o
 .debug_abbrev  0x00002050      0x1aa ./Dave/Generated/INTERRUPT/interrupt.o
 .debug_abbrev  0x000021fa       0x7f ./Dave/Generated/INTERRUPT/interrupt_conf.o
 .debug_abbrev  0x00002279      0x176 ./Dave/Generated/GLOBAL_CCU4/global_ccu4.o
 .debug_abbrev  0x000023ef       0xdd ./Dave/Generated/GLOBAL_CCU4/global_ccu4_conf.o
 .debug_abbrev  0x000024cc      0x239 ./Dave/Generated/GLOBAL_ADC/global_adc.o
 .debug_abbrev  0x00002705      0x163 ./Dave/Generated/GLOBAL_ADC/global_adc_conf.o
 .debug_abbrev  0x00002868      0x130 ./Dave/Generated/DIGITAL_IO/digital_io.o
 .debug_abbrev  0x00002998       0xb2 ./Dave/Generated/DIGITAL_IO/digital_io_conf.o
 .debug_abbrev  0x00002a4a       0x80 ./Dave/Generated/CPU_CTRL_XMC1/cpu_ctrl_xmc1_conf.o
 .debug_abbrev  0x00002aca      0x137 ./Dave/Generated/CLOCK_XMC1/clock_xmc1.o
 .debug_abbrev  0x00002c01      0x126 ./Dave/Generated/CLOCK_XMC1/clock_xmc1_conf.o
 .debug_abbrev  0x00002d27      0x434 ./Dave/Generated/ADC_MEASUREMENT_ADV/adc_measurement_adv.o
 .debug_abbrev  0x0000315b      0x211 ./Dave/Generated/ADC_MEASUREMENT_ADV/adc_measurement_adv_conf.o
 .debug_abbrev  0x0000336c      0x21c ./Dave/Generated/DAVE.o
 .debug_abbrev  0x00003588      0x3e3 ./main.o

.debug_line     0x00000000     0x6b2a
 *(.debug_line)
 .debug_line    0x00000000      0x102 ./Startup/startup_XMC1300.o
 .debug_line    0x00000102      0x209 ./Startup/system_XMC1300.o
 .debug_line    0x0000030b      0x1e2 ./Libraries/XMCLib/src/xmc1_gpio.o
 .debug_line    0x000004ed      0x647 ./Libraries/XMCLib/src/xmc1_scu.o
 .debug_line    0x00000b34      0x5d6 ./Libraries/XMCLib/src/xmc_ccu4.o
 .debug_line    0x0000110a      0x1cf ./Libraries/XMCLib/src/xmc_gpio.o
 .debug_line    0x000012d9      0x500 ./Libraries/XMCLib/src/xmc_math.o
 .debug_line    0x000017d9      0x334 ./Libraries/XMCLib/src/xmc_uart.o
 .debug_line    0x00001b0d      0x3ed ./Libraries/XMCLib/src/xmc_usic.o
 .debug_line    0x00001efa      0xd82 ./Libraries/XMCLib/src/xmc_vadc.o
 .debug_line    0x00002c7c       0xe7 ./Libraries/Newlib/syscalls.o
 .debug_line    0x00002d63      0x413 ./Dave/Generated/UART/uart.o
 .debug_line    0x00003176      0x2ae ./Dave/Generated/UART/uart_conf.o
 .debug_line    0x00003424      0x6b3 ./Dave/Generated/PWM_CCU4/pwm_ccu4.o
 .debug_line    0x00003ad7      0x2b7 ./Dave/Generated/PWM_CCU4/pwm_ccu4_conf.o
 .debug_line    0x00003d8e      0x2d7 ./Dave/Generated/INTERRUPT/interrupt.o
 .debug_line    0x00004065      0x1c1 ./Dave/Generated/INTERRUPT/interrupt_conf.o
 .debug_line    0x00004226      0x2ef ./Dave/Generated/GLOBAL_CCU4/global_ccu4.o
 .debug_line    0x00004515      0x250 ./Dave/Generated/GLOBAL_CCU4/global_ccu4_conf.o
 .debug_line    0x00004765      0x325 ./Dave/Generated/GLOBAL_ADC/global_adc.o
 .debug_line    0x00004a8a      0x23f ./Dave/Generated/GLOBAL_ADC/global_adc_conf.o
 .debug_line    0x00004cc9      0x241 ./Dave/Generated/DIGITAL_IO/digital_io.o
 .debug_line    0x00004f0a      0x1b9 ./Dave/Generated/DIGITAL_IO/digital_io_conf.o
 .debug_line    0x000050c3       0x78 ./Dave/Generated/CPU_CTRL_XMC1/cpu_ctrl_xmc1_conf.o
 .debug_line    0x0000513b      0x2cf ./Dave/Generated/CLOCK_XMC1/clock_xmc1.o
 .debug_line    0x0000540a      0x254 ./Dave/Generated/CLOCK_XMC1/clock_xmc1_conf.o
 .debug_line    0x0000565e      0x705 ./Dave/Generated/ADC_MEASUREMENT_ADV/adc_measurement_adv.o
 .debug_line    0x00005d63      0x27e ./Dave/Generated/ADC_MEASUREMENT_ADV/adc_measurement_adv_conf.o
 .debug_line    0x00005fe1      0x476 ./Dave/Generated/DAVE.o
 .debug_line    0x00006457      0x6d3 ./main.o

.debug_frame    0x00000000     0x1c7c
 *(.debug_frame)
 .debug_frame   0x00000000       0x74 ./Startup/system_XMC1300.o
 .debug_frame   0x00000074       0x54 ./Libraries/XMCLib/src/xmc1_gpio.o
 .debug_frame   0x000000c8      0x298 ./Libraries/XMCLib/src/xmc1_scu.o
 .debug_frame   0x00000360      0x2a4 ./Libraries/XMCLib/src/xmc_ccu4.o
 .debug_frame   0x00000604       0x48 ./Libraries/XMCLib/src/xmc_gpio.o
 .debug_frame   0x0000064c      0x1d8 ./Libraries/XMCLib/src/xmc_math.o
 .debug_frame   0x00000824       0xa0 ./Libraries/XMCLib/src/xmc_uart.o
 .debug_frame   0x000008c4      0x190 ./Libraries/XMCLib/src/xmc_usic.o
 .debug_frame   0x00000a54      0x7c0 ./Libraries/XMCLib/src/xmc_vadc.o
 .debug_frame   0x00001214       0x3c ./Libraries/Newlib/syscalls.o
 .debug_frame   0x00001250       0xc8 ./Dave/Generated/UART/uart.o
 .debug_frame   0x00001318       0x30 ./Dave/Generated/UART/uart_conf.o
 .debug_frame   0x00001348      0x150 ./Dave/Generated/PWM_CCU4/pwm_ccu4.o
 .debug_frame   0x00001498       0x48 ./Dave/Generated/INTERRUPT/interrupt.o
 .debug_frame   0x000014e0       0x40 ./Dave/Generated/GLOBAL_CCU4/global_ccu4.o
 .debug_frame   0x00001520       0x54 ./Dave/Generated/GLOBAL_ADC/global_adc.o
 .debug_frame   0x00001574       0x40 ./Dave/Generated/DIGITAL_IO/digital_io.o
 .debug_frame   0x000015b4       0x20 ./Dave/Generated/CPU_CTRL_XMC1/cpu_ctrl_xmc1_conf.o
 .debug_frame   0x000015d4       0x50 ./Dave/Generated/CLOCK_XMC1/clock_xmc1.o
 .debug_frame   0x00001624       0x30 ./Dave/Generated/CLOCK_XMC1/clock_xmc1_conf.o
 .debug_frame   0x00001654      0x1e4 ./Dave/Generated/ADC_MEASUREMENT_ADV/adc_measurement_adv.o
 .debug_frame   0x00001838       0x48 ./Dave/Generated/ADC_MEASUREMENT_ADV/adc_measurement_adv_conf.o
 .debug_frame   0x00001880       0x2c ./Dave/Generated/DAVE.o
 .debug_frame   0x000018ac       0xd4 ./main.o
 .debug_frame   0x00001980       0x28 c:/users/jutta.schuerba/desktop/dave-ide-4.4.2-64bit/eclipse/arm-gcc-49/bin/../lib/gcc/arm-none-eabi/4.9.3/armv6-m\libgcc.a(_fixunssfsi.o)
 .debug_frame   0x000019a8       0x30 c:/users/jutta.schuerba/desktop/dave-ide-4.4.2-64bit/eclipse/arm-gcc-49/bin/../lib/gcc/arm-none-eabi/4.9.3/armv6-m\libgcc.a(addsf3.o)
 .debug_frame   0x000019d8       0x3c c:/users/jutta.schuerba/desktop/dave-ide-4.4.2-64bit/eclipse/arm-gcc-49/bin/../lib/gcc/arm-none-eabi/4.9.3/armv6-m\libgcc.a(divsf3.o)
 .debug_frame   0x00001a14       0x2c c:/users/jutta.schuerba/desktop/dave-ide-4.4.2-64bit/eclipse/arm-gcc-49/bin/../lib/gcc/arm-none-eabi/4.9.3/armv6-m\libgcc.a(eqsf2.o)
 .debug_frame   0x00001a40       0x30 c:/users/jutta.schuerba/desktop/dave-ide-4.4.2-64bit/eclipse/arm-gcc-49/bin/../lib/gcc/arm-none-eabi/4.9.3/armv6-m\libgcc.a(gesf2.o)
 .debug_frame   0x00001a70       0x30 c:/users/jutta.schuerba/desktop/dave-ide-4.4.2-64bit/eclipse/arm-gcc-49/bin/../lib/gcc/arm-none-eabi/4.9.3/armv6-m\libgcc.a(lesf2.o)
 .debug_frame   0x00001aa0       0x3c c:/users/jutta.schuerba/desktop/dave-ide-4.4.2-64bit/eclipse/arm-gcc-49/bin/../lib/gcc/arm-none-eabi/4.9.3/armv6-m\libgcc.a(mulsf3.o)
 .debug_frame   0x00001adc       0x30 c:/users/jutta.schuerba/desktop/dave-ide-4.4.2-64bit/eclipse/arm-gcc-49/bin/../lib/gcc/arm-none-eabi/4.9.3/armv6-m\libgcc.a(subsf3.o)
 .debug_frame   0x00001b0c       0x20 c:/users/jutta.schuerba/desktop/dave-ide-4.4.2-64bit/eclipse/arm-gcc-49/bin/../lib/gcc/arm-none-eabi/4.9.3/armv6-m\libgcc.a(fixsfsi.o)
 .debug_frame   0x00001b2c       0x28 c:/users/jutta.schuerba/desktop/dave-ide-4.4.2-64bit/eclipse/arm-gcc-49/bin/../lib/gcc/arm-none-eabi/4.9.3/armv6-m\libgcc.a(floatunsisf.o)
 .debug_frame   0x00001b54       0x3c c:/users/jutta.schuerba/desktop/dave-ide-4.4.2-64bit/eclipse/arm-gcc-49/bin/../lib/gcc/arm-none-eabi/4.9.3/armv6-m\libgcc.a(divdf3.o)
 .debug_frame   0x00001b90       0x3c c:/users/jutta.schuerba/desktop/dave-ide-4.4.2-64bit/eclipse/arm-gcc-49/bin/../lib/gcc/arm-none-eabi/4.9.3/armv6-m\libgcc.a(muldf3.o)
 .debug_frame   0x00001bcc       0x2c c:/users/jutta.schuerba/desktop/dave-ide-4.4.2-64bit/eclipse/arm-gcc-49/bin/../lib/gcc/arm-none-eabi/4.9.3/armv6-m\libgcc.a(floatsidf.o)
 .debug_frame   0x00001bf8       0x2c c:/users/jutta.schuerba/desktop/dave-ide-4.4.2-64bit/eclipse/arm-gcc-49/bin/../lib/gcc/arm-none-eabi/4.9.3/armv6-m\libgcc.a(extendsfdf2.o)
 .debug_frame   0x00001c24       0x2c c:/users/jutta.schuerba/desktop/dave-ide-4.4.2-64bit/eclipse/arm-gcc-49/bin/../lib/gcc/arm-none-eabi/4.9.3/armv6-m\libgcc.a(truncdfsf2.o)
 .debug_frame   0x00001c50       0x2c c:/users/jutta.schuerba/desktop/dave-ide-4.4.2-64bit/eclipse/arm-gcc-49/bin/../lib/gcc/arm-none-eabi/4.9.3/../../../../arm-none-eabi/lib/armv6-m\libg_nano.a(lib_a-init.o)

.debug_str      0x00000000     0xa273
 *(.debug_str)
 .debug_str     0x00000000      0x2b4 ./Startup/system_XMC1300.o
                                0x30e (size before relaxing)
 .debug_str     0x000002b4      0x5d0 ./Libraries/XMCLib/src/xmc1_gpio.o
                                0x7c0 (size before relaxing)
 .debug_str     0x00000884      0x95c ./Libraries/XMCLib/src/xmc1_scu.o
                                0xc55 (size before relaxing)
 .debug_str     0x000011e0     0x14cc ./Libraries/XMCLib/src/xmc_ccu4.o
                               0x1899 (size before relaxing)
 .debug_str     0x000026ac       0xca ./Libraries/XMCLib/src/xmc_gpio.o
                                0x70e (size before relaxing)
 .debug_str     0x00002776      0x6ab ./Libraries/XMCLib/src/xmc_math.o
                                0x8c6 (size before relaxing)
 .debug_str     0x00002e21      0x8b7 ./Libraries/XMCLib/src/xmc_uart.o
                                0xb20 (size before relaxing)
 .debug_str     0x000036d8      0x920 ./Libraries/XMCLib/src/xmc_usic.o
                                0xea6 (size before relaxing)
 .debug_str     0x00003ff8     0x28a2 ./Libraries/XMCLib/src/xmc_vadc.o
                               0x2d21 (size before relaxing)
 .debug_str     0x0000689a       0x77 ./Libraries/Newlib/syscalls.o
                                0x20d (size before relaxing)
 .debug_str     0x00006911      0x7af ./Dave/Generated/UART/uart.o
                               0x18d3 (size before relaxing)
 .debug_str     0x000070c0      0x155 ./Dave/Generated/UART/uart_conf.o
                               0x12ae (size before relaxing)
 .debug_str     0x00007215      0xb21 ./Dave/Generated/PWM_CCU4/pwm_ccu4.o
                               0x2009 (size before relaxing)
 .debug_str     0x00007d36      0x397 ./Dave/Generated/PWM_CCU4/pwm_ccu4_conf.o
                               0x1c64 (size before relaxing)
 .debug_str     0x000080cd      0x30d ./Dave/Generated/INTERRUPT/interrupt.o
                                0x57f (size before relaxing)
 .debug_str     0x000083da       0x41 ./Dave/Generated/INTERRUPT/interrupt_conf.o
                                0x3fc (size before relaxing)
 .debug_str     0x0000841b       0x46 ./Dave/Generated/GLOBAL_CCU4/global_ccu4.o
                                0x4d6 (size before relaxing)
 .debug_str     0x00008461       0x31 ./Dave/Generated/GLOBAL_CCU4/global_ccu4_conf.o
                                0x3dc (size before relaxing)
 .debug_str     0x00008492      0x2f4 ./Dave/Generated/GLOBAL_ADC/global_adc.o
                                0xe0b (size before relaxing)
 .debug_str     0x00008786      0x1d9 ./Dave/Generated/GLOBAL_ADC/global_adc_conf.o
                                0xc92 (size before relaxing)
 .debug_str     0x0000895f       0xdf ./Dave/Generated/DIGITAL_IO/digital_io.o
                                0x924 (size before relaxing)
 .debug_str     0x00008a3e       0x65 ./Dave/Generated/DIGITAL_IO/digital_io_conf.o
                                0x871 (size before relaxing)
 .debug_str     0x00008aa3       0x63 ./Dave/Generated/CPU_CTRL_XMC1/cpu_ctrl_xmc1_conf.o
                                0x215 (size before relaxing)
 .debug_str     0x00008b06      0x144 ./Dave/Generated/CLOCK_XMC1/clock_xmc1.o
                                0x384 (size before relaxing)
 .debug_str     0x00008c4a       0x50 ./Dave/Generated/CLOCK_XMC1/clock_xmc1_conf.o
                                0x3f1 (size before relaxing)
 .debug_str     0x00008c9a      0xd1b ./Dave/Generated/ADC_MEASUREMENT_ADV/adc_measurement_adv.o
                               0x273c (size before relaxing)
 .debug_str     0x000099b5      0x567 ./Dave/Generated/ADC_MEASUREMENT_ADV/adc_measurement_adv_conf.o
                               0x1b1a (size before relaxing)
 .debug_str     0x00009f1c       0x65 ./Dave/Generated/DAVE.o
                               0x2f6d (size before relaxing)
 .debug_str     0x00009f81      0x2f2 ./main.o
                               0x1a44 (size before relaxing)

.debug_loc      0x00000000     0x86ed
 *(.debug_loc)
 .debug_loc     0x00000000       0x60 ./Startup/system_XMC1300.o
 .debug_loc     0x00000060      0x133 ./Libraries/XMCLib/src/xmc1_gpio.o
 .debug_loc     0x00000193      0x7e7 ./Libraries/XMCLib/src/xmc1_scu.o
 .debug_loc     0x0000097a      0xc4d ./Libraries/XMCLib/src/xmc_ccu4.o
 .debug_loc     0x000015c7       0xe5 ./Libraries/XMCLib/src/xmc_gpio.o
 .debug_loc     0x000016ac      0x452 ./Libraries/XMCLib/src/xmc_math.o
 .debug_loc     0x00001afe      0x2e6 ./Libraries/XMCLib/src/xmc_uart.o
 .debug_loc     0x00001de4      0x619 ./Libraries/XMCLib/src/xmc_usic.o
 .debug_loc     0x000023fd     0x31a9 ./Libraries/XMCLib/src/xmc_vadc.o
 .debug_loc     0x000055a6       0x8a ./Libraries/Newlib/syscalls.o
 .debug_loc     0x00005630      0x794 ./Dave/Generated/UART/uart.o
 .debug_loc     0x00005dc4       0x20 ./Dave/Generated/UART/uart_conf.o
 .debug_loc     0x00005de4      0xbc5 ./Dave/Generated/PWM_CCU4/pwm_ccu4.o
 .debug_loc     0x000069a9       0xff ./Dave/Generated/INTERRUPT/interrupt.o
 .debug_loc     0x00006aa8       0x7f ./Dave/Generated/GLOBAL_CCU4/global_ccu4.o
 .debug_loc     0x00006b27      0x178 ./Dave/Generated/GLOBAL_ADC/global_adc.o
 .debug_loc     0x00006c9f       0x6c ./Dave/Generated/DIGITAL_IO/digital_io.o
 .debug_loc     0x00006d0b       0x82 ./Dave/Generated/CLOCK_XMC1/clock_xmc1.o
 .debug_loc     0x00006d8d       0x2c ./Dave/Generated/CLOCK_XMC1/clock_xmc1_conf.o
 .debug_loc     0x00006db9      0xffc ./Dave/Generated/ADC_MEASUREMENT_ADV/adc_measurement_adv.o
 .debug_loc     0x00007db5       0x40 ./Dave/Generated/ADC_MEASUREMENT_ADV/adc_measurement_adv_conf.o
 .debug_loc     0x00007df5       0xef ./Dave/Generated/DAVE.o
 .debug_loc     0x00007ee4      0x809 ./main.o

.debug_macinfo
 *(.debug_macinfo)

.debug_ranges   0x00000000     0x12c8
 *(.debug_ranges)
 .debug_ranges  0x00000000       0x20 ./Startup/startup_XMC1300.o
 .debug_ranges  0x00000020       0x28 ./Startup/system_XMC1300.o
 .debug_ranges  0x00000048       0x18 ./Libraries/XMCLib/src/xmc1_gpio.o
 .debug_ranges  0x00000060      0x1f0 ./Libraries/XMCLib/src/xmc1_scu.o
 .debug_ranges  0x00000250      0x148 ./Libraries/XMCLib/src/xmc_ccu4.o
 .debug_ranges  0x00000398       0x18 ./Libraries/XMCLib/src/xmc_gpio.o
 .debug_ranges  0x000003b0       0xe0 ./Libraries/XMCLib/src/xmc_math.o
 .debug_ranges  0x00000490       0x58 ./Libraries/XMCLib/src/xmc_uart.o
 .debug_ranges  0x000004e8       0xa8 ./Libraries/XMCLib/src/xmc_usic.o
 .debug_ranges  0x00000590      0x458 ./Libraries/XMCLib/src/xmc_vadc.o
 .debug_ranges  0x000009e8       0x18 ./Libraries/Newlib/syscalls.o
 .debug_ranges  0x00000a00       0x98 ./Dave/Generated/UART/uart.o
 .debug_ranges  0x00000a98       0x70 ./Dave/Generated/UART/uart_conf.o
 .debug_ranges  0x00000b08      0x258 ./Dave/Generated/PWM_CCU4/pwm_ccu4.o
 .debug_ranges  0x00000d60       0x30 ./Dave/Generated/INTERRUPT/interrupt.o
 .debug_ranges  0x00000d90       0x30 ./Dave/Generated/GLOBAL_CCU4/global_ccu4.o
 .debug_ranges  0x00000dc0       0x40 ./Dave/Generated/GLOBAL_ADC/global_adc.o
 .debug_ranges  0x00000e00       0x18 ./Dave/Generated/DIGITAL_IO/digital_io.o
 .debug_ranges  0x00000e18       0x10 ./Dave/Generated/CPU_CTRL_XMC1/cpu_ctrl_xmc1_conf.o
 .debug_ranges  0x00000e28       0x20 ./Dave/Generated/CLOCK_XMC1/clock_xmc1.o
 .debug_ranges  0x00000e48       0x10 ./Dave/Generated/CLOCK_XMC1/clock_xmc1_conf.o
 .debug_ranges  0x00000e58      0x1d0 ./Dave/Generated/ADC_MEASUREMENT_ADV/adc_measurement_adv.o
 .debug_ranges  0x00001028       0x18 ./Dave/Generated/ADC_MEASUREMENT_ADV/adc_measurement_adv_conf.o
 .debug_ranges  0x00001040       0x10 ./Dave/Generated/DAVE.o
 .debug_ranges  0x00001050      0x278 ./main.o

.debug_weaknames
 *(.debug_weaknames)

.debug_funcnames
 *(.debug_funcnames)

.debug_typenames
 *(.debug_typenames)

.debug_varnames
 *(.debug_varnames)

.build_attributes
                0x00000000      0x8aa
 *(.ARM.attributes)
 .ARM.attributes
                0x00000000       0x21 ./Startup/startup_XMC1300.o
 .ARM.attributes
                0x00000021       0x31 ./Startup/system_XMC1300.o
 .ARM.attributes
                0x00000052       0x31 ./Libraries/XMCLib/src/xmc1_gpio.o
 .ARM.attributes
                0x00000083       0x31 ./Libraries/XMCLib/src/xmc1_scu.o
 .ARM.attributes
                0x000000b4       0x31 ./Libraries/XMCLib/src/xmc_ccu4.o
 .ARM.attributes
                0x000000e5       0x31 ./Libraries/XMCLib/src/xmc_gpio.o
 .ARM.attributes
                0x00000116       0x31 ./Libraries/XMCLib/src/xmc_math.o
 .ARM.attributes
                0x00000147       0x31 ./Libraries/XMCLib/src/xmc_uart.o
 .ARM.attributes
                0x00000178       0x31 ./Libraries/XMCLib/src/xmc_usic.o
 .ARM.attributes
                0x000001a9       0x31 ./Libraries/XMCLib/src/xmc_vadc.o
 .ARM.attributes
                0x000001da       0x31 ./Libraries/Newlib/syscalls.o
 .ARM.attributes
                0x0000020b       0x31 ./Dave/Generated/UART/uart.o
 .ARM.attributes
                0x0000023c       0x31 ./Dave/Generated/UART/uart_conf.o
 .ARM.attributes
                0x0000026d       0x31 ./Dave/Generated/PWM_CCU4/pwm_ccu4.o
 .ARM.attributes
                0x0000029e       0x31 ./Dave/Generated/PWM_CCU4/pwm_ccu4_conf.o
 .ARM.attributes
                0x000002cf       0x31 ./Dave/Generated/INTERRUPT/interrupt.o
 .ARM.attributes
                0x00000300       0x31 ./Dave/Generated/INTERRUPT/interrupt_conf.o
 .ARM.attributes
                0x00000331       0x31 ./Dave/Generated/GLOBAL_CCU4/global_ccu4.o
 .ARM.attributes
                0x00000362       0x31 ./Dave/Generated/GLOBAL_CCU4/global_ccu4_conf.o
 .ARM.attributes
                0x00000393       0x31 ./Dave/Generated/GLOBAL_ADC/global_adc.o
 .ARM.attributes
                0x000003c4       0x31 ./Dave/Generated/GLOBAL_ADC/global_adc_conf.o
 .ARM.attributes
                0x000003f5       0x31 ./Dave/Generated/DIGITAL_IO/digital_io.o
 .ARM.attributes
                0x00000426       0x31 ./Dave/Generated/DIGITAL_IO/digital_io_conf.o
 .ARM.attributes
                0x00000457       0x31 ./Dave/Generated/CPU_CTRL_XMC1/cpu_ctrl_xmc1_conf.o
 .ARM.attributes
                0x00000488       0x31 ./Dave/Generated/CLOCK_XMC1/clock_xmc1.o
 .ARM.attributes
                0x000004b9       0x31 ./Dave/Generated/CLOCK_XMC1/clock_xmc1_conf.o
 .ARM.attributes
                0x000004ea       0x31 ./Dave/Generated/ADC_MEASUREMENT_ADV/adc_measurement_adv.o
 .ARM.attributes
                0x0000051b       0x31 ./Dave/Generated/ADC_MEASUREMENT_ADV/adc_measurement_adv_conf.o
 .ARM.attributes
                0x0000054c       0x31 ./Dave/Generated/DAVE.o
 .ARM.attributes
                0x0000057d       0x31 ./main.o
 .ARM.attributes
                0x000005ae       0x1e c:/users/jutta.schuerba/desktop/dave-ide-4.4.2-64bit/eclipse/arm-gcc-49/bin/../lib/gcc/arm-none-eabi/4.9.3/armv6-m\libgcc.a(_arm_cmpsf2.o)
 .ARM.attributes
                0x000005cc       0x2c c:/users/jutta.schuerba/desktop/dave-ide-4.4.2-64bit/eclipse/arm-gcc-49/bin/../lib/gcc/arm-none-eabi/4.9.3/armv6-m\libgcc.a(_fixunssfsi.o)
 .ARM.attributes
                0x000005f8       0x2c c:/users/jutta.schuerba/desktop/dave-ide-4.4.2-64bit/eclipse/arm-gcc-49/bin/../lib/gcc/arm-none-eabi/4.9.3/armv6-m\libgcc.a(addsf3.o)
 .ARM.attributes
                0x00000624       0x2c c:/users/jutta.schuerba/desktop/dave-ide-4.4.2-64bit/eclipse/arm-gcc-49/bin/../lib/gcc/arm-none-eabi/4.9.3/armv6-m\libgcc.a(divsf3.o)
 .ARM.attributes
                0x00000650       0x2c c:/users/jutta.schuerba/desktop/dave-ide-4.4.2-64bit/eclipse/arm-gcc-49/bin/../lib/gcc/arm-none-eabi/4.9.3/armv6-m\libgcc.a(eqsf2.o)
 .ARM.attributes
                0x0000067c       0x2c c:/users/jutta.schuerba/desktop/dave-ide-4.4.2-64bit/eclipse/arm-gcc-49/bin/../lib/gcc/arm-none-eabi/4.9.3/armv6-m\libgcc.a(gesf2.o)
 .ARM.attributes
                0x000006a8       0x2c c:/users/jutta.schuerba/desktop/dave-ide-4.4.2-64bit/eclipse/arm-gcc-49/bin/../lib/gcc/arm-none-eabi/4.9.3/armv6-m\libgcc.a(lesf2.o)
 .ARM.attributes
                0x000006d4       0x2c c:/users/jutta.schuerba/desktop/dave-ide-4.4.2-64bit/eclipse/arm-gcc-49/bin/../lib/gcc/arm-none-eabi/4.9.3/armv6-m\libgcc.a(mulsf3.o)
 .ARM.attributes
                0x00000700       0x2c c:/users/jutta.schuerba/desktop/dave-ide-4.4.2-64bit/eclipse/arm-gcc-49/bin/../lib/gcc/arm-none-eabi/4.9.3/armv6-m\libgcc.a(subsf3.o)
 .ARM.attributes
                0x0000072c       0x2c c:/users/jutta.schuerba/desktop/dave-ide-4.4.2-64bit/eclipse/arm-gcc-49/bin/../lib/gcc/arm-none-eabi/4.9.3/armv6-m\libgcc.a(fixsfsi.o)
 .ARM.attributes
                0x00000758       0x2c c:/users/jutta.schuerba/desktop/dave-ide-4.4.2-64bit/eclipse/arm-gcc-49/bin/../lib/gcc/arm-none-eabi/4.9.3/armv6-m\libgcc.a(floatunsisf.o)
 .ARM.attributes
                0x00000784       0x2c c:/users/jutta.schuerba/desktop/dave-ide-4.4.2-64bit/eclipse/arm-gcc-49/bin/../lib/gcc/arm-none-eabi/4.9.3/armv6-m\libgcc.a(divdf3.o)
 .ARM.attributes
                0x000007b0       0x2c c:/users/jutta.schuerba/desktop/dave-ide-4.4.2-64bit/eclipse/arm-gcc-49/bin/../lib/gcc/arm-none-eabi/4.9.3/armv6-m\libgcc.a(muldf3.o)
 .ARM.attributes
                0x000007dc       0x2c c:/users/jutta.schuerba/desktop/dave-ide-4.4.2-64bit/eclipse/arm-gcc-49/bin/../lib/gcc/arm-none-eabi/4.9.3/armv6-m\libgcc.a(floatsidf.o)
 .ARM.attributes
                0x00000808       0x2c c:/users/jutta.schuerba/desktop/dave-ide-4.4.2-64bit/eclipse/arm-gcc-49/bin/../lib/gcc/arm-none-eabi/4.9.3/armv6-m\libgcc.a(extendsfdf2.o)
 .ARM.attributes
                0x00000834       0x2c c:/users/jutta.schuerba/desktop/dave-ide-4.4.2-64bit/eclipse/arm-gcc-49/bin/../lib/gcc/arm-none-eabi/4.9.3/armv6-m\libgcc.a(truncdfsf2.o)
 .ARM.attributes
                0x00000860       0x1e c:/users/jutta.schuerba/desktop/dave-ide-4.4.2-64bit/eclipse/arm-gcc-49/bin/../lib/gcc/arm-none-eabi/4.9.3/armv6-m\libgcc.a(_clzsi2.o)
 .ARM.attributes
                0x0000087e       0x2c c:/users/jutta.schuerba/desktop/dave-ide-4.4.2-64bit/eclipse/arm-gcc-49/bin/../lib/gcc/arm-none-eabi/4.9.3/../../../../arm-none-eabi/lib/armv6-m\libg_nano.a(lib_a-init.o)
OUTPUT(WIRELESS_CHARGER_RECVEIVER_delivered.elf elf32-littlearm)
