Archive member included because of file (symbol)

c:/users/jutta.schuerba/desktop/dave-ide-4.4.2-64bit/eclipse/arm-gcc-49/bin/../lib/gcc/arm-none-eabi/4.9.3/armv6-m\libgcc.a(_arm_cmpsf2.o)
                              ./main.o (__aeabi_fcmpeq)
c:/users/jutta.schuerba/desktop/dave-ide-4.4.2-64bit/eclipse/arm-gcc-49/bin/../lib/gcc/arm-none-eabi/4.9.3/armv6-m\libgcc.a(_fixunssfsi.o)
                              ./main.o (__aeabi_f2uiz)
c:/users/jutta.schuerba/desktop/dave-ide-4.4.2-64bit/eclipse/arm-gcc-49/bin/../lib/gcc/arm-none-eabi/4.9.3/armv6-m\libgcc.a(addsf3.o)
                              ./main.o (__aeabi_fadd)
c:/users/jutta.schuerba/desktop/dave-ide-4.4.2-64bit/eclipse/arm-gcc-49/bin/../lib/gcc/arm-none-eabi/4.9.3/armv6-m\libgcc.a(divsf3.o)
                              ./main.o (__aeabi_fdiv)
c:/users/jutta.schuerba/desktop/dave-ide-4.4.2-64bit/eclipse/arm-gcc-49/bin/../lib/gcc/arm-none-eabi/4.9.3/armv6-m\libgcc.a(eqsf2.o)
                              c:/users/jutta.schuerba/desktop/dave-ide-4.4.2-64bit/eclipse/arm-gcc-49/bin/../lib/gcc/arm-none-eabi/4.9.3/armv6-m\libgcc.a(_arm_cmpsf2.o) (__eqsf2)
c:/users/jutta.schuerba/desktop/dave-ide-4.4.2-64bit/eclipse/arm-gcc-49/bin/../lib/gcc/arm-none-eabi/4.9.3/armv6-m\libgcc.a(gesf2.o)
                              c:/users/jutta.schuerba/desktop/dave-ide-4.4.2-64bit/eclipse/arm-gcc-49/bin/../lib/gcc/arm-none-eabi/4.9.3/armv6-m\libgcc.a(_arm_cmpsf2.o) (__gesf2)
c:/users/jutta.schuerba/desktop/dave-ide-4.4.2-64bit/eclipse/arm-gcc-49/bin/../lib/gcc/arm-none-eabi/4.9.3/armv6-m\libgcc.a(lesf2.o)
                              c:/users/jutta.schuerba/desktop/dave-ide-4.4.2-64bit/eclipse/arm-gcc-49/bin/../lib/gcc/arm-none-eabi/4.9.3/armv6-m\libgcc.a(_arm_cmpsf2.o) (__lesf2)
c:/users/jutta.schuerba/desktop/dave-ide-4.4.2-64bit/eclipse/arm-gcc-49/bin/../lib/gcc/arm-none-eabi/4.9.3/armv6-m\libgcc.a(mulsf3.o)
                              ./main.o (__aeabi_fmul)
c:/users/jutta.schuerba/desktop/dave-ide-4.4.2-64bit/eclipse/arm-gcc-49/bin/../lib/gcc/arm-none-eabi/4.9.3/armv6-m\libgcc.a(subsf3.o)
                              ./main.o (__aeabi_fsub)
c:/users/jutta.schuerba/desktop/dave-ide-4.4.2-64bit/eclipse/arm-gcc-49/bin/../lib/gcc/arm-none-eabi/4.9.3/armv6-m\libgcc.a(fixsfsi.o)
                              c:/users/jutta.schuerba/desktop/dave-ide-4.4.2-64bit/eclipse/arm-gcc-49/bin/../lib/gcc/arm-none-eabi/4.9.3/armv6-m\libgcc.a(_fixunssfsi.o) (__aeabi_f2iz)
c:/users/jutta.schuerba/desktop/dave-ide-4.4.2-64bit/eclipse/arm-gcc-49/bin/../lib/gcc/arm-none-eabi/4.9.3/armv6-m\libgcc.a(floatsisf.o)
                              ./main.o (__aeabi_i2f)
c:/users/jutta.schuerba/desktop/dave-ide-4.4.2-64bit/eclipse/arm-gcc-49/bin/../lib/gcc/arm-none-eabi/4.9.3/armv6-m\libgcc.a(floatunsisf.o)
                              ./main.o (__aeabi_ui2f)
c:/users/jutta.schuerba/desktop/dave-ide-4.4.2-64bit/eclipse/arm-gcc-49/bin/../lib/gcc/arm-none-eabi/4.9.3/armv6-m\libgcc.a(adddf3.o)
                              ./main.o (__aeabi_dadd)
c:/users/jutta.schuerba/desktop/dave-ide-4.4.2-64bit/eclipse/arm-gcc-49/bin/../lib/gcc/arm-none-eabi/4.9.3/armv6-m\libgcc.a(muldf3.o)
                              ./main.o (__aeabi_dmul)
c:/users/jutta.schuerba/desktop/dave-ide-4.4.2-64bit/eclipse/arm-gcc-49/bin/../lib/gcc/arm-none-eabi/4.9.3/armv6-m\libgcc.a(fixdfsi.o)
                              ./main.o (__aeabi_d2iz)
c:/users/jutta.schuerba/desktop/dave-ide-4.4.2-64bit/eclipse/arm-gcc-49/bin/../lib/gcc/arm-none-eabi/4.9.3/armv6-m\libgcc.a(floatsidf.o)
                              ./main.o (__aeabi_i2d)
c:/users/jutta.schuerba/desktop/dave-ide-4.4.2-64bit/eclipse/arm-gcc-49/bin/../lib/gcc/arm-none-eabi/4.9.3/armv6-m\libgcc.a(extendsfdf2.o)
                              ./main.o (__aeabi_f2d)
c:/users/jutta.schuerba/desktop/dave-ide-4.4.2-64bit/eclipse/arm-gcc-49/bin/../lib/gcc/arm-none-eabi/4.9.3/armv6-m\libgcc.a(truncdfsf2.o)
                              ./main.o (__aeabi_d2f)
c:/users/jutta.schuerba/desktop/dave-ide-4.4.2-64bit/eclipse/arm-gcc-49/bin/../lib/gcc/arm-none-eabi/4.9.3/armv6-m\libgcc.a(_clzsi2.o)
                              c:/users/jutta.schuerba/desktop/dave-ide-4.4.2-64bit/eclipse/arm-gcc-49/bin/../lib/gcc/arm-none-eabi/4.9.3/armv6-m\libgcc.a(addsf3.o) (__clzsi2)
c:/users/jutta.schuerba/desktop/dave-ide-4.4.2-64bit/eclipse/arm-gcc-49/bin/../lib/gcc/arm-none-eabi/4.9.3/../../../../arm-none-eabi/lib/armv6-m\libg_nano.a(lib_a-errno.o)
                              ./Libraries/Newlib/syscalls.o (__errno)
c:/users/jutta.schuerba/desktop/dave-ide-4.4.2-64bit/eclipse/arm-gcc-49/bin/../lib/gcc/arm-none-eabi/4.9.3/../../../../arm-none-eabi/lib/armv6-m\libg_nano.a(lib_a-impure.o)
                              c:/users/jutta.schuerba/desktop/dave-ide-4.4.2-64bit/eclipse/arm-gcc-49/bin/../lib/gcc/arm-none-eabi/4.9.3/../../../../arm-none-eabi/lib/armv6-m\libg_nano.a(lib_a-errno.o) (_impure_ptr)
[...]
Memory Configuration

Name             Origin             Length             Attributes
FLASH            0x10001000         0x00032000         xr
SRAM             0x20000000         0x00004000         !xr
*default*        0x00000000         0xffffffff

Linker script and memory map

LOAD ./Startup/startup_XMC1300.o
LOAD ./Startup/system_XMC1300.o
LOAD ./Libraries/XMCLib/src/xmc1_eru.o
LOAD ./Libraries/XMCLib/src/xmc1_flash.o
LOAD ./Libraries/XMCLib/src/xmc1_gpio.o
LOAD ./Libraries/XMCLib/src/xmc1_rtc.o
LOAD ./Libraries/XMCLib/src/xmc1_scu.o
LOAD ./Libraries/XMCLib/src/xmc_acmp.o
LOAD ./Libraries/XMCLib/src/xmc_bccu.o
LOAD ./Libraries/XMCLib/src/xmc_can.o
LOAD ./Libraries/XMCLib/src/xmc_ccu4.o
LOAD ./Libraries/XMCLib/src/xmc_ccu8.o
LOAD ./Libraries/XMCLib/src/xmc_common.o
LOAD ./Libraries/XMCLib/src/xmc_eru.o
LOAD ./Libraries/XMCLib/src/xmc_gpio.o
LOAD ./Libraries/XMCLib/src/xmc_i2c.o
LOAD ./Libraries/XMCLib/src/xmc_i2s.o
LOAD ./Libraries/XMCLib/src/xmc_ledts.o
LOAD ./Libraries/XMCLib/src/xmc_math.o
LOAD ./Libraries/XMCLib/src/xmc_pau.o
LOAD ./Libraries/XMCLib/src/xmc_posif.o
LOAD ./Libraries/XMCLib/src/xmc_prng.o
LOAD ./Libraries/XMCLib/src/xmc_rtc.o
LOAD ./Libraries/XMCLib/src/xmc_spi.o
LOAD ./Libraries/XMCLib/src/xmc_uart.o
LOAD ./Libraries/XMCLib/src/xmc_usic.o
LOAD ./Libraries/XMCLib/src/xmc_vadc.o
LOAD ./Libraries/XMCLib/src/xmc_wdt.o
LOAD ./Libraries/Newlib/syscalls.o
LOAD ./Dave/Generated/UCPROBE/cpu_a.o
LOAD ./Dave/Generated/UCPROBE/cpu_bsp.o
LOAD ./Dave/Generated/UCPROBE/cpu_c.o
LOAD ./Dave/Generated/UCPROBE/cpu_core.o
LOAD ./Dave/Generated/UCPROBE/lib_ascii.o
LOAD ./Dave/Generated/UCPROBE/lib_math.o
LOAD ./Dave/Generated/UCPROBE/lib_mem.o
LOAD ./Dave/Generated/UCPROBE/lib_mem_a.o
LOAD ./Dave/Generated/UCPROBE/lib_str.o
LOAD ./Dave/Generated/UCPROBE/probe_com.o
LOAD ./Dave/Generated/UCPROBE/probe_com_os.o
LOAD ./Dave/Generated/UCPROBE/probe_rs232.o
LOAD ./Dave/Generated/UCPROBE/probe_rs232_os.o
LOAD ./Dave/Generated/UCPROBE/probe_rs232c.o
LOAD ./Dave/Generated/UCPROBE/probe_scope.o
LOAD ./Dave/Generated/UCPROBE/ucprobe.o
LOAD ./Dave/Generated/UCPROBE/ucprobe_conf.o
LOAD ./Dave/Generated/UART/uart.o
LOAD ./Dave/Generated/UART/uart_conf.o
LOAD ./Dave/Generated/PWM_CCU8/pwm_ccu8.o
LOAD ./Dave/Generated/PWM_CCU8/pwm_ccu8_conf.o
LOAD ./Dave/Generated/PWM_CCU4/pwm_ccu4.o
LOAD ./Dave/Generated/PWM_CCU4/pwm_ccu4_conf.o
LOAD ./Dave/Generated/INTERRUPT/interrupt.o
LOAD ./Dave/Generated/INTERRUPT/interrupt_conf.o
LOAD ./Dave/Generated/GLOBAL_CCU8/global_ccu8.o
LOAD ./Dave/Generated/GLOBAL_CCU8/global_ccu8_conf.o
LOAD ./Dave/Generated/GLOBAL_CCU4/global_ccu4.o
LOAD ./Dave/Generated/GLOBAL_CCU4/global_ccu4_conf.o
LOAD ./Dave/Generated/GLOBAL_ADC/global_adc.o
LOAD ./Dave/Generated/GLOBAL_ADC/global_adc_conf.o
LOAD ./Dave/Generated/DIGITAL_IO/digital_io.o
LOAD ./Dave/Generated/DIGITAL_IO/digital_io_conf.o
LOAD ./Dave/Generated/CPU_CTRL_XMC1/cpu_ctrl_xmc1.o
LOAD ./Dave/Generated/CPU_CTRL_XMC1/cpu_ctrl_xmc1_conf.o
LOAD ./Dave/Generated/CLOCK_XMC1/clock_xmc1.o
LOAD ./Dave/Generated/CLOCK_XMC1/clock_xmc1_conf.o
LOAD ./Dave/Generated/ADC_MEASUREMENT_ADV/adc_measurement_adv.o
LOAD ./Dave/Generated/ADC_MEASUREMENT_ADV/adc_measurement_adv_conf.o
LOAD ./Dave/Generated/DAVE.o
LOAD ./main.o
LOAD c:/users/jutta.schuerba/desktop/dave-ide-4.4.2-64bit/eclipse/arm-gcc-49/bin/../lib/gcc/arm-none-eabi/4.9.3/../../../../arm-none-eabi/lib/armv6-m\libm.a
START GROUP
LOAD c:/users/jutta.schuerba/desktop/dave-ide-4.4.2-64bit/eclipse/arm-gcc-49/bin/../lib/gcc/arm-none-eabi/4.9.3/armv6-m\libgcc.a
LOAD c:/users/jutta.schuerba/desktop/dave-ide-4.4.2-64bit/eclipse/arm-gcc-49/bin/../lib/gcc/arm-none-eabi/4.9.3/../../../../arm-none-eabi/lib/armv6-m\libg_nano.a
LOAD c:/users/jutta.schuerba/desktop/dave-ide-4.4.2-64bit/eclipse/arm-gcc-49/bin/../lib/gcc/arm-none-eabi/4.9.3/../../../../arm-none-eabi/lib/armv6-m\libc_nano.a
END GROUP
START GROUP
LOAD c:/users/jutta.schuerba/desktop/dave-ide-4.4.2-64bit/eclipse/arm-gcc-49/bin/../lib/gcc/arm-none-eabi/4.9.3/armv6-m\libgcc.a
LOAD c:/users/jutta.schuerba/desktop/dave-ide-4.4.2-64bit/eclipse/arm-gcc-49/bin/../lib/gcc/arm-none-eabi/4.9.3/../../../../arm-none-eabi/lib/armv6-m\libc_nano.a
LOAD c:/users/jutta.schuerba/desktop/dave-ide-4.4.2-64bit/eclipse/arm-gcc-49/bin/../lib/gcc/arm-none-eabi/4.9.3/../../../../arm-none-eabi/lib/armv6-m\libnosys.a
END GROUP
START GROUP
LOAD c:/users/jutta.schuerba/desktop/dave-ide-4.4.2-64bit/eclipse/arm-gcc-49/bin/../lib/gcc/arm-none-eabi/4.9.3/armv6-m\libgcc.a
LOAD c:/users/jutta.schuerba/desktop/dave-ide-4.4.2-64bit/eclipse/arm-gcc-49/bin/../lib/gcc/arm-none-eabi/4.9.3/../../../../arm-none-eabi/lib/armv6-m\libc_nano.a
LOAD c:/users/jutta.schuerba/desktop/dave-ide-4.4.2-64bit/eclipse/arm-gcc-49/bin/../lib/gcc/arm-none-eabi/4.9.3/../../../../arm-none-eabi/lib/armv6-m\libnosys.a
END GROUP
                0x00001000                stack_size = DEFINED (stack_size)?stack_size:0x1000
                0x00000004                no_init_size = 0x4

.text           0x10001000     0xa9c0
                0x10001000                sText = .
 *(.reset)
 .reset         0x10001000       0x9c ./Startup/startup_XMC1300.o
                0x10001000                __Vectors
                0x10001018                Reset_Handler
                0x10001098                USIC0_5_IRQHandler
                0x10001098                POSIF0_0_IRQHandler
                0x10001098                HardFault_Handler
                0x10001098                SysTick_Handler
                0x10001098                PendSV_Handler
                0x10001098                VADC0_C0_0_IRQHandler
                0x10001098                SCU_0_IRQHandler
                0x10001098                ERU0_0_IRQHandler
                0x10001098                CCU80_1_IRQHandler
                0x10001098                ERU0_2_IRQHandler
                0x10001098                BCCU0_0_IRQHandler
                0x10001098                ERU0_3_IRQHandler
                0x10001098                CCU40_2_IRQHandler
                0x10001098                CCU40_0_IRQHandler
                0x10001098                POSIF0_1_IRQHandler
                0x10001098                VADC0_G0_0_IRQHandler
                0x10001098                MATH0_0_IRQHandler
                0x10001098                VADC0_C0_1_IRQHandler
                0x10001098                SVC_Handler
                0x10001098                USIC0_3_IRQHandler
                0x10001098                VADC0_G1_0_IRQHandler
                0x10001098                CCU80_0_IRQHandler
                0x10001098                CCU40_1_IRQHandler
                0x10001098                SCU_2_IRQHandler
                0x10001098                CCU40_3_IRQHandler
                0x10001098                USIC0_4_IRQHandler
                0x10001098                SCU_1_IRQHandler
                0x10001098                ERU0_1_IRQHandler
                0x10001098                USIC0_2_IRQHandler
                0x10001098                Default_handler
 *(.text .text.* .gnu.linkonce.t.*)
 .text.SystemInit
                0x1000109c       0x10 ./Startup/system_XMC1300.o
                0x1000109c                SystemInit
 .text.SystemCoreClockUpdate
                0x100010ac       0x68 ./Startup/system_XMC1300.o
                0x100010ac                SystemCoreClockUpdate
 .text.XMC_GPIO_Init
                0x10001114      0x170 ./Libraries/XMCLib/src/xmc1_gpio.o
                0x10001114                XMC_GPIO_Init
 .text.XMC_SCU_LockProtectedBits
                0x10001284       0x14 ./Libraries/XMCLib/src/xmc1_scu.o
                0x10001284                XMC_SCU_LockProtectedBits
 .text.XMC_SCU_UnlockProtectedBits
                0x10001298       0x20 ./Libraries/XMCLib/src/xmc1_scu.o
                0x10001298                XMC_SCU_UnlockProtectedBits
 .text.XMC_SCU_CLOCK_Init
                0x100012b8       0x48 ./Libraries/XMCLib/src/xmc1_scu.o
                0x100012b8                XMC_SCU_CLOCK_Init
 .text.XMC_SCU_CLOCK_UngatePeripheralClock
                0x10001300       0x3c ./Libraries/XMCLib/src/xmc1_scu.o
                0x10001300                XMC_SCU_CLOCK_UngatePeripheralClock
 .text.XMC_SCU_CLOCK_IsPeripheralClockGated
                0x1000133c       0x28 ./Libraries/XMCLib/src/xmc1_scu.o
                0x1000133c                XMC_SCU_CLOCK_IsPeripheralClockGated
 .text.XMC_SCU_CLOCK_ScaleMCLKFrequency
                0x10001364       0xa4 ./Libraries/XMCLib/src/xmc1_scu.o
                0x10001364                XMC_SCU_CLOCK_ScaleMCLKFrequency
 .text.XMC_SCU_CLOCK_lFrequencyUpScaling
                0x10001408       0x54 ./Libraries/XMCLib/src/xmc1_scu.o
 .text.XMC_SCU_CLOCK_lFrequencyDownScaling
                0x1000145c       0x5c ./Libraries/XMCLib/src/xmc1_scu.o
 .text.XMC_SCU_CLOCK_GetPeripheralClockFrequency
                0x100014b8       0x14 ./Libraries/XMCLib/src/xmc1_scu.o
                0x100014b8                XMC_SCU_CLOCK_GetPeripheralClockFrequency
 .text.XMC_CCU4_StartPrescaler
                0x100014cc       0x1c ./Libraries/XMCLib/src/xmc_ccu4.o
 .text.XMC_CCU4_lUngateClock
                0x100014e8       0x20 ./Libraries/XMCLib/src/xmc_ccu4.o
 .text.XMC_CCU4_EnableModule
                0x10001508       0x18 ./Libraries/XMCLib/src/xmc_ccu4.o
                0x10001508                XMC_CCU4_EnableModule
 .text.XMC_CCU4_Init
                0x10001520       0x48 ./Libraries/XMCLib/src/xmc_ccu4.o
                0x10001520                XMC_CCU4_Init
 .text.XMC_CCU4_SetMultiChannelShadowTransferMode
                0x10001568       0x34 ./Libraries/XMCLib/src/xmc_ccu4.o
                0x10001568                XMC_CCU4_SetMultiChannelShadowTransferMode
 .text.XMC_CCU4_SLICE_CompareInit
                0x1000159c       0x68 ./Libraries/XMCLib/src/xmc_ccu4.o
                0x1000159c                XMC_CCU4_SLICE_CompareInit
 .text.XMC_CCU4_SLICE_StartConfig
                0x10001604       0x68 ./Libraries/XMCLib/src/xmc_ccu4.o
                0x10001604                XMC_CCU4_SLICE_StartConfig
 .text.XMC_CCU4_SLICE_StopConfig
                0x1000166c       0x64 ./Libraries/XMCLib/src/xmc_ccu4.o
                0x1000166c                XMC_CCU4_SLICE_StopConfig
 .text.XMC_CCU4_SLICE_LoadConfig
                0x100016d0       0x38 ./Libraries/XMCLib/src/xmc_ccu4.o
                0x100016d0                XMC_CCU4_SLICE_LoadConfig
 .text.XMC_CCU4_SLICE_ModulationConfig
                0x10001708       0x98 ./Libraries/XMCLib/src/xmc_ccu4.o
                0x10001708                XMC_CCU4_SLICE_ModulationConfig
 .text.XMC_CCU4_SLICE_CountConfig
                0x100017a0       0x38 ./Libraries/XMCLib/src/xmc_ccu4.o
                0x100017a0                XMC_CCU4_SLICE_CountConfig
 .text.XMC_CCU4_SLICE_GateConfig
                0x100017d8       0x38 ./Libraries/XMCLib/src/xmc_ccu4.o
                0x100017d8                XMC_CCU4_SLICE_GateConfig
 .text.XMC_CCU4_SLICE_DirectionConfig
                0x10001810       0x38 ./Libraries/XMCLib/src/xmc_ccu4.o
                0x10001810                XMC_CCU4_SLICE_DirectionConfig
 .text.XMC_CCU4_SLICE_StatusBitOverrideConfig
                0x10001848       0x30 ./Libraries/XMCLib/src/xmc_ccu4.o
                0x10001848                XMC_CCU4_SLICE_StatusBitOverrideConfig
 .text.XMC_CCU4_SLICE_TrapConfig
                0x10001878       0x8c ./Libraries/XMCLib/src/xmc_ccu4.o
                0x10001878                XMC_CCU4_SLICE_TrapConfig
 .text.XMC_CCU4_SLICE_ConfigureStatusBitOverrideEvent
                0x10001904       0xdc ./Libraries/XMCLib/src/xmc_ccu4.o
                0x10001904                XMC_CCU4_SLICE_ConfigureStatusBitOverrideEvent
 .text.XMC_CCU4_SLICE_ConfigureEvent
                0x100019e0      0x11c ./Libraries/XMCLib/src/xmc_ccu4.o
                0x100019e0                XMC_CCU4_SLICE_ConfigureEvent
 .text.XMC_CCU4_SLICE_SetInterruptNode
                0x10001afc       0x98 ./Libraries/XMCLib/src/xmc_ccu4.o
                0x10001afc                XMC_CCU4_SLICE_SetInterruptNode
 .text.XMC_CCU8_StartPrescaler
                0x10001b94       0x1c ./Libraries/XMCLib/src/xmc_ccu8.o
 .text.XMC_CCU8_SLICE_StopTimer
                0x10001bb0       0x14 ./Libraries/XMCLib/src/xmc_ccu8.o
 .text.XMC_CCU8_lUngateClock
                0x10001bc4       0x20 ./Libraries/XMCLib/src/xmc_ccu8.o
 .text.XMC_CCU8_EnableModule
                0x10001be4       0x18 ./Libraries/XMCLib/src/xmc_ccu8.o
                0x10001be4                XMC_CCU8_EnableModule
 .text.XMC_CCU8_Init
                0x10001bfc       0x48 ./Libraries/XMCLib/src/xmc_ccu8.o
                0x10001bfc                XMC_CCU8_Init
 .text.XMC_CCU8_SLICE_CompareInit
                0x10001c44       0x74 ./Libraries/XMCLib/src/xmc_ccu8.o
                0x10001c44                XMC_CCU8_SLICE_CompareInit
 .text.XMC_CCU8_SetMultiChannelShadowTransferMode
                0x10001cb8       0x34 ./Libraries/XMCLib/src/xmc_ccu8.o
                0x10001cb8                XMC_CCU8_SetMultiChannelShadowTransferMode
 .text.XMC_CCU8_SLICE_StartConfig
                0x10001cec       0x68 ./Libraries/XMCLib/src/xmc_ccu8.o
                0x10001cec                XMC_CCU8_SLICE_StartConfig
 .text.XMC_CCU8_SLICE_StopConfig
                0x10001d54       0x64 ./Libraries/XMCLib/src/xmc_ccu8.o
                0x10001d54                XMC_CCU8_SLICE_StopConfig
 .text.XMC_CCU8_SLICE_LoadConfig
                0x10001db8       0x38 ./Libraries/XMCLib/src/xmc_ccu8.o
                0x10001db8                XMC_CCU8_SLICE_LoadConfig
 .text.XMC_CCU8_SLICE_LoadSelector
                0x10001df0       0x34 ./Libraries/XMCLib/src/xmc_ccu8.o
                0x10001df0                XMC_CCU8_SLICE_LoadSelector
 .text.XMC_CCU8_SLICE_ModulationConfig
                0x10001e24       0xb0 ./Libraries/XMCLib/src/xmc_ccu8.o
                0x10001e24                XMC_CCU8_SLICE_ModulationConfig
 .text.XMC_CCU8_SLICE_CountConfig
                0x10001ed4       0x38 ./Libraries/XMCLib/src/xmc_ccu8.o
                0x10001ed4                XMC_CCU8_SLICE_CountConfig
 .text.XMC_CCU8_SLICE_GateConfig
                0x10001f0c       0x38 ./Libraries/XMCLib/src/xmc_ccu8.o
                0x10001f0c                XMC_CCU8_SLICE_GateConfig
 .text.XMC_CCU8_SLICE_DirectionConfig
                0x10001f44       0x38 ./Libraries/XMCLib/src/xmc_ccu8.o
                0x10001f44                XMC_CCU8_SLICE_DirectionConfig
 .text.XMC_CCU8_SLICE_StatusBitOverrideConfig
                0x10001f7c       0x30 ./Libraries/XMCLib/src/xmc_ccu8.o
                0x10001f7c                XMC_CCU8_SLICE_StatusBitOverrideConfig
 .text.XMC_CCU8_SLICE_TrapConfig
                0x10001fac       0x8c ./Libraries/XMCLib/src/xmc_ccu8.o
                0x10001fac                XMC_CCU8_SLICE_TrapConfig
 .text.XMC_CCU8_SLICE_ConfigureStatusBitOverrideEvent
                0x10002038       0xdc ./Libraries/XMCLib/src/xmc_ccu8.o
                0x10002038                XMC_CCU8_SLICE_ConfigureStatusBitOverrideEvent
 .text.XMC_CCU8_SLICE_ConfigureEvent
                0x10002114      0x11c ./Libraries/XMCLib/src/xmc_ccu8.o
                0x10002114                XMC_CCU8_SLICE_ConfigureEvent
 .text.XMC_CCU8_SLICE_SetTimerPeriodMatch
                0x10002230       0x1c ./Libraries/XMCLib/src/xmc_ccu8.o
                0x10002230                XMC_CCU8_SLICE_SetTimerPeriodMatch
 .text.XMC_CCU8_SLICE_SetTimerCompareMatch
                0x1000224c       0x38 ./Libraries/XMCLib/src/xmc_ccu8.o
                0x1000224c                XMC_CCU8_SLICE_SetTimerCompareMatch
 .text.XMC_CCU8_SLICE_SetInterruptNode
                0x10002284       0xa0 ./Libraries/XMCLib/src/xmc_ccu8.o
                0x10002284                XMC_CCU8_SLICE_SetInterruptNode
 .text.XMC_CCU8_SLICE_DeadTimeInit
                0x10002324       0x28 ./Libraries/XMCLib/src/xmc_ccu8.o
                0x10002324                XMC_CCU8_SLICE_DeadTimeInit
 .text.XMC_GPIO_SetHardwareControl
                0x1000234c       0x4c ./Libraries/XMCLib/src/xmc_gpio.o
                0x1000234c                XMC_GPIO_SetHardwareControl
 .text.__aeabi_uidiv
                0x10002398       0x2c ./Libraries/XMCLib/src/xmc_math.o
                0x10002398                __aeabi_uidiv
 .text.__aeabi_idiv
                0x100023c4       0x2c ./Libraries/XMCLib/src/xmc_math.o
                0x100023c4                __aeabi_idiv
 .text.__aeabi_uidivmod
                0x100023f0       0x58 ./Libraries/XMCLib/src/xmc_math.o
                0x100023f0                __aeabi_uidivmod
 .text.__aeabi_idivmod
                0x10002448       0x58 ./Libraries/XMCLib/src/xmc_math.o
                0x10002448                __aeabi_idivmod
 .text.XMC_USIC_CH_GetTransmitBufferStatus
                0x100024a0       0x1c ./Libraries/XMCLib/src/xmc_uart.o
 .text.XMC_UART_CH_ClearStatusFlag
                0x100024bc       0x18 ./Libraries/XMCLib/src/xmc_uart.o
 .text.XMC_UART_CH_Init
                0x100024d4       0xb4 ./Libraries/XMCLib/src/xmc_uart.o
                0x100024d4                XMC_UART_CH_Init
 .text.XMC_UART_CH_Transmit
                0x10002588       0x5c ./Libraries/XMCLib/src/xmc_uart.o
                0x10002588                XMC_UART_CH_Transmit
 .text.XMC_UART_CH_GetReceivedData
                0x100025e4       0x40 ./Libraries/XMCLib/src/xmc_uart.o
                0x100025e4                XMC_UART_CH_GetReceivedData
 .text.XMC_USIC_CH_Enable
                0x10002624       0x50 ./Libraries/XMCLib/src/xmc_usic.o
                0x10002624                XMC_USIC_CH_Enable
 .text.XMC_USIC_CH_SetBaudrate
                0x10002674       0xec ./Libraries/XMCLib/src/xmc_usic.o
                0x10002674                XMC_USIC_CH_SetBaudrate
 .text.XMC_USIC_CH_TXFIFO_Configure
                0x10002760       0x5c ./Libraries/XMCLib/src/xmc_usic.o
                0x10002760                XMC_USIC_CH_TXFIFO_Configure
 .text.XMC_USIC_CH_RXFIFO_Configure
                0x100027bc       0x64 ./Libraries/XMCLib/src/xmc_usic.o
                0x100027bc                XMC_USIC_CH_RXFIFO_Configure
 .text.XMC_USIC_CH_RXFIFO_SetSizeTriggerLimit
                0x10002820       0x5c ./Libraries/XMCLib/src/xmc_usic.o
                0x10002820                XMC_USIC_CH_RXFIFO_SetSizeTriggerLimit
 .text.XMC_USIC_CH_SetInterruptNodePointer
                0x1000287c       0x40 ./Libraries/XMCLib/src/xmc_usic.o
                0x1000287c                XMC_USIC_CH_SetInterruptNodePointer
 .text.XMC_USIC_CH_TXFIFO_SetInterruptNodePointer
                0x100028bc       0x48 ./Libraries/XMCLib/src/xmc_usic.o
                0x100028bc                XMC_USIC_CH_TXFIFO_SetInterruptNodePointer
 .text.XMC_USIC_CH_RXFIFO_SetInterruptNodePointer
                0x10002904       0x48 ./Libraries/XMCLib/src/xmc_usic.o
                0x10002904                XMC_USIC_CH_RXFIFO_SetInterruptNodePointer
 .text.XMC_USIC_Enable
                0x1000294c       0x20 ./Libraries/XMCLib/src/xmc_usic.o
                0x1000294c                XMC_USIC_Enable
 .text.XMC_VADC_GROUP_ExternalMuxControlInit
                0x1000296c       0x90 ./Libraries/XMCLib/src/xmc_vadc.o
 .text.XMC_VADC_GROUP_QueueEnableArbitrationSlot
                0x100029fc       0x20 ./Libraries/XMCLib/src/xmc_vadc.o
 .text.XMC_VADC_GROUP_QueueDisableArbitrationSlot
                0x10002a1c       0x24 ./Libraries/XMCLib/src/xmc_vadc.o
 .text.XMC_VADC_GLOBAL_EnableModule
                0x10002a40       0x18 ./Libraries/XMCLib/src/xmc_vadc.o
                0x10002a40                XMC_VADC_GLOBAL_EnableModule
 .text.XMC_VADC_GLOBAL_Init
                0x10002a58       0x58 ./Libraries/XMCLib/src/xmc_vadc.o
                0x10002a58                XMC_VADC_GLOBAL_Init
 .text.XMC_VADC_GLOBAL_StartupCalibration
                0x10002ab0       0x74 ./Libraries/XMCLib/src/xmc_vadc.o
                0x10002ab0                XMC_VADC_GLOBAL_StartupCalibration
 .text.XMC_VADC_GROUP_Init
                0x10002b24       0x7c ./Libraries/XMCLib/src/xmc_vadc.o
                0x10002b24                XMC_VADC_GROUP_Init
 .text.XMC_VADC_GROUP_InputClassInit
                0x10002ba0       0xd4 ./Libraries/XMCLib/src/xmc_vadc.o
                0x10002ba0                XMC_VADC_GROUP_InputClassInit
 .text.XMC_VADC_GROUP_SetPowerMode
                0x10002c74       0x38 ./Libraries/XMCLib/src/xmc_vadc.o
                0x10002c74                XMC_VADC_GROUP_SetPowerMode
 .text.XMC_VADC_GROUP_SetSyncSlave
                0x10002cac       0x40 ./Libraries/XMCLib/src/xmc_vadc.o
                0x10002cac                XMC_VADC_GROUP_SetSyncSlave
 .text.XMC_VADC_GROUP_SetSyncMaster
                0x10002cec       0x28 ./Libraries/XMCLib/src/xmc_vadc.o
                0x10002cec                XMC_VADC_GROUP_SetSyncMaster
 .text.XMC_VADC_GROUP_CheckSlaveReadiness
                0x10002d14       0x64 ./Libraries/XMCLib/src/xmc_vadc.o
                0x10002d14                XMC_VADC_GROUP_CheckSlaveReadiness
 .text.XMC_VADC_GLOBAL_SHS_EnableAcceleratedMode
                0x10002d78       0x48 ./Libraries/XMCLib/src/xmc_vadc.o
                0x10002d78                XMC_VADC_GLOBAL_SHS_EnableAcceleratedMode
 .text.XMC_VADC_GROUP_QueueInit
                0x10002dc0       0xb0 ./Libraries/XMCLib/src/xmc_vadc.o
                0x10002dc0                XMC_VADC_GROUP_QueueInit
 .text.XMC_VADC_GROUP_QueueSetReqSrcEventInterruptNode
                0x10002e70       0x3c ./Libraries/XMCLib/src/xmc_vadc.o
                0x10002e70                XMC_VADC_GROUP_QueueSetReqSrcEventInterruptNode
 .text.XMC_VADC_GROUP_ChannelInit
                0x10002eac       0xdc ./Libraries/XMCLib/src/xmc_vadc.o
                0x10002eac                XMC_VADC_GROUP_ChannelInit
 .text.XMC_VADC_GROUP_SetResultInterruptNode
                0x10002f88       0x98 ./Libraries/XMCLib/src/xmc_vadc.o
                0x10002f88                XMC_VADC_GROUP_SetResultInterruptNode
 .text._sbrk    0x10003020       0x68 ./Libraries/Newlib/syscalls.o
                0x10003020                _sbrk
 .text._init    0x10003088        0x8 ./Libraries/Newlib/syscalls.o
                0x10003088                _init
 .text.XMC_USIC_CH_EnableEvent
                0x10003090       0x1c ./Dave/Generated/UART/uart.o
 .text.XMC_USIC_CH_DisableEvent
                0x100030ac       0x20 ./Dave/Generated/UART/uart.o
 .text.XMC_USIC_CH_GetTransmitBufferStatus
                0x100030cc       0x1c ./Dave/Generated/UART/uart.o
 .text.XMC_USIC_CH_TriggerServiceRequest
                0x100030e8       0x1c ./Dave/Generated/UART/uart.o
 .text.XMC_USIC_CH_TXFIFO_EnableEvent
                0x10003104       0x28 ./Dave/Generated/UART/uart.o
 .text.XMC_USIC_CH_TXFIFO_DisableEvent
                0x1000312c       0x28 ./Dave/Generated/UART/uart.o
 .text.XMC_USIC_CH_TXFIFO_Flush
                0x10003154       0x1c ./Dave/Generated/UART/uart.o
 .text.XMC_USIC_CH_TXFIFO_IsFull
                0x10003170       0x24 ./Dave/Generated/UART/uart.o
 .text.XMC_USIC_CH_TXFIFO_IsEmpty
                0x10003194       0x24 ./Dave/Generated/UART/uart.o
 .text.XMC_USIC_CH_RXFIFO_DisableEvent
                0x100031b8       0x28 ./Dave/Generated/UART/uart.o
 .text.XMC_USIC_CH_RXFIFO_IsEmpty
                0x100031e0       0x24 ./Dave/Generated/UART/uart.o
 .text.UART_Init
                0x10003204       0x30 ./Dave/Generated/UART/uart.o
                0x10003204                UART_Init
 .text.UART_Transmit
                0x10003234       0x68 ./Dave/Generated/UART/uart.o
                0x10003234                UART_Transmit
 .text.UART_StartTransmitIRQ
                0x1000329c       0xd0 ./Dave/Generated/UART/uart.o
                0x1000329c                UART_StartTransmitIRQ
 .text.UART_lStartTransmitPolling
                0x1000336c       0xe4 ./Dave/Generated/UART/uart.o
 .text.UART_lTransmitHandler
                0x10003450      0x110 ./Dave/Generated/UART/uart.o
                0x10003450                UART_lTransmitHandler
 .text.UART_lReceiveHandler
                0x10003560      0x128 ./Dave/Generated/UART/uart.o
                0x10003560                UART_lReceiveHandler
 .text.UART_lReconfigureRxFIFO
                0x10003688       0x54 ./Dave/Generated/UART/uart.o
 .text.__NVIC_EnableIRQ
                0x100036dc       0x34 ./Dave/Generated/UART/uart_conf.o
 .text.__NVIC_SetPriority
                0x10003710       0xd4 ./Dave/Generated/UART/uart_conf.o
 .text.XMC_USIC_CH_SetInputSource
                0x100037e4       0x48 ./Dave/Generated/UART/uart_conf.o
 .text.XMC_UART_CH_Start
                0x1000382c       0x20 ./Dave/Generated/UART/uart_conf.o
 .text.COM_init
                0x1000384c       0xac ./Dave/Generated/UART/uart_conf.o
                0x1000384c                COM_init
 .text.RS232_init
                0x100038f8       0xfc ./Dave/Generated/UART/uart_conf.o
                0x100038f8                RS232_init
 .text.USIC0_1_IRQHandler
                0x100039f4       0x14 ./Dave/Generated/UART/uart_conf.o
                0x100039f4                USIC0_1_IRQHandler
 .text.USIC0_0_IRQHandler
                0x10003a08       0x14 ./Dave/Generated/UART/uart_conf.o
                0x10003a08                USIC0_0_IRQHandler
 .text.XMC_CCU8_EnableClock
                0x10003a1c       0x28 ./Dave/Generated/PWM_CCU8/pwm_ccu8.o
 .text.XMC_CCU8_SLICE_EnableTrap
                0x10003a44       0x20 ./Dave/Generated/PWM_CCU8/pwm_ccu8.o
 .text.XMC_CCU8_SLICE_StartTimer
                0x10003a64       0x14 ./Dave/Generated/PWM_CCU8/pwm_ccu8.o
 .text.XMC_CCU8_SLICE_StopTimer
                0x10003a78       0x14 ./Dave/Generated/PWM_CCU8/pwm_ccu8.o
 .text.XMC_CCU8_SLICE_ClearTimer
                0x10003a8c       0x14 ./Dave/Generated/PWM_CCU8/pwm_ccu8.o
 .text.XMC_CCU8_EnableShadowTransfer
                0x10003aa0       0x18 ./Dave/Generated/PWM_CCU8/pwm_ccu8.o
 .text.XMC_CCU8_SLICE_EnableEvent
                0x10003ab8       0x2c ./Dave/Generated/PWM_CCU8/pwm_ccu8.o
 .text.XMC_CCU8_SLICE_SetShadowTransferMode
                0x10003ae4       0x34 ./Dave/Generated/PWM_CCU8/pwm_ccu8.o
 .text.PWM_CCU8_Init
                0x10003b18      0x198 ./Dave/Generated/PWM_CCU8/pwm_ccu8.o
                0x10003b18                PWM_CCU8_Init
 .text.PWM_CCU8_lInit_Interrupt
                0x10003cb0      0x188 ./Dave/Generated/PWM_CCU8/pwm_ccu8.o
 .text.PWM_CCU8_lInit_GPIO
                0x10003e38       0xb8 ./Dave/Generated/PWM_CCU8/pwm_ccu8.o
 .text.PWM_CCU8_lConfigure_Events
                0x10003ef0      0x1d8 ./Dave/Generated/PWM_CCU8/pwm_ccu8.o
 .text.PWM_CCU8_Start
                0x100040c8       0x64 ./Dave/Generated/PWM_CCU8/pwm_ccu8.o
                0x100040c8                PWM_CCU8_Start
 .text.PWM_CCU8_Stop
                0x1000412c       0x48 ./Dave/Generated/PWM_CCU8/pwm_ccu8.o
                0x1000412c                PWM_CCU8_Stop
 .text.PWM_CCU8_SetFreqSymmetric
                0x10004174      0x120 ./Dave/Generated/PWM_CCU8/pwm_ccu8.o
                0x10004174                PWM_CCU8_SetFreqSymmetric
 .text.XMC_CCU4_EnableClock
                0x10004294       0x28 ./Dave/Generated/PWM_CCU4/pwm_ccu4.o
 .text.XMC_CCU4_SLICE_EnableTrap
                0x100042bc       0x1c ./Dave/Generated/PWM_CCU4/pwm_ccu4.o
 .text.XMC_CCU4_SLICE_StartTimer
                0x100042d8       0x14 ./Dave/Generated/PWM_CCU4/pwm_ccu4.o
 .text.XMC_CCU4_SLICE_SetTimerPeriodMatch
                0x100042ec       0x1c ./Dave/Generated/PWM_CCU4/pwm_ccu4.o
 .text.XMC_CCU4_SLICE_SetTimerCompareMatch
                0x10004308       0x1c ./Dave/Generated/PWM_CCU4/pwm_ccu4.o
 .text.XMC_CCU4_EnableShadowTransfer
                0x10004324       0x18 ./Dave/Generated/PWM_CCU4/pwm_ccu4.o
 .text.XMC_CCU4_SLICE_EnableEvent
                0x1000433c       0x2c ./Dave/Generated/PWM_CCU4/pwm_ccu4.o
 .text.PWM_CCU4_Init
                0x10004368      0x168 ./Dave/Generated/PWM_CCU4/pwm_ccu4.o
                0x10004368                PWM_CCU4_Init
 .text.PWM_CCU4_lInit_Interrupt
                0x100044d0      0x134 ./Dave/Generated/PWM_CCU4/pwm_ccu4.o
 .text.PWM_CCU4_lConfigure_Events
                0x10004604      0x1bc ./Dave/Generated/PWM_CCU4/pwm_ccu4.o
 .text.PWM_CCU4_Start
                0x100047c0       0x64 ./Dave/Generated/PWM_CCU4/pwm_ccu4.o
                0x100047c0                PWM_CCU4_Start
 .text.__NVIC_EnableIRQ
                0x10004824       0x34 ./Dave/Generated/INTERRUPT/interrupt.o
 .text.__NVIC_SetPriority
                0x10004858       0xd4 ./Dave/Generated/INTERRUPT/interrupt.o
 .text.INTERRUPT_Enable
                0x1000492c       0x1c ./Dave/Generated/INTERRUPT/interrupt.o
 .text.INTERRUPT_Init
                0x10004948       0x34 ./Dave/Generated/INTERRUPT/interrupt.o
                0x10004948                INTERRUPT_Init
 .text.XMC_CCU8_StartPrescaler
                0x1000497c       0x1c ./Dave/Generated/GLOBAL_CCU8/global_ccu8.o
 .text.GLOBAL_CCU8_Init
                0x10004998       0x40 ./Dave/Generated/GLOBAL_CCU8/global_ccu8.o
                0x10004998                GLOBAL_CCU8_Init
 .text.XMC_CCU4_StartPrescaler
                0x100049d8       0x1c ./Dave/Generated/GLOBAL_CCU4/global_ccu4.o
 .text.GLOBAL_CCU4_Init
                0x100049f4       0x40 ./Dave/Generated/GLOBAL_CCU4/global_ccu4.o
                0x100049f4                GLOBAL_CCU4_Init
 .text.XMC_VADC_GLOBAL_DisablePostCalibration
                0x10004a34       0x28 ./Dave/Generated/GLOBAL_ADC/global_adc.o
 .text.XMC_VADC_GLOBAL_SHS_SetAnalogReference
                0x10004a5c       0x30 ./Dave/Generated/GLOBAL_ADC/global_adc.o
 .text.XMC_VADC_GLOBAL_SHS_SetClockDivider
                0x10004a8c       0x40 ./Dave/Generated/GLOBAL_ADC/global_adc.o
 .text.GLOBAL_ADC_Init
                0x10004acc       0xdc ./Dave/Generated/GLOBAL_ADC/global_adc.o
                0x10004acc                GLOBAL_ADC_Init
 .text.DIGITAL_IO_Init
                0x10004ba8       0x40 ./Dave/Generated/DIGITAL_IO/digital_io.o
                0x10004ba8                DIGITAL_IO_Init
 .text.SystemCoreSetup
                0x10004be8        0x8 ./Dave/Generated/CPU_CTRL_XMC1/cpu_ctrl_xmc1_conf.o
                0x10004be8                SystemCoreSetup
 .text.CLOCK_XMC1_Init
                0x10004bf0       0x84 ./Dave/Generated/CLOCK_XMC1/clock_xmc1.o
                0x10004bf0                CLOCK_XMC1_Init
 .text.SystemCoreClockSetup
                0x10004c74       0x20 ./Dave/Generated/CLOCK_XMC1/clock_xmc1_conf.o
                0x10004c74                SystemCoreClockSetup
 .text.__NVIC_EnableIRQ
                0x10004c94       0x34 ./Dave/Generated/ADC_MEASUREMENT_ADV/adc_measurement_adv.o
 .text.__NVIC_SetPriority
                0x10004cc8       0xd4 ./Dave/Generated/ADC_MEASUREMENT_ADV/adc_measurement_adv.o
 .text.XMC_VADC_GROUP_QueueEnableArbitrationSlot
                0x10004d9c       0x20 ./Dave/Generated/ADC_MEASUREMENT_ADV/adc_measurement_adv.o
 .text.XMC_VADC_GROUP_QueueDisableArbitrationSlot
                0x10004dbc       0x24 ./Dave/Generated/ADC_MEASUREMENT_ADV/adc_measurement_adv.o
 .text.XMC_VADC_GROUP_QueueIsArbitrationSlotEnabled
                0x10004de0       0x24 ./Dave/Generated/ADC_MEASUREMENT_ADV/adc_measurement_adv.o
 .text.XMC_VADC_GROUP_QueueSetGatingMode
                0x10004e04       0x44 ./Dave/Generated/ADC_MEASUREMENT_ADV/adc_measurement_adv.o
 .text.XMC_VADC_GROUP_QueueInsertChannel
                0x10004e48       0x1c ./Dave/Generated/ADC_MEASUREMENT_ADV/adc_measurement_adv.o
 .text.XMC_VADC_GROUP_ResultInit
                0x10004e64       0x20 ./Dave/Generated/ADC_MEASUREMENT_ADV/adc_measurement_adv.o
 .text.ADC_MEASUREMENT_ADV_lQueueInit
                0x10004e84       0xb4 ./Dave/Generated/ADC_MEASUREMENT_ADV/adc_measurement_adv.o
 .text.ADC_MEASUREMENT_ADV_lRequestSrcInit
                0x10004f38       0x30 ./Dave/Generated/ADC_MEASUREMENT_ADV/adc_measurement_adv.o
 .text.ADC_MEASUREMENT_ADV_lQueueInsertEntries
                0x10004f68       0x54 ./Dave/Generated/ADC_MEASUREMENT_ADV/adc_measurement_adv.o
 .text.ADC_MEASUREMENT_ADV_lArbitrationStatus
                0x10004fbc       0x6c ./Dave/Generated/ADC_MEASUREMENT_ADV/adc_measurement_adv.o
 .text.ADC_MEASUREMENT_ADV_lDisableArbitration
                0x10005028       0x38 ./Dave/Generated/ADC_MEASUREMENT_ADV/adc_measurement_adv.o
 .text.ADC_MEASUREMENT_ADV_lInsertChannels
                0x10005060       0x18 ./Dave/Generated/ADC_MEASUREMENT_ADV/adc_measurement_adv.o
                0x10005060                ADC_MEASUREMENT_ADV_lInsertChannels
 .text.ADC_MEASUREMENT_ADV_lSyncADCClocks
                0x10005078       0x7c ./Dave/Generated/ADC_MEASUREMENT_ADV/adc_measurement_adv.o
                0x10005078                ADC_MEASUREMENT_ADV_lSyncADCClocks
 .text.ADC_MEASUREMENT_ADV_StartADC
                0x100050f4       0x24 ./Dave/Generated/ADC_MEASUREMENT_ADV/adc_measurement_adv.o
                0x100050f4                ADC_MEASUREMENT_ADV_StartADC
 .text.ADC_MEASUREMENT_ADC_lNvicEnable
                0x10005118       0x30 ./Dave/Generated/ADC_MEASUREMENT_ADV/adc_measurement_adv.o
                0x10005118                ADC_MEASUREMENT_ADC_lNvicEnable
 .text.ADC_MEASUREMENT_ADC_lResultInit
                0x10005148       0x38 ./Dave/Generated/ADC_MEASUREMENT_ADV/adc_measurement_adv.o
 .text.ADC_MEASUREMENT_ADV_Init
                0x10005180       0xf4 ./Dave/Generated/ADC_MEASUREMENT_ADV/adc_measurement_adv.o
                0x10005180                ADC_MEASUREMENT_ADV_Init
 .text.VOLT_CURR_TEMP_event_config
                0x10005274       0x18 ./Dave/Generated/ADC_MEASUREMENT_ADV/adc_measurement_adv_conf.o
 .text.ACOMP_event_config
                0x1000528c       0x18 ./Dave/Generated/ADC_MEASUREMENT_ADV/adc_measurement_adv_conf.o
 .text.DAVE_Init
                0x100052a4      0x234 ./Dave/Generated/DAVE.o
                0x100052a4                DAVE_Init
 .text.XMC_GPIO_SetOutputHigh
                0x100054d8       0x20 ./main.o
 .text.XMC_GPIO_SetOutputLow
                0x100054f8       0x24 ./main.o
 .text.XMC_GPIO_GetInput
                0x1000551c       0x28 ./main.o
 .text.DIGITAL_IO_SetOutputHigh
                0x10005544       0x20 ./main.o
 .text.DIGITAL_IO_SetOutputLow
                0x10005564       0x20 ./main.o
 .text.DIGITAL_IO_GetInput
                0x10005584       0x24 ./main.o
 .text.XMC_VADC_GROUP_GetResult
                0x100055a8       0x20 ./main.o
 .text.ADC_MEASUREMENT_ADV_GetResult
                0x100055c8       0x44 ./main.o
 .text.XMC_USIC_CH_RXFIFO_IsEmpty
                0x1000560c       0x24 ./main.o
 .text.UART_GetReceivedWord
                0x10005630       0x20 ./main.o
 .text.UART_IsRXFIFOEmpty
                0x10005650       0x1c ./main.o
 .text.PWM_enable_disable_toggle
                0x1000566c       0x50 ./main.o
                0x1000566c                PWM_enable_disable_toggle
 .text.check_threshold
                0x100056bc       0x4c ./main.o
                0x100056bc                check_threshold
 .text.average_calc
                0x10005708       0x5c ./main.o
                0x10005708                average_calc
 .text.main     0x10005764      0x7d0 ./main.o
                0x10005764                main
 .text.VADC0_G0_1_IRQHandler
                0x10005f34      0x2bc ./main.o
                0x10005f34                VADC0_G0_1_IRQHandler
 .text.VADC0_G1_1_IRQHandler
                0x100061f0      0x128 ./main.o
                0x100061f0                VADC0_G1_1_IRQHandler
 .text          0x10006318       0x74 c:/users/jutta.schuerba/desktop/dave-ide-4.4.2-64bit/eclipse/arm-gcc-49/bin/../lib/gcc/arm-none-eabi/4.9.3/armv6-m\libgcc.a(_arm_cmpsf2.o)
                0x10006318                __aeabi_cfrcmple
                0x10006320                __aeabi_cfcmpeq
                0x10006320                __aeabi_cfcmple
                0x10006330                __aeabi_fcmpeq
                0x1000633c                __aeabi_fcmplt
                0x10006350                __aeabi_fcmple
                0x10006364                __aeabi_fcmpgt
                0x10006378                __aeabi_fcmpge
 .text          0x1000638c       0x30 c:/users/jutta.schuerba/desktop/dave-ide-4.4.2-64bit/eclipse/arm-gcc-49/bin/../lib/gcc/arm-none-eabi/4.9.3/armv6-m\libgcc.a(_fixunssfsi.o)
                0x1000638c                __fixunssfsi
                0x1000638c                __aeabi_f2uiz
 .text          0x100063bc      0x2f8 c:/users/jutta.schuerba/desktop/dave-ide-4.4.2-64bit/eclipse/arm-gcc-49/bin/../lib/gcc/arm-none-eabi/4.9.3/armv6-m\libgcc.a(addsf3.o)
                0x100063bc                __aeabi_fadd
 .text          0x100066b4      0x270 c:/users/jutta.schuerba/desktop/dave-ide-4.4.2-64bit/eclipse/arm-gcc-49/bin/../lib/gcc/arm-none-eabi/4.9.3/armv6-m\libgcc.a(divsf3.o)
                0x100066b4                __aeabi_fdiv
 .text          0x10006924       0x54 c:/users/jutta.schuerba/desktop/dave-ide-4.4.2-64bit/eclipse/arm-gcc-49/bin/../lib/gcc/arm-none-eabi/4.9.3/armv6-m\libgcc.a(eqsf2.o)
                0x10006924                __eqsf2
                0x10006924                __nesf2
 .text          0x10006978       0x94 c:/users/jutta.schuerba/desktop/dave-ide-4.4.2-64bit/eclipse/arm-gcc-49/bin/../lib/gcc/arm-none-eabi/4.9.3/armv6-m\libgcc.a(gesf2.o)
                0x10006978                __gesf2
                0x10006978                __gtsf2
 .text          0x10006a0c       0x8c c:/users/jutta.schuerba/desktop/dave-ide-4.4.2-64bit/eclipse/arm-gcc-49/bin/../lib/gcc/arm-none-eabi/4.9.3/armv6-m\libgcc.a(lesf2.o)
                0x10006a0c                __ltsf2
                0x10006a0c                __lesf2
 .text          0x10006a98      0x264 c:/users/jutta.schuerba/desktop/dave-ide-4.4.2-64bit/eclipse/arm-gcc-49/bin/../lib/gcc/arm-none-eabi/4.9.3/armv6-m\libgcc.a(mulsf3.o)
                0x10006a98                __aeabi_fmul
 .text          0x10006cfc      0x2fc c:/users/jutta.schuerba/desktop/dave-ide-4.4.2-64bit/eclipse/arm-gcc-49/bin/../lib/gcc/arm-none-eabi/4.9.3/armv6-m\libgcc.a(subsf3.o)
                0x10006cfc                __aeabi_fsub
 .text          0x10006ff8       0x40 c:/users/jutta.schuerba/desktop/dave-ide-4.4.2-64bit/eclipse/arm-gcc-49/bin/../lib/gcc/arm-none-eabi/4.9.3/armv6-m\libgcc.a(fixsfsi.o)
                0x10006ff8                __aeabi_f2iz
 .text          0x10007038       0x90 c:/users/jutta.schuerba/desktop/dave-ide-4.4.2-64bit/eclipse/arm-gcc-49/bin/../lib/gcc/arm-none-eabi/4.9.3/armv6-m\libgcc.a(floatsisf.o)
                0x10007038                __aeabi_i2f
 .text          0x100070c8       0x90 c:/users/jutta.schuerba/desktop/dave-ide-4.4.2-64bit/eclipse/arm-gcc-49/bin/../lib/gcc/arm-none-eabi/4.9.3/armv6-m\libgcc.a(floatunsisf.o)
                0x100070c8                __aeabi_ui2f
 .text          0x10007158      0x650 c:/users/jutta.schuerba/desktop/dave-ide-4.4.2-64bit/eclipse/arm-gcc-49/bin/../lib/gcc/arm-none-eabi/4.9.3/armv6-m\libgcc.a(adddf3.o)
                0x10007158                __aeabi_dadd
 .text          0x100077a8      0x534 c:/users/jutta.schuerba/desktop/dave-ide-4.4.2-64bit/eclipse/arm-gcc-49/bin/../lib/gcc/arm-none-eabi/4.9.3/armv6-m\libgcc.a(muldf3.o)
                0x100077a8                __aeabi_dmul
 .text          0x10007cdc       0x6c c:/users/jutta.schuerba/desktop/dave-ide-4.4.2-64bit/eclipse/arm-gcc-49/bin/../lib/gcc/arm-none-eabi/4.9.3/armv6-m\libgcc.a(fixdfsi.o)
                0x10007cdc                __aeabi_d2iz
 .text          0x10007d48       0x78 c:/users/jutta.schuerba/desktop/dave-ide-4.4.2-64bit/eclipse/arm-gcc-49/bin/../lib/gcc/arm-none-eabi/4.9.3/armv6-m\libgcc.a(floatsidf.o)
                0x10007d48                __aeabi_i2d
 .text          0x10007dc0       0xa8 c:/users/jutta.schuerba/desktop/dave-ide-4.4.2-64bit/eclipse/arm-gcc-49/bin/../lib/gcc/arm-none-eabi/4.9.3/armv6-m\libgcc.a(extendsfdf2.o)
                0x10007dc0                __aeabi_f2d
 .text          0x10007e68      0x120 c:/users/jutta.schuerba/desktop/dave-ide-4.4.2-64bit/eclipse/arm-gcc-49/bin/../lib/gcc/arm-none-eabi/4.9.3/armv6-m\libgcc.a(truncdfsf2.o)
                0x10007e68                __aeabi_d2f
 .text          0x10007f88       0x3c c:/users/jutta.schuerba/desktop/dave-ide-4.4.2-64bit/eclipse/arm-gcc-49/bin/../lib/gcc/arm-none-eabi/4.9.3/armv6-m\libgcc.a(_clzsi2.o)
                0x10007f88                __clzsi2
 .text.__errno  0x10007fc4        0xc c:/users/jutta.schuerba/desktop/dave-ide-4.4.2-64bit/eclipse/arm-gcc-49/bin/../lib/gcc/arm-none-eabi/4.9.3/../../../../arm-none-eabi/lib/armv6-m\libg_nano.a(lib_a-errno.o)
                0x10007fc4                __errno
 .text.__libc_init_array
                0x10007fd0       0x4c c:/users/jutta.schuerba/desktop/dave-ide-4.4.2-64bit/eclipse/arm-gcc-49/bin/../lib/gcc/arm-none-eabi/4.9.3/../../../../arm-none-eabi/lib/armv6-m\libg_nano.a(lib_a-init.o)
                0x10007fd0                __libc_init_array
 .text.__cvt    0x1000801c       0xc8 c:/users/jutta.schuerba/desktop/dave-ide-4.4.2-64bit/eclipse/arm-gcc-49/bin/../lib/gcc/arm-none-eabi/4.9.3/../../../../arm-none-eabi/lib/armv6-m\libg_nano.a(lib_a-nano-vfprintf_float.o)
                0x1000801c                __cvt
 .text.__exponent
                0x100080e4       0x62 c:/users/jutta.schuerba/desktop/dave-ide-4.4.2-64bit/eclipse/arm-gcc-49/bin/../lib/gcc/arm-none-eabi/4.9.3/../../../../arm-none-eabi/lib/armv6-m\libg_nano.a(lib_a-nano-vfprintf_float.o)
                0x100080e4                __exponent
 *fill*         0x10008146        0x2 
 .text._printf_float
                0x10008148      0x470 c:/users/jutta.schuerba/desktop/dave-ide-4.4.2-64bit/eclipse/arm-gcc-49/bin/../lib/gcc/arm-none-eabi/4.9.3/../../../../arm-none-eabi/lib/armv6-m\libg_nano.a(lib_a-nano-vfprintf_float.o)
                0x10008148                _printf_float
 .text._printf_common
                0x100085b8       0xdc c:/users/jutta.schuerba/desktop/dave-ide-4.4.2-64bit/eclipse/arm-gcc-49/bin/../lib/gcc/arm-none-eabi/4.9.3/../../../../arm-none-eabi/lib/armv6-m\libg_nano.a(lib_a-nano-vfprintf_i.o)
                0x100085b8                _printf_common
 .text._printf_i
                0x10008694      0x230 c:/users/jutta.schuerba/desktop/dave-ide-4.4.2-64bit/eclipse/arm-gcc-49/bin/../lib/gcc/arm-none-eabi/4.9.3/../../../../arm-none-eabi/lib/armv6-m\libg_nano.a(lib_a-nano-vfprintf_i.o)
                0x10008694                _printf_i
 .text.__fpclassifyd
                0x100088c4       0x50 c:/users/jutta.schuerba/desktop/dave-ide-4.4.2-64bit/eclipse/arm-gcc-49/bin/../lib/gcc/arm-none-eabi/4.9.3/../../../../arm-none-eabi/lib/armv6-m\libg_nano.a(lib_a-s_fpclassify.o)
                0x100088c4                __fpclassifyd
 .text.sprintf  0x10008914       0x44 c:/users/jutta.schuerba/desktop/dave-ide-4.4.2-64bit/eclipse/arm-gcc-49/bin/../lib/gcc/arm-none-eabi/4.9.3/../../../../arm-none-eabi/lib/armv6-m\libg_nano.a(lib_a-sprintf.o)
                0x10008914                siprintf
                0x10008914                sprintf
 .text.strlen   0x10008958        0xe c:/users/jutta.schuerba/desktop/dave-ide-4.4.2-64bit/eclipse/arm-gcc-49/bin/../lib/gcc/arm-none-eabi/4.9.3/../../../../arm-none-eabi/lib/armv6-m\libg_nano.a(lib_a-strlen.o)
                0x10008958                strlen
 .text.quorem   0x10008966      0x10e c:/users/jutta.schuerba/desktop/dave-ide-4.4.2-64bit/eclipse/arm-gcc-49/bin/../lib/gcc/arm-none-eabi/4.9.3/../../../../arm-none-eabi/lib/armv6-m\libg_nano.a(lib_a-dtoa.o)
 .text._dtoa_r  0x10008a74      0xc00 c:/users/jutta.schuerba/desktop/dave-ide-4.4.2-64bit/eclipse/arm-gcc-49/bin/../lib/gcc/arm-none-eabi/4.9.3/../../../../arm-none-eabi/lib/armv6-m\libg_nano.a(lib_a-dtoa.o)
                0x10008a74                _dtoa_r
 .text._localeconv_r
                0x10009674        0x8 c:/users/jutta.schuerba/desktop/dave-ide-4.4.2-64bit/eclipse/arm-gcc-49/bin/../lib/gcc/arm-none-eabi/4.9.3/../../../../arm-none-eabi/lib/armv6-m\libg_nano.a(lib_a-locale.o)
                0x10009674                _localeconv_r
 .text.malloc   0x1000967c       0x14 c:/users/jutta.schuerba/desktop/dave-ide-4.4.2-64bit/eclipse/arm-gcc-49/bin/../lib/gcc/arm-none-eabi/4.9.3/../../../../arm-none-eabi/lib/armv6-m\libg_nano.a(lib_a-malloc.o)
                0x1000967c                malloc
 .text.memchr   0x10009690       0x16 c:/users/jutta.schuerba/desktop/dave-ide-4.4.2-64bit/eclipse/arm-gcc-49/bin/../lib/gcc/arm-none-eabi/4.9.3/../../../../arm-none-eabi/lib/armv6-m\libg_nano.a(lib_a-memchr.o)
                0x10009690                memchr
 .text.memcpy   0x100096a6       0x12 c:/users/jutta.schuerba/desktop/dave-ide-4.4.2-64bit/eclipse/arm-gcc-49/bin/../lib/gcc/arm-none-eabi/4.9.3/../../../../arm-none-eabi/lib/armv6-m\libg_nano.a(lib_a-memcpy.o)
                0x100096a6                memcpy
 .text._Balloc  0x100096b8       0x70 c:/users/jutta.schuerba/desktop/dave-ide-4.4.2-64bit/eclipse/arm-gcc-49/bin/../lib/gcc/arm-none-eabi/4.9.3/../../../../arm-none-eabi/lib/armv6-m\libg_nano.a(lib_a-mprec.o)
                0x100096b8                _Balloc
 .text._Bfree   0x10009728       0x32 c:/users/jutta.schuerba/desktop/dave-ide-4.4.2-64bit/eclipse/arm-gcc-49/bin/../lib/gcc/arm-none-eabi/4.9.3/../../../../arm-none-eabi/lib/armv6-m\libg_nano.a(lib_a-mprec.o)
                0x10009728                _Bfree
 .text.__multadd
                0x1000975a       0x78 c:/users/jutta.schuerba/desktop/dave-ide-4.4.2-64bit/eclipse/arm-gcc-49/bin/../lib/gcc/arm-none-eabi/4.9.3/../../../../arm-none-eabi/lib/armv6-m\libg_nano.a(lib_a-mprec.o)
                0x1000975a                __multadd
 .text.__hi0bits
                0x100097d2       0x36 c:/users/jutta.schuerba/desktop/dave-ide-4.4.2-64bit/eclipse/arm-gcc-49/bin/../lib/gcc/arm-none-eabi/4.9.3/../../../../arm-none-eabi/lib/armv6-m\libg_nano.a(lib_a-mprec.o)
                0x100097d2                __hi0bits
 .text.__lo0bits
                0x10009808       0x5e c:/users/jutta.schuerba/desktop/dave-ide-4.4.2-64bit/eclipse/arm-gcc-49/bin/../lib/gcc/arm-none-eabi/4.9.3/../../../../arm-none-eabi/lib/armv6-m\libg_nano.a(lib_a-mprec.o)
                0x10009808                __lo0bits
 .text.__i2b    0x10009866       0x12 c:/users/jutta.schuerba/desktop/dave-ide-4.4.2-64bit/eclipse/arm-gcc-49/bin/../lib/gcc/arm-none-eabi/4.9.3/../../../../arm-none-eabi/lib/armv6-m\libg_nano.a(lib_a-mprec.o)
                0x10009866                __i2b
 .text.__multiply
                0x10009878      0x11a c:/users/jutta.schuerba/desktop/dave-ide-4.4.2-64bit/eclipse/arm-gcc-49/bin/../lib/gcc/arm-none-eabi/4.9.3/../../../../arm-none-eabi/lib/armv6-m\libg_nano.a(lib_a-mprec.o)
                0x10009878                __multiply
 *fill*         0x10009992        0x2 
 .text.__pow5mult
                0x10009994       0xa4 c:/users/jutta.schuerba/desktop/dave-ide-4.4.2-64bit/eclipse/arm-gcc-49/bin/../lib/gcc/arm-none-eabi/4.9.3/../../../../arm-none-eabi/lib/armv6-m\libg_nano.a(lib_a-mprec.o)
                0x10009994                __pow5mult
 .text.__lshift
                0x10009a38       0xa4 c:/users/jutta.schuerba/desktop/dave-ide-4.4.2-64bit/eclipse/arm-gcc-49/bin/../lib/gcc/arm-none-eabi/4.9.3/../../../../arm-none-eabi/lib/armv6-m\libg_nano.a(lib_a-mprec.o)
                0x10009a38                __lshift
 .text.__mcmp   0x10009adc       0x36 c:/users/jutta.schuerba/desktop/dave-ide-4.4.2-64bit/eclipse/arm-gcc-49/bin/../lib/gcc/arm-none-eabi/4.9.3/../../../../arm-none-eabi/lib/armv6-m\libg_nano.a(lib_a-mprec.o)
                0x10009adc                __mcmp
 .text.__mdiff  0x10009b12       0xd6 c:/users/jutta.schuerba/desktop/dave-ide-4.4.2-64bit/eclipse/arm-gcc-49/bin/../lib/gcc/arm-none-eabi/4.9.3/../../../../arm-none-eabi/lib/armv6-m\libg_nano.a(lib_a-mprec.o)
                0x10009b12                __mdiff
 .text.__d2b    0x10009be8       0xa8 c:/users/jutta.schuerba/desktop/dave-ide-4.4.2-64bit/eclipse/arm-gcc-49/bin/../lib/gcc/arm-none-eabi/4.9.3/../../../../arm-none-eabi/lib/armv6-m\libg_nano.a(lib_a-mprec.o)
                0x10009be8                __d2b
 .text._calloc_r
                0x10009c90       0x1c c:/users/jutta.schuerba/desktop/dave-ide-4.4.2-64bit/eclipse/arm-gcc-49/bin/../lib/gcc/arm-none-eabi/4.9.3/../../../../arm-none-eabi/lib/armv6-m\libg_nano.a(lib_a-nano-callocr.o)
                0x10009c90                _calloc_r
 .text._free_r  0x10009cac       0x8c c:/users/jutta.schuerba/desktop/dave-ide-4.4.2-64bit/eclipse/arm-gcc-49/bin/../lib/gcc/arm-none-eabi/4.9.3/../../../../arm-none-eabi/lib/armv6-m\libg_nano.a(lib_a-nano-freer.o)
                0x10009cac                _free_r
 .text._malloc_r
                0x10009d38       0xb0 c:/users/jutta.schuerba/desktop/dave-ide-4.4.2-64bit/eclipse/arm-gcc-49/bin/../lib/gcc/arm-none-eabi/4.9.3/../../../../arm-none-eabi/lib/armv6-m\libg_nano.a(lib_a-nano-mallocr.o)
                0x10009d38                _malloc_r
 .text.__ssputs_r
                0x10009de8       0xc0 c:/users/jutta.schuerba/desktop/dave-ide-4.4.2-64bit/eclipse/arm-gcc-49/bin/../lib/gcc/arm-none-eabi/4.9.3/../../../../arm-none-eabi/lib/armv6-m\libg_nano.a(lib_a-nano-svfprintf.o)
                0x10009de8                __ssputs_r
 .text._svfprintf_r
                0x10009ea8      0x1ec c:/users/jutta.schuerba/desktop/dave-ide-4.4.2-64bit/eclipse/arm-gcc-49/bin/../lib/gcc/arm-none-eabi/4.9.3/../../../../arm-none-eabi/lib/armv6-m\libg_nano.a(lib_a-nano-svfprintf.o)
                0x10009ea8                _svfiprintf_r
                0x10009ea8                _svfprintf_r
 .text._sbrk_r  0x1000a094       0x24 c:/users/jutta.schuerba/desktop/dave-ide-4.4.2-64bit/eclipse/arm-gcc-49/bin/../lib/gcc/arm-none-eabi/4.9.3/../../../../arm-none-eabi/lib/armv6-m\libg_nano.a(lib_a-sbrkr.o)
                0x1000a094                _sbrk_r
 .text.memmove  0x1000a0b8       0x28 c:/users/jutta.schuerba/desktop/dave-ide-4.4.2-64bit/eclipse/arm-gcc-49/bin/../lib/gcc/arm-none-eabi/4.9.3/../../../../arm-none-eabi/lib/armv6-m\libg_nano.a(lib_a-memmove.o)
                0x1000a0b8                memmove
 .text.memset   0x1000a0e0       0x10 c:/users/jutta.schuerba/desktop/dave-ide-4.4.2-64bit/eclipse/arm-gcc-49/bin/../lib/gcc/arm-none-eabi/4.9.3/../../../../arm-none-eabi/lib/armv6-m\libg_nano.a(lib_a-memset.o)
                0x1000a0e0                memset
 .text._realloc_r
                0x1000a0f0       0x4c c:/users/jutta.schuerba/desktop/dave-ide-4.4.2-64bit/eclipse/arm-gcc-49/bin/../lib/gcc/arm-none-eabi/4.9.3/../../../../arm-none-eabi/lib/armv6-m\libg_nano.a(lib_a-nano-reallocr.o)
                0x1000a0f0                _realloc_r
 .text._malloc_usable_size_r
                0x1000a13c       0x16 c:/users/jutta.schuerba/desktop/dave-ide-4.4.2-64bit/eclipse/arm-gcc-49/bin/../lib/gcc/arm-none-eabi/4.9.3/../../../../arm-none-eabi/lib/armv6-m\libg_nano.a(lib_a-nano-msizer.o)
                0x1000a13c                _malloc_usable_size_r
 *fill*         0x1000a152        0x2 
 .text          0x1000a154       0x14 c:/users/jutta.schuerba/desktop/dave-ide-4.4.2-64bit/eclipse/arm-gcc-49/bin/../lib/gcc/arm-none-eabi/4.9.3/armv6-m\libgcc.a(_thumb1_case_uqi.o)
                0x1000a154                __gnu_thumb1_case_uqi
 .text          0x1000a168       0x7c c:/users/jutta.schuerba/desktop/dave-ide-4.4.2-64bit/eclipse/arm-gcc-49/bin/../lib/gcc/arm-none-eabi/4.9.3/armv6-m\libgcc.a(_arm_cmpdf2.o)
                0x1000a168                __aeabi_cdrcmple
                0x1000a178                __aeabi_cdcmple
                0x1000a178                __aeabi_cdcmpeq
                0x1000a188                __aeabi_dcmpeq
                0x1000a194                __aeabi_dcmplt
                0x1000a1a8                __aeabi_dcmple
                0x1000a1bc                __aeabi_dcmpgt
                0x1000a1d0                __aeabi_dcmpge
 .text          0x1000a1e4      0x648 c:/users/jutta.schuerba/desktop/dave-ide-4.4.2-64bit/eclipse/arm-gcc-49/bin/../lib/gcc/arm-none-eabi/4.9.3/armv6-m\libgcc.a(divdf3.o)
                0x1000a1e4                __aeabi_ddiv
 .text          0x1000a82c       0x88 c:/users/jutta.schuerba/desktop/dave-ide-4.4.2-64bit/eclipse/arm-gcc-49/bin/../lib/gcc/arm-none-eabi/4.9.3/armv6-m\libgcc.a(eqdf2.o)
                0x1000a82c                __nedf2
                0x1000a82c                __eqdf2
 .text          0x1000a8b4       0xe0 c:/users/jutta.schuerba/desktop/dave-ide-4.4.2-64bit/eclipse/arm-gcc-49/bin/../lib/gcc/arm-none-eabi/4.9.3/armv6-m\libgcc.a(gedf2.o)
                0x1000a8b4                __gedf2
                0x1000a8b4                __gtdf2
 .text          0x1000a994       0xcc c:/users/jutta.schuerba/desktop/dave-ide-4.4.2-64bit/eclipse/arm-gcc-49/bin/../lib/gcc/arm-none-eabi/4.9.3/armv6-m\libgcc.a(ledf2.o)
                0x1000a994                __ledf2
                0x1000a994                __ltdf2
 .text          0x1000aa60      0x6f4 c:/users/jutta.schuerba/desktop/dave-ide-4.4.2-64bit/eclipse/arm-gcc-49/bin/../lib/gcc/arm-none-eabi/4.9.3/armv6-m\libgcc.a(subdf3.o)
                0x1000aa60                __aeabi_dsub
 .text          0x1000b154       0x64 c:/users/jutta.schuerba/desktop/dave-ide-4.4.2-64bit/eclipse/arm-gcc-49/bin/../lib/gcc/arm-none-eabi/4.9.3/armv6-m\libgcc.a(floatunsidf.o)
                0x1000b154                __aeabi_ui2d
 *(.init)
 *(.fini)
 *crtbegin.o(.ctors)
 *crtbegin?.o(.ctors)
 *(EXCLUDE_FILE(*crtend.o *crtend?.o) .ctors)
 *(SORT(.ctors.*))
 *(.ctors)
 *crtbegin.o(.dtors)
 *crtbegin?.o(.dtors)
 *(EXCLUDE_FILE(*crtend.o *crtend?.o) .dtors)
 *(SORT(.dtors.*))
 *(.dtors)
 *(.rodata .rodata.*)
 .rodata.XMC_CCU4_SLICE_SetInterruptNode
                0x1000b1b8       0x28 ./Libraries/XMCLib/src/xmc_ccu4.o
 .rodata.XMC_CCU8_SLICE_SetInterruptNode
                0x1000b1e0       0x28 ./Libraries/XMCLib/src/xmc_ccu8.o
 .rodata.g_xmc_vadc_group_array
                0x1000b208        0x8 ./Libraries/XMCLib/src/xmc_vadc.o
 .rodata.COM_channel_config
                0x1000b210        0xc ./Dave/Generated/UART/uart_conf.o
                0x1000b210                COM_channel_config
 .rodata.COM_tx_pin_config
                0x1000b21c        0x8 ./Dave/Generated/UART/uart_conf.o
                0x1000b21c                COM_tx_pin_config
 .rodata.COM_tx_pin
                0x1000b224        0xc ./Dave/Generated/UART/uart_conf.o
                0x1000b224                COM_tx_pin
 .rodata.COM_config
                0x1000b230       0x30 ./Dave/Generated/UART/uart_conf.o
                0x1000b230                COM_config
 .rodata.COM_rx_pin_config
                0x1000b260        0x8 ./Dave/Generated/UART/uart_conf.o
                0x1000b260                COM_rx_pin_config
 .rodata.RS232_channel_config
                0x1000b268        0xc ./Dave/Generated/UART/uart_conf.o
                0x1000b268                RS232_channel_config
 .rodata.RS232_tx_pin_config
                0x1000b274        0x8 ./Dave/Generated/UART/uart_conf.o
                0x1000b274                RS232_tx_pin_config
 .rodata.RS232_tx_pin
                0x1000b27c        0xc ./Dave/Generated/UART/uart_conf.o
                0x1000b27c                RS232_tx_pin
 .rodata.RS232_config
                0x1000b288       0x30 ./Dave/Generated/UART/uart_conf.o
                0x1000b288                RS232_config
 .rodata.RS232_rx_pin_config
                0x1000b2b8        0x8 ./Dave/Generated/UART/uart_conf.o
                0x1000b2b8                RS232_rx_pin_config
 .rodata.PWM_timer_handle
                0x1000b2c0       0x10 ./Dave/Generated/PWM_CCU8/pwm_ccu8_conf.o
                0x1000b2c0                PWM_timer_handle
 .rodata.PWM_event0_config
                0x1000b2d0        0x4 ./Dave/Generated/PWM_CCU8/pwm_ccu8_conf.o
                0x1000b2d0                PWM_event0_config
 .rodata.PWM_event1_config
                0x1000b2d4        0x4 ./Dave/Generated/PWM_CCU8/pwm_ccu8_conf.o
                0x1000b2d4                PWM_event1_config
 .rodata.PWM_event2_config
                0x1000b2d8        0x4 ./Dave/Generated/PWM_CCU8/pwm_ccu8_conf.o
                0x1000b2d8                PWM_event2_config
 .rodata.PWM_dt_config
                0x1000b2dc        0xc ./Dave/Generated/PWM_CCU8/pwm_ccu8_conf.o
                0x1000b2dc                PWM_dt_config
 .rodata.PWM_ch1_out0_config
                0x1000b2e8        0x8 ./Dave/Generated/PWM_CCU8/pwm_ccu8_conf.o
                0x1000b2e8                PWM_ch1_out0_config
 .rodata.PWM_ch1_out1_config
                0x1000b2f0        0x8 ./Dave/Generated/PWM_CCU8/pwm_ccu8_conf.o
                0x1000b2f0                PWM_ch1_out1_config
 .rodata.PWM_config_handle
                0x1000b2f8       0x90 ./Dave/Generated/PWM_CCU8/pwm_ccu8_conf.o
                0x1000b2f8                PWM_config_handle
 .rodata.PULSE_5MS_timer_handle
                0x1000b388        0x8 ./Dave/Generated/PWM_CCU4/pwm_ccu4_conf.o
                0x1000b388                PULSE_5MS_timer_handle
 .rodata.PULSE_5MS_event0_config
                0x1000b390        0x4 ./Dave/Generated/PWM_CCU4/pwm_ccu4_conf.o
                0x1000b390                PULSE_5MS_event0_config
 .rodata.PULSE_5MS_event1_config
                0x1000b394        0x4 ./Dave/Generated/PWM_CCU4/pwm_ccu4_conf.o
                0x1000b394                PULSE_5MS_event1_config
 .rodata.PULSE_5MS_event2_config
                0x1000b398        0x4 ./Dave/Generated/PWM_CCU4/pwm_ccu4_conf.o
                0x1000b398                PULSE_5MS_event2_config
 .rodata.PULSE_5MS_config_handle
                0x1000b39c       0x50 ./Dave/Generated/PWM_CCU4/pwm_ccu4_conf.o
                0x1000b39c                PULSE_5MS_config_handle
 .rodata.PULSE_250US_timer_handle
                0x1000b3ec        0x8 ./Dave/Generated/PWM_CCU4/pwm_ccu4_conf.o
                0x1000b3ec                PULSE_250US_timer_handle
 .rodata.PULSE_250US_event0_config
                0x1000b3f4        0x4 ./Dave/Generated/PWM_CCU4/pwm_ccu4_conf.o
                0x1000b3f4                PULSE_250US_event0_config
 .rodata.PULSE_250US_event1_config
                0x1000b3f8        0x4 ./Dave/Generated/PWM_CCU4/pwm_ccu4_conf.o
                0x1000b3f8                PULSE_250US_event1_config
 .rodata.PULSE_250US_event2_config
                0x1000b3fc        0x4 ./Dave/Generated/PWM_CCU4/pwm_ccu4_conf.o
                0x1000b3fc                PULSE_250US_event2_config
 .rodata.PULSE_250US_config_handle
                0x1000b400       0x50 ./Dave/Generated/PWM_CCU4/pwm_ccu4_conf.o
                0x1000b400                PULSE_250US_config_handle
 .rodata.TASK_20MS
                0x1000b450        0x4 ./Dave/Generated/INTERRUPT/interrupt_conf.o
                0x1000b450                TASK_20MS
 .rodata.ACOMP_1MS
                0x1000b454        0x4 ./Dave/Generated/INTERRUPT/interrupt_conf.o
                0x1000b454                ACOMP_1MS
 .rodata.group_init_handle0
                0x1000b458       0x14 ./Dave/Generated/GLOBAL_ADC/global_adc_conf.o
                0x1000b458                group_init_handle0
 .rodata.group_init_handle1
                0x1000b46c       0x14 ./Dave/Generated/GLOBAL_ADC/global_adc_conf.o
                0x1000b46c                group_init_handle1
 .rodata.global_config
                0x1000b480       0x18 ./Dave/Generated/GLOBAL_ADC/global_adc_conf.o
                0x1000b480                global_config
 .rodata.PWM_ENABLE
                0x1000b498       0x10 ./Dave/Generated/DIGITAL_IO/digital_io_conf.o
                0x1000b498                PWM_ENABLE
 .rodata.ENC_B  0x1000b4a8       0x10 ./Dave/Generated/DIGITAL_IO/digital_io_conf.o
                0x1000b4a8                ENC_B
 .rodata.ENC_A  0x1000b4b8       0x10 ./Dave/Generated/DIGITAL_IO/digital_io_conf.o
                0x1000b4b8                ENC_A
 .rodata.B_LED  0x1000b4c8       0x10 ./Dave/Generated/DIGITAL_IO/digital_io_conf.o
                0x1000b4c8                B_LED
 .rodata.G_LED  0x1000b4d8       0x10 ./Dave/Generated/DIGITAL_IO/digital_io_conf.o
                0x1000b4d8                G_LED
 .rodata.R_LED  0x1000b4e8       0x10 ./Dave/Generated/DIGITAL_IO/digital_io_conf.o
                0x1000b4e8                R_LED
 .rodata.JMP_4  0x1000b4f8       0x10 ./Dave/Generated/DIGITAL_IO/digital_io_conf.o
                0x1000b4f8                JMP_4
 .rodata.ENC_Switch
                0x1000b508       0x10 ./Dave/Generated/DIGITAL_IO/digital_io_conf.o
                0x1000b508                ENC_Switch
 .rodata.JMP_3  0x1000b518       0x10 ./Dave/Generated/DIGITAL_IO/digital_io_conf.o
                0x1000b518                JMP_3
 .rodata.JMP_2  0x1000b528       0x10 ./Dave/Generated/DIGITAL_IO/digital_io_conf.o
                0x1000b528                JMP_2
 .rodata.JMP_1  0x1000b538       0x10 ./Dave/Generated/DIGITAL_IO/digital_io_conf.o
                0x1000b538                JMP_1
 .rodata        0x1000b548        0xc ./Dave/Generated/CLOCK_XMC1/clock_xmc1_conf.o
 .rodata.group_ptrs
                0x1000b554        0x8 ./Dave/Generated/ADC_MEASUREMENT_ADV/adc_measurement_adv.o
                0x1000b554                group_ptrs
 .rodata.VOLT_CURR_TEMP_Voltage_ch_config
                0x1000b55c       0x10 ./Dave/Generated/ADC_MEASUREMENT_ADV/adc_measurement_adv_conf.o
 .rodata.VOLT_CURR_TEMP_Voltage_res_config
                0x1000b56c        0x4 ./Dave/Generated/ADC_MEASUREMENT_ADV/adc_measurement_adv_conf.o
 .rodata.VOLT_CURR_TEMP_Voltage_handle
                0x1000b570        0xc ./Dave/Generated/ADC_MEASUREMENT_ADV/adc_measurement_adv_conf.o
                0x1000b570                VOLT_CURR_TEMP_Voltage_handle
 .rodata.VOLT_CURR_TEMP_Current_ch_config
                0x1000b57c       0x10 ./Dave/Generated/ADC_MEASUREMENT_ADV/adc_measurement_adv_conf.o
 .rodata.VOLT_CURR_TEMP_Current_res_config
                0x1000b58c        0x4 ./Dave/Generated/ADC_MEASUREMENT_ADV/adc_measurement_adv_conf.o
 .rodata.VOLT_CURR_TEMP_Current_handle
                0x1000b590        0xc ./Dave/Generated/ADC_MEASUREMENT_ADV/adc_measurement_adv_conf.o
                0x1000b590                VOLT_CURR_TEMP_Current_handle
 .rodata.VOLT_CURR_TEMP_Temperature_ch_config
                0x1000b59c       0x10 ./Dave/Generated/ADC_MEASUREMENT_ADV/adc_measurement_adv_conf.o
 .rodata.VOLT_CURR_TEMP_Temperature_res_config
                0x1000b5ac        0x4 ./Dave/Generated/ADC_MEASUREMENT_ADV/adc_measurement_adv_conf.o
 .rodata.VOLT_CURR_TEMP_Temperature_handle
                0x1000b5b0        0xc ./Dave/Generated/ADC_MEASUREMENT_ADV/adc_measurement_adv_conf.o
                0x1000b5b0                VOLT_CURR_TEMP_Temperature_handle
 .rodata.VOLT_CURR_TEMP_queue_config
                0x1000b5bc        0xc ./Dave/Generated/ADC_MEASUREMENT_ADV/adc_measurement_adv_conf.o
 .rodata.VOLT_CURR_TEMP_queue_handle
                0x1000b5c8       0x18 ./Dave/Generated/ADC_MEASUREMENT_ADV/adc_measurement_adv_conf.o
 .rodata.VOLT_CURR_TEMP_Voltage_queue_entry_0
                0x1000b5e0        0x4 ./Dave/Generated/ADC_MEASUREMENT_ADV/adc_measurement_adv_conf.o
 .rodata.VOLT_CURR_TEMP_Current_queue_entry_1
                0x1000b5e4        0x4 ./Dave/Generated/ADC_MEASUREMENT_ADV/adc_measurement_adv_conf.o
 .rodata.VOLT_CURR_TEMP_Temperature_queue_entry_2
                0x1000b5e8        0x4 ./Dave/Generated/ADC_MEASUREMENT_ADV/adc_measurement_adv_conf.o
 .rodata.VOLT_CURR_TEMP
                0x1000b5ec       0x1c ./Dave/Generated/ADC_MEASUREMENT_ADV/adc_measurement_adv_conf.o
                0x1000b5ec                VOLT_CURR_TEMP
 .rodata.ACOMP_ACOMP_ch_config
                0x1000b608       0x10 ./Dave/Generated/ADC_MEASUREMENT_ADV/adc_measurement_adv_conf.o
 .rodata.ACOMP_ACOMP_res_config
                0x1000b618        0x4 ./Dave/Generated/ADC_MEASUREMENT_ADV/adc_measurement_adv_conf.o
 .rodata.ACOMP_ACOMP_handle
                0x1000b61c        0xc ./Dave/Generated/ADC_MEASUREMENT_ADV/adc_measurement_adv_conf.o
                0x1000b61c                ACOMP_ACOMP_handle
 .rodata.ACOMP_VRef_ch_config
                0x1000b628       0x10 ./Dave/Generated/ADC_MEASUREMENT_ADV/adc_measurement_adv_conf.o
 .rodata.ACOMP_VRef_res_config
                0x1000b638        0x4 ./Dave/Generated/ADC_MEASUREMENT_ADV/adc_measurement_adv_conf.o
 .rodata.ACOMP_VRef_handle
                0x1000b63c        0xc ./Dave/Generated/ADC_MEASUREMENT_ADV/adc_measurement_adv_conf.o
                0x1000b63c                ACOMP_VRef_handle
 .rodata.ACOMP_queue_config
                0x1000b648        0xc ./Dave/Generated/ADC_MEASUREMENT_ADV/adc_measurement_adv_conf.o
 .rodata.ACOMP_queue_handle
                0x1000b654       0x18 ./Dave/Generated/ADC_MEASUREMENT_ADV/adc_measurement_adv_conf.o
 .rodata.ACOMP_ACOMP_queue_entry_0
                0x1000b66c        0x4 ./Dave/Generated/ADC_MEASUREMENT_ADV/adc_measurement_adv_conf.o
 .rodata.ACOMP_VRef_queue_entry_1
                0x1000b670        0x4 ./Dave/Generated/ADC_MEASUREMENT_ADV/adc_measurement_adv_conf.o
 .rodata.ACOMP  0x1000b674       0x1c ./Dave/Generated/ADC_MEASUREMENT_ADV/adc_measurement_adv_conf.o
                0x1000b674                ACOMP
 .rodata        0x1000b690       0x90 ./main.o
 .rodata        0x1000b720       0x80 c:/users/jutta.schuerba/desktop/dave-ide-4.4.2-64bit/eclipse/arm-gcc-49/bin/../lib/gcc/arm-none-eabi/4.9.3/armv6-m\libgcc.a(divsf3.o)
 .rodata        0x1000b7a0       0x40 c:/users/jutta.schuerba/desktop/dave-ide-4.4.2-64bit/eclipse/arm-gcc-49/bin/../lib/gcc/arm-none-eabi/4.9.3/armv6-m\libgcc.a(mulsf3.o)
 .rodata        0x1000b7e0       0x40 c:/users/jutta.schuerba/desktop/dave-ide-4.4.2-64bit/eclipse/arm-gcc-49/bin/../lib/gcc/arm-none-eabi/4.9.3/armv6-m\libgcc.a(muldf3.o)
 .rodata.str1.1
                0x1000b820        0x2 c:/users/jutta.schuerba/desktop/dave-ide-4.4.2-64bit/eclipse/arm-gcc-49/bin/../lib/gcc/arm-none-eabi/4.9.3/../../../../arm-none-eabi/lib/armv6-m\libg_nano.a(lib_a-impure.o)
 .rodata.str1.1
                0x1000b822       0x12 c:/users/jutta.schuerba/desktop/dave-ide-4.4.2-64bit/eclipse/arm-gcc-49/bin/../lib/gcc/arm-none-eabi/4.9.3/../../../../arm-none-eabi/lib/armv6-m\libg_nano.a(lib_a-nano-vfprintf_float.o)
 .rodata.str1.1
                0x1000b834       0x22 c:/users/jutta.schuerba/desktop/dave-ide-4.4.2-64bit/eclipse/arm-gcc-49/bin/../lib/gcc/arm-none-eabi/4.9.3/../../../../arm-none-eabi/lib/armv6-m\libg_nano.a(lib_a-nano-vfprintf_i.o)
 .rodata.str1.1
                0x1000b856        0xd c:/users/jutta.schuerba/desktop/dave-ide-4.4.2-64bit/eclipse/arm-gcc-49/bin/../lib/gcc/arm-none-eabi/4.9.3/../../../../arm-none-eabi/lib/armv6-m\libg_nano.a(lib_a-dtoa.o)
                                  0xf (size before relaxing)
 .rodata.str1.1
                0x1000b863        0x8 c:/users/jutta.schuerba/desktop/dave-ide-4.4.2-64bit/eclipse/arm-gcc-49/bin/../lib/gcc/arm-none-eabi/4.9.3/../../../../arm-none-eabi/lib/armv6-m\libg_nano.a(lib_a-locale.o)
                                  0xb (size before relaxing)
 *fill*         0x1000b86b        0x5 
 .rodata.__mprec_tens
                0x1000b870       0xc8 c:/users/jutta.schuerba/desktop/dave-ide-4.4.2-64bit/eclipse/arm-gcc-49/bin/../lib/gcc/arm-none-eabi/4.9.3/../../../../arm-none-eabi/lib/armv6-m\libg_nano.a(lib_a-mprec.o)
                0x1000b870                __mprec_tens
 .rodata.__mprec_bigtens
                0x1000b938       0x28 c:/users/jutta.schuerba/desktop/dave-ide-4.4.2-64bit/eclipse/arm-gcc-49/bin/../lib/gcc/arm-none-eabi/4.9.3/../../../../arm-none-eabi/lib/armv6-m\libg_nano.a(lib_a-mprec.o)
                0x1000b938                __mprec_bigtens
 .rodata.p05.5277
                0x1000b960        0xc c:/users/jutta.schuerba/desktop/dave-ide-4.4.2-64bit/eclipse/arm-gcc-49/bin/../lib/gcc/arm-none-eabi/4.9.3/../../../../arm-none-eabi/lib/armv6-m\libg_nano.a(lib_a-mprec.o)
 .rodata.str1.1
                0x1000b96c       0x11 c:/users/jutta.schuerba/desktop/dave-ide-4.4.2-64bit/eclipse/arm-gcc-49/bin/../lib/gcc/arm-none-eabi/4.9.3/../../../../arm-none-eabi/lib/armv6-m\libg_nano.a(lib_a-nano-svfprintf.o)
 *fill*         0x1000b97d        0x3 
 .rodata        0x1000b980       0x40 c:/users/jutta.schuerba/desktop/dave-ide-4.4.2-64bit/eclipse/arm-gcc-49/bin/../lib/gcc/arm-none-eabi/4.9.3/armv6-m\libgcc.a(divdf3.o)
 *(.gnu.linkonce.r*)
 *(vtable)
                0x1000b9c0                . = ALIGN (0x4)

.glue_7         0x1000b9c0        0x0
 .glue_7        0x00000000        0x0 linker stubs

.glue_7t        0x1000b9c0        0x0
 .glue_7t       0x00000000        0x0 linker stubs

.vfp11_veneer   0x1000b9c0        0x0
 .vfp11_veneer  0x00000000        0x0 linker stubs

.v4_bx          0x1000b9c0        0x0
 .v4_bx         0x00000000        0x0 linker stubs

.iplt           0x1000b9c0        0x0
 .iplt          0x00000000        0x0 ./Startup/startup_XMC1300.o

.eh_frame_hdr
 *(.eh_frame_hdr)

.eh_frame       0x1000b9c0        0x0
 *(.eh_frame)
 .eh_frame      0x1000b9c0        0x0 c:/users/jutta.schuerba/desktop/dave-ide-4.4.2-64bit/eclipse/arm-gcc-49/bin/../lib/gcc/arm-none-eabi/4.9.3/../../../../arm-none-eabi/lib/armv6-m\libg_nano.a(lib_a-strcmp.o)
                                 0x28 (size before relaxing)

.ARM.extab
 *(.ARM.extab* .gnu.linkonce.armextab.*)
                0x1000b9c0                . = ALIGN (0x4)
                0x1000b9c0                __exidx_start = .

.ARM.exidx
 *(.ARM.exidx* .gnu.linkonce.armexidx.*)
                0x1000b9c0                __exidx_end = .
                0x1000b9c0                . = ALIGN (0x4)

.VENEER_Code    0x2000000c      0x138 load address 0x1000b9c0
                0x2000000c                . = ALIGN (0x4)
                0x2000000c                VeneerStart = .
 *(.XmcVeneerCode)
 .XmcVeneerCode
                0x2000000c      0x138 ./Startup/startup_XMC1300.o
                0x2000000c                HardFault_Veneer
                0x2000002c                SVC_Veneer
                0x20000038                PendSV_Veneer
                0x2000003c                SysTick_Veneer
                0x20000040                SCU_0_Veneer
                0x20000044                SCU_1_Veneer
                0x20000048                SCU_2_Veneer
                0x2000004c                SCU_3_Veneer
                0x20000050                SCU_4_Veneer
                0x20000054                SCU_5_Veneer
                0x20000058                SCU_6_Veneer
                0x2000005c                MATH_Veneer
                0x20000064                USIC0_0_Veneer
                0x20000068                USIC0_1_Veneer
                0x2000006c                USIC0_2_Veneer
                0x20000070                USIC0_3_Veneer
                0x20000074                USIC0_4_Veneer
                0x20000078                USIC0_5_Veneer
                0x2000007c                VADC0_C0_0_Veneer
                0x20000080                VADC0_C0_1_Veneer
                0x20000084                VADC0_G0_0_Veneer
                0x20000088                VADC0_G0_1_Veneer
                0x2000008c                VADC0_G1_0_Veneer
                0x20000090                VADC0_G1_1_Veneer
                0x20000094                CCU40_0_Veneer
                0x20000098                CCU40_1_Veneer
                0x2000009c                CCU40_2_Veneer
                0x200000a0                CCU40_3_Veneer
                0x200000a4                CCU80_0_Veneer
                0x200000a8                CCU80_1_Veneer
                0x200000ac                POSIF0_0_Veneer
                0x200000b0                POSIF0_1_Veneer
                0x200000bc                BCCU0_0_Veneer
                0x20000144                . = ALIGN (0x4)
                0x20000144                VeneerEnd = .
                0x1000b9c0                eROData = LOADADDR (.VENEER_Code)
                0x00000138                VeneerSize = (ABSOLUTE (VeneerEnd) - ABSOLUTE (VeneerStart))

.rel.dyn        0x20000144        0x0 load address 0x1000baf8
 .rel.iplt      0x00000000        0x0 ./Startup/startup_XMC1300.o

Stack           0x20000144     0x1004 load address 0x00000000
                0x20000148                . = ALIGN (0x8)
 *fill*         0x20000144        0x4 
                0x20001148                . = (. + stack_size)
 *fill*         0x20000148     0x1000 
                0x20001148                __initial_sp = .

.data           0x20001148      0x1c4 load address 0x1000baf8
                0x20001148                . = ALIGN (0x4)
                0x20001148                __data_start = .
 *(.data)
 *(.data*)
 .data.COM      0x20001148        0xc ./Dave/Generated/UART/uart_conf.o
                0x20001148                COM
 .data.RS232    0x20001154        0xc ./Dave/Generated/UART/uart_conf.o
                0x20001154                RS232
 .data.PWM      0x20001160       0x34 ./Dave/Generated/PWM_CCU8/pwm_ccu8_conf.o
                0x20001160                PWM
 .data.PULSE_5MS
                0x20001194       0x28 ./Dave/Generated/PWM_CCU4/pwm_ccu4_conf.o
                0x20001194                PULSE_5MS
 .data.PULSE_250US
                0x200011bc       0x28 ./Dave/Generated/PWM_CCU4/pwm_ccu4_conf.o
                0x200011bc                PULSE_250US
 .data.GLOBAL_CCU8_0
                0x200011e4       0x10 ./Dave/Generated/GLOBAL_CCU8/global_ccu8_conf.o
                0x200011e4                GLOBAL_CCU8_0
 .data.GLOBAL_CCU4_0
                0x200011f4       0x10 ./Dave/Generated/GLOBAL_CCU4/global_ccu4_conf.o
                0x200011f4                GLOBAL_CCU4_0
 .data.group_0_config
                0x20001204        0xc ./Dave/Generated/GLOBAL_ADC/global_adc_conf.o
                0x20001204                group_0_config
 .data.group_1_config
                0x20001210        0xc ./Dave/Generated/GLOBAL_ADC/global_adc_conf.o
                0x20001210                group_1_config
 .data.GLOBAL_ADC_0
                0x2000121c       0x1c ./Dave/Generated/GLOBAL_ADC/global_adc_conf.o
                0x2000121c                GLOBAL_ADC_0
 .data.VOLT_CURR_TEMP_queue_entries
                0x20001238        0xc ./Dave/Generated/ADC_MEASUREMENT_ADV/adc_measurement_adv_conf.o
 .data.VOLT_CURR_TEMP_channel_array
                0x20001244        0xc ./Dave/Generated/ADC_MEASUREMENT_ADV/adc_measurement_adv_conf.o
 .data.VOLT_CURR_TEMP_initialization_status
                0x20001250        0x1 ./Dave/Generated/ADC_MEASUREMENT_ADV/adc_measurement_adv_conf.o
 *fill*         0x20001251        0x3 
 .data.ACOMP_queue_entries
                0x20001254        0x8 ./Dave/Generated/ADC_MEASUREMENT_ADV/adc_measurement_adv_conf.o
 .data.ACOMP_channel_array
                0x2000125c        0x8 ./Dave/Generated/ADC_MEASUREMENT_ADV/adc_measurement_adv_conf.o
 .data.ACOMP_initialization_status
                0x20001264        0x1 ./Dave/Generated/ADC_MEASUREMENT_ADV/adc_measurement_adv_conf.o
 *fill*         0x20001265        0x3 
 .data.g_ADC_vref_average
                0x20001268        0x4 ./main.o
 .data.g_PWM_current_frequency
                0x2000126c        0x4 ./main.o
 .data.impure_data
                0x20001270       0x60 c:/users/jutta.schuerba/desktop/dave-ide-4.4.2-64bit/eclipse/arm-gcc-49/bin/../lib/gcc/arm-none-eabi/4.9.3/../../../../arm-none-eabi/lib/armv6-m\libg_nano.a(lib_a-impure.o)
 .data._impure_ptr
                0x200012d0        0x4 c:/users/jutta.schuerba/desktop/dave-ide-4.4.2-64bit/eclipse/arm-gcc-49/bin/../lib/gcc/arm-none-eabi/4.9.3/../../../../arm-none-eabi/lib/armv6-m\libg_nano.a(lib_a-impure.o)
                0x200012d0                _impure_ptr
 .data.lconv    0x200012d4       0x38 c:/users/jutta.schuerba/desktop/dave-ide-4.4.2-64bit/eclipse/arm-gcc-49/bin/../lib/gcc/arm-none-eabi/4.9.3/../../../../arm-none-eabi/lib/armv6-m\libg_nano.a(lib_a-locale.o)
 *(*.data)
 *(.gnu.linkonce.d*)
                0x2000130c                . = ALIGN (0x4)
                0x2000130c                PROVIDE (__preinit_array_start, .)
 *(.preinit_array)
                0x2000130c                PROVIDE (__preinit_array_end, .)
                0x2000130c                . = ALIGN (0x4)
                0x2000130c                PROVIDE (__init_array_start, .)
 *(SORT(.init_array.*))
 *(.init_array)
                0x2000130c                PROVIDE (__init_array_end, .)
                0x2000130c                . = ALIGN (0x4)
                0x2000130c                PROVIDE (__fini_array_start, .)
 *(SORT(.fini_array.*))
 *(.fini_array)
                0x2000130c                PROVIDE (__fini_array_end, .)
                0x2000130c                . = ALIGN (0x4)
                0x2000130c                __data_end = .
                0x1000baf8                DataLoadAddr = LOADADDR (.data)
                0x000001c4                __data_size = (__data_end - __data_start)

.igot.plt       0x2000130c        0x0 load address 0x1000bcbc
 .igot.plt      0x00000000        0x0 ./Startup/startup_XMC1300.o

.ram_code       0x2000130c        0x0 load address 0x1000bcbc
                0x2000130c                . = ALIGN (0x4)
                0x2000130c                __ram_code_start = .
 *(.ram_code)
                0x2000130c                . = ALIGN (0x4)
                0x2000130c                __ram_code_end = .
                0x1000bcbc                __ram_code_load = LOADADDR (.ram_code)
                0x00000000                __ram_code_size = (__ram_code_end - __ram_code_start)
                0x0000acbc                __text_size = ((((__exidx_end - sText) + VeneerSize) + __data_size) + __ram_code_size)
                0x1000bcbc                eText = (sText + __text_size)

.bss            0x2000130c      0x5b4 load address 0x1000bcbc
                0x2000130c                . = ALIGN (0x4)
                0x2000130c                __bss_start = .
 *(.bss)
 *(.bss*)
 .bss.IDIV.4933
                0x2000130c        0x4 ./Startup/system_XMC1300.o
 .bss.FDIV.4934
                0x20001310        0x4 ./Startup/system_XMC1300.o
 .bss.heap_ptr.4331
                0x20001314        0x4 ./Libraries/Newlib/syscalls.o
 .bss.COM_runtime
                0x20001318       0x1c ./Dave/Generated/UART/uart_conf.o
                0x20001318                COM_runtime
 .bss.RS232_runtime
                0x20001334       0x1c ./Dave/Generated/UART/uart_conf.o
                0x20001334                RS232_runtime
 .bss.CLOCK_XMC1_0
                0x20001350        0x4 ./Dave/Generated/CLOCK_XMC1/clock_xmc1_conf.o
                0x20001350                CLOCK_XMC1_0
 .bss.g_power_up
                0x20001354        0x4 ./main.o
 .bss.g_power_down
                0x20001358        0x4 ./main.o
 .bss.g_acomp_mV
                0x2000135c        0x4 ./main.o
 .bss.g_acomp_mV_average
                0x20001360        0x4 ./main.o
 .bss.g_temperature
                0x20001364        0x4 ./main.o
 .bss.g_temperature_average
                0x20001368        0x4 ./main.o
 .bss.g_voltage
                0x2000136c        0x4 ./main.o
 .bss.g_voltage_average
                0x20001370        0x4 ./main.o
 .bss.g_current
                0x20001374        0x4 ./main.o
 .bss.g_current_average
                0x20001378        0x4 ./main.o
 .bss.g_P_out   0x2000137c        0x4 ./main.o
 .bss.led_r     0x20001380        0x1 ./main.o
 .bss.led_g     0x20001381        0x1 ./main.o
 .bss.led_b     0x20001382        0x1 ./main.o
 *fill*         0x20001383        0x1 
 .bss.g_overvoltage_detected
                0x20001384        0x4 ./main.o
 .bss.g_overcurrent_detected
                0x20001388        0x4 ./main.o
 .bss.g_overtemperature_detected
                0x2000138c        0x4 ./main.o
 .bss.g_critical_detected
                0x20001390        0x4 ./main.o
 .bss.g_clamp   0x20001394        0x1 ./main.o
                0x20001394                g_clamp
 .bss.g_pwm_en  0x20001395        0x1 ./main.o
 *fill*         0x20001396        0x2 
 .bss.g_ADC_voltage
                0x20001398        0x4 ./main.o
 .bss.g_ADC_current
                0x2000139c        0x4 ./main.o
 .bss.g_ADC_temperature
                0x200013a0        0x4 ./main.o
 .bss.g_ADC_acomp
                0x200013a4        0x4 ./main.o
 .bss.g_ADC_vref
                0x200013a8        0x4 ./main.o
 .bss.counter_20ms
                0x200013ac        0x4 ./main.o
 .bss.startup_blank.10021
                0x200013b0        0x1 ./main.o
 *fill*         0x200013b1        0x3 
 .bss.__malloc_sbrk_start
                0x200013b4        0x4 c:/users/jutta.schuerba/desktop/dave-ide-4.4.2-64bit/eclipse/arm-gcc-49/bin/../lib/gcc/arm-none-eabi/4.9.3/../../../../arm-none-eabi/lib/armv6-m\libg_nano.a(lib_a-nano-mallocr.o)
                0x200013b4                __malloc_sbrk_start
 .bss.__malloc_free_list
                0x200013b8        0x4 c:/users/jutta.schuerba/desktop/dave-ide-4.4.2-64bit/eclipse/arm-gcc-49/bin/../lib/gcc/arm-none-eabi/4.9.3/../../../../arm-none-eabi/lib/armv6-m\libg_nano.a(lib_a-nano-mallocr.o)
                0x200013b8                __malloc_free_list
 *(COMMON)
 COMMON         0x200013bc      0x500 ./main.o
                0x200013bc                debug_output_buffer
                0x200014bc                histogram_received_patterns
 COMMON         0x200018bc        0x4 c:/users/jutta.schuerba/desktop/dave-ide-4.4.2-64bit/eclipse/arm-gcc-49/bin/../lib/gcc/arm-none-eabi/4.9.3/../../../../arm-none-eabi/lib/armv6-m\libg_nano.a(lib_a-reent.o)
                0x200018bc                errno
 *(.gnu.linkonce.b*)
                0x200018c0                . = ALIGN (0x4)
                0x200018c0                __bss_end = .
                0x200018c0                . = ALIGN (0x8)
                0x200018c0                Heap_Bank1_Start = .
                0x000005b4                __bss_size = (__bss_end - __bss_start)

.no_init        0x20003ffc        0x4 load address 0x00003eb8
                0x20003ffc                Heap_Bank1_End = .
 *(.no_init)
 .no_init       0x20003ffc        0x4 ./Startup/system_XMC1300.o
                0x20003ffc                SystemCoreClock
                0x0000273c                Heap_Bank1_Size = (Heap_Bank1_End - Heap_Bank1_Start)
                0x00000001                ASSERT ((Heap_Bank1_Start <= Heap_Bank1_End), region SRAM overflowed no_init section)

/DISCARD/
 *(.comment)

.stab
 *(.stab)

.stabstr
 *(.stabstr)

.debug
 *(.debug)

.line
 *(.line)

.debug_srcinfo
 *(.debug_srcinfo)

.debug_sfnames
 *(.debug_sfnames)

.debug_aranges  0x00000000     0x1130
 *(.debug_aranges)
 .debug_aranges
                0x00000000       0x28 ./Startup/startup_XMC1300.o
 .debug_aranges
                0x00000028       0x38 ./Startup/system_XMC1300.o
 .debug_aranges
                0x00000060       0x28 ./Libraries/XMCLib/src/xmc1_gpio.o
 .debug_aranges
                0x00000088      0x128 ./Libraries/XMCLib/src/xmc1_scu.o
 .debug_aranges
                0x000001b0      0x128 ./Libraries/XMCLib/src/xmc_ccu4.o
 .debug_aranges
                0x000002d8      0x180 ./Libraries/XMCLib/src/xmc_ccu8.o
 .debug_aranges
                0x00000458       0x28 ./Libraries/XMCLib/src/xmc_gpio.o
 .debug_aranges
                0x00000480       0xf0 ./Libraries/XMCLib/src/xmc_math.o
 .debug_aranges
                0x00000570       0x70 ./Libraries/XMCLib/src/xmc_uart.o
 .debug_aranges
                0x000005e0       0x90 ./Libraries/XMCLib/src/xmc_usic.o
 .debug_aranges
                0x00000670      0x2d8 ./Libraries/XMCLib/src/xmc_vadc.o
 .debug_aranges
                0x00000948       0x28 ./Libraries/Newlib/syscalls.o
 .debug_aranges
                0x00000970      0x118 ./Dave/Generated/UART/uart.o
 .debug_aranges
                0x00000a88       0x58 ./Dave/Generated/UART/uart_conf.o
 .debug_aranges
                0x00000ae0      0x120 ./Dave/Generated/PWM_CCU8/pwm_ccu8.o
 .debug_aranges
                0x00000c00       0x18 ./Dave/Generated/PWM_CCU8/pwm_ccu8_conf.o
 .debug_aranges
                0x00000c18      0x100 ./Dave/Generated/PWM_CCU4/pwm_ccu4.o
 .debug_aranges
                0x00000d18       0x18 ./Dave/Generated/PWM_CCU4/pwm_ccu4_conf.o
 .debug_aranges
                0x00000d30       0x40 ./Dave/Generated/INTERRUPT/interrupt.o
 .debug_aranges
                0x00000d70       0x18 ./Dave/Generated/INTERRUPT/interrupt_conf.o
 .debug_aranges
                0x00000d88       0x30 ./Dave/Generated/GLOBAL_CCU8/global_ccu8.o
 .debug_aranges
                0x00000db8       0x18 ./Dave/Generated/GLOBAL_CCU8/global_ccu8_conf.o
 .debug_aranges
                0x00000dd0       0x30 ./Dave/Generated/GLOBAL_CCU4/global_ccu4.o
 .debug_aranges
                0x00000e00       0x18 ./Dave/Generated/GLOBAL_CCU4/global_ccu4_conf.o
 .debug_aranges
                0x00000e18       0x40 ./Dave/Generated/GLOBAL_ADC/global_adc.o
 .debug_aranges
                0x00000e58       0x18 ./Dave/Generated/GLOBAL_ADC/global_adc_conf.o
 .debug_aranges
                0x00000e70       0x28 ./Dave/Generated/DIGITAL_IO/digital_io.o
 .debug_aranges
                0x00000e98       0x18 ./Dave/Generated/DIGITAL_IO/digital_io_conf.o
 .debug_aranges
                0x00000eb0       0x20 ./Dave/Generated/CPU_CTRL_XMC1/cpu_ctrl_xmc1_conf.o
 .debug_aranges
                0x00000ed0       0x30 ./Dave/Generated/CLOCK_XMC1/clock_xmc1.o
 .debug_aranges
                0x00000f00       0x20 ./Dave/Generated/CLOCK_XMC1/clock_xmc1_conf.o
 .debug_aranges
                0x00000f20      0x128 ./Dave/Generated/ADC_MEASUREMENT_ADV/adc_measurement_adv.o
 .debug_aranges
                0x00001048       0x28 ./Dave/Generated/ADC_MEASUREMENT_ADV/adc_measurement_adv_conf.o
 .debug_aranges
                0x00001070       0x20 ./Dave/Generated/DAVE.o
 .debug_aranges
                0x00001090       0xa0 ./main.o

.debug_pubnames
 *(.debug_pubnames)

.debug_pubtypes
 *(.debug_pubtypes)

.debug_info     0x00000000    0x20183
 *(.debug_info .gnu.linkonce.wi.*)
 .debug_info    0x00000000       0x8c ./Startup/startup_XMC1300.o
 .debug_info    0x0000008c      0x38b ./Startup/system_XMC1300.o
 .debug_info    0x00000417      0x410 ./Libraries/XMCLib/src/xmc1_gpio.o
 .debug_info    0x00000827      0xd15 ./Libraries/XMCLib/src/xmc1_scu.o
 .debug_info    0x0000153c     0x14a9 ./Libraries/XMCLib/src/xmc_ccu4.o
 .debug_info    0x000029e5     0x1bbf ./Libraries/XMCLib/src/xmc_ccu8.o
 .debug_info    0x000045a4      0x3a3 ./Libraries/XMCLib/src/xmc_gpio.o
 .debug_info    0x00004947      0x975 ./Libraries/XMCLib/src/xmc_math.o
 .debug_info    0x000052bc      0x863 ./Libraries/XMCLib/src/xmc_uart.o
 .debug_info    0x00005b1f      0xa8f ./Libraries/XMCLib/src/xmc_usic.o
 .debug_info    0x000065ae     0x363e ./Libraries/XMCLib/src/xmc_vadc.o
 .debug_info    0x00009bec      0x11f ./Libraries/Newlib/syscalls.o
 .debug_info    0x00009d0b     0x160f ./Dave/Generated/UART/uart.o
 .debug_info    0x0000b31a     0x1070 ./Dave/Generated/UART/uart_conf.o
 .debug_info    0x0000c38a     0x1e3c ./Dave/Generated/PWM_CCU8/pwm_ccu8.o
 .debug_info    0x0000e1c6     0x14ea ./Dave/Generated/PWM_CCU8/pwm_ccu8_conf.o
 .debug_info    0x0000f6b0     0x16cf ./Dave/Generated/PWM_CCU4/pwm_ccu4.o
 .debug_info    0x00010d7f     0x1038 ./Dave/Generated/PWM_CCU4/pwm_ccu4_conf.o
 .debug_info    0x00011db7      0x51e ./Dave/Generated/INTERRUPT/interrupt.o
 .debug_info    0x000122d5      0x1ef ./Dave/Generated/INTERRUPT/interrupt_conf.o
 .debug_info    0x000124c4      0x355 ./Dave/Generated/GLOBAL_CCU8/global_ccu8.o
 .debug_info    0x00012819      0x255 ./Dave/Generated/GLOBAL_CCU8/global_ccu8_conf.o
 .debug_info    0x00012a6e      0x346 ./Dave/Generated/GLOBAL_CCU4/global_ccu4.o
 .debug_info    0x00012db4      0x246 ./Dave/Generated/GLOBAL_CCU4/global_ccu4_conf.o
 .debug_info    0x00012ffa     0x1372 ./Dave/Generated/GLOBAL_ADC/global_adc.o
 .debug_info    0x0001436c     0x125f ./Dave/Generated/GLOBAL_ADC/global_adc_conf.o
 .debug_info    0x000155cb      0x4c5 ./Dave/Generated/DIGITAL_IO/digital_io.o
 .debug_info    0x00015a90      0x4b4 ./Dave/Generated/DIGITAL_IO/digital_io_conf.o
 .debug_info    0x00015f44       0xd3 ./Dave/Generated/CPU_CTRL_XMC1/cpu_ctrl_xmc1_conf.o
 .debug_info    0x00016017      0x219 ./Dave/Generated/CLOCK_XMC1/clock_xmc1.o
 .debug_info    0x00016230      0x1de ./Dave/Generated/CLOCK_XMC1/clock_xmc1_conf.o
 .debug_info    0x0001640e     0x277f ./Dave/Generated/ADC_MEASUREMENT_ADV/adc_measurement_adv.o
 .debug_info    0x00018b8d     0x1414 ./Dave/Generated/ADC_MEASUREMENT_ADV/adc_measurement_adv_conf.o
 .debug_info    0x00019fa1     0x359a ./Dave/Generated/DAVE.o
 .debug_info    0x0001d53b     0x2c48 ./main.o

.debug_abbrev   0x00000000     0x34e0
 *(.debug_abbrev)
 .debug_abbrev  0x00000000       0x12 ./Startup/startup_XMC1300.o
 .debug_abbrev  0x00000012       0xfb ./Startup/system_XMC1300.o
 .debug_abbrev  0x0000010d       0xdf ./Libraries/XMCLib/src/xmc1_gpio.o
 .debug_abbrev  0x000001ec      0x22c ./Libraries/XMCLib/src/xmc1_scu.o
 .debug_abbrev  0x00000418      0x1eb ./Libraries/XMCLib/src/xmc_ccu4.o
 .debug_abbrev  0x00000603      0x20d ./Libraries/XMCLib/src/xmc_ccu8.o
 .debug_abbrev  0x00000810       0xdf ./Libraries/XMCLib/src/xmc_gpio.o
 .debug_abbrev  0x000008ef      0x157 ./Libraries/XMCLib/src/xmc_math.o
 .debug_abbrev  0x00000a46      0x1ed ./Libraries/XMCLib/src/xmc_uart.o
 .debug_abbrev  0x00000c33      0x1da ./Libraries/XMCLib/src/xmc_usic.o
 .debug_abbrev  0x00000e0d      0x25e ./Libraries/XMCLib/src/xmc_vadc.o
 .debug_abbrev  0x0000106b       0xbd ./Libraries/Newlib/syscalls.o
 .debug_abbrev  0x00001128      0x26f ./Dave/Generated/UART/uart.o
 .debug_abbrev  0x00001397      0x23d ./Dave/Generated/UART/uart_conf.o
 .debug_abbrev  0x000015d4      0x27b ./Dave/Generated/PWM_CCU8/pwm_ccu8.o
 .debug_abbrev  0x0000184f      0x18b ./Dave/Generated/PWM_CCU8/pwm_ccu8_conf.o
 .debug_abbrev  0x000019da      0x259 ./Dave/Generated/PWM_CCU4/pwm_ccu4.o
 .debug_abbrev  0x00001c33      0x169 ./Dave/Generated/PWM_CCU4/pwm_ccu4_conf.o
 .debug_abbrev  0x00001d9c      0x17d ./Dave/Generated/INTERRUPT/interrupt.o
 .debug_abbrev  0x00001f19       0x7f ./Dave/Generated/INTERRUPT/interrupt_conf.o
 .debug_abbrev  0x00001f98      0x15e ./Dave/Generated/GLOBAL_CCU8/global_ccu8.o
 .debug_abbrev  0x000020f6       0xdd ./Dave/Generated/GLOBAL_CCU8/global_ccu8_conf.o
 .debug_abbrev  0x000021d3      0x15e ./Dave/Generated/GLOBAL_CCU4/global_ccu4.o
 .debug_abbrev  0x00002331       0xdd ./Dave/Generated/GLOBAL_CCU4/global_ccu4_conf.o
 .debug_abbrev  0x0000240e      0x1d5 ./Dave/Generated/GLOBAL_ADC/global_adc.o
 .debug_abbrev  0x000025e3      0x163 ./Dave/Generated/GLOBAL_ADC/global_adc_conf.o
 .debug_abbrev  0x00002746       0xfd ./Dave/Generated/DIGITAL_IO/digital_io.o
 .debug_abbrev  0x00002843       0xb2 ./Dave/Generated/DIGITAL_IO/digital_io_conf.o
 .debug_abbrev  0x000028f5       0x80 ./Dave/Generated/CPU_CTRL_XMC1/cpu_ctrl_xmc1_conf.o
 .debug_abbrev  0x00002975       0xdd ./Dave/Generated/CLOCK_XMC1/clock_xmc1.o
 .debug_abbrev  0x00002a52       0xec ./Dave/Generated/CLOCK_XMC1/clock_xmc1_conf.o
 .debug_abbrev  0x00002b3e      0x2d6 ./Dave/Generated/ADC_MEASUREMENT_ADV/adc_measurement_adv.o
 .debug_abbrev  0x00002e14      0x1dc ./Dave/Generated/ADC_MEASUREMENT_ADV/adc_measurement_adv_conf.o
 .debug_abbrev  0x00002ff0      0x1f5 ./Dave/Generated/DAVE.o
 .debug_abbrev  0x000031e5      0x2fb ./main.o

.debug_line     0x00000000     0x8113
 *(.debug_line)
 .debug_line    0x00000000      0x102 ./Startup/startup_XMC1300.o
 .debug_line    0x00000102      0x1fb ./Startup/system_XMC1300.o
 .debug_line    0x000002fd      0x1d2 ./Libraries/XMCLib/src/xmc1_gpio.o
 .debug_line    0x000004cf      0x554 ./Libraries/XMCLib/src/xmc1_scu.o
 .debug_line    0x00000a23      0x5ac ./Libraries/XMCLib/src/xmc_ccu4.o
 .debug_line    0x00000fcf      0x6a2 ./Libraries/XMCLib/src/xmc_ccu8.o
 .debug_line    0x00001671      0x1c6 ./Libraries/XMCLib/src/xmc_gpio.o
 .debug_line    0x00001837      0x483 ./Libraries/XMCLib/src/xmc_math.o
 .debug_line    0x00001cba      0x339 ./Libraries/XMCLib/src/xmc_uart.o
 .debug_line    0x00001ff3      0x3d0 ./Libraries/XMCLib/src/xmc_usic.o
 .debug_line    0x000023c3      0xbcf ./Libraries/XMCLib/src/xmc_vadc.o
 .debug_line    0x00002f92       0xd7 ./Libraries/Newlib/syscalls.o
 .debug_line    0x00003069      0x644 ./Dave/Generated/UART/uart.o
 .debug_line    0x000036ad      0x389 ./Dave/Generated/UART/uart_conf.o
 .debug_line    0x00003a36      0x6fa ./Dave/Generated/PWM_CCU8/pwm_ccu8.o
 .debug_line    0x00004130      0x2b9 ./Dave/Generated/PWM_CCU8/pwm_ccu8_conf.o
 .debug_line    0x000043e9      0x5f6 ./Dave/Generated/PWM_CCU4/pwm_ccu4.o
 .debug_line    0x000049df      0x2b9 ./Dave/Generated/PWM_CCU4/pwm_ccu4_conf.o
 .debug_line    0x00004c98      0x2ff ./Dave/Generated/INTERRUPT/interrupt.o
 .debug_line    0x00004f97      0x1c2 ./Dave/Generated/INTERRUPT/interrupt_conf.o
 .debug_line    0x00005159      0x2f4 ./Dave/Generated/GLOBAL_CCU8/global_ccu8.o
 .debug_line    0x0000544d      0x252 ./Dave/Generated/GLOBAL_CCU8/global_ccu8_conf.o
 .debug_line    0x0000569f      0x2f4 ./Dave/Generated/GLOBAL_CCU4/global_ccu4.o
 .debug_line    0x00005993      0x252 ./Dave/Generated/GLOBAL_CCU4/global_ccu4_conf.o
 .debug_line    0x00005be5      0x32c ./Dave/Generated/GLOBAL_ADC/global_adc.o
 .debug_line    0x00005f11      0x241 ./Dave/Generated/GLOBAL_ADC/global_adc_conf.o
 .debug_line    0x00006152      0x244 ./Dave/Generated/DIGITAL_IO/digital_io.o
 .debug_line    0x00006396      0x1ba ./Dave/Generated/DIGITAL_IO/digital_io_conf.o
 .debug_line    0x00006550       0x78 ./Dave/Generated/CPU_CTRL_XMC1/cpu_ctrl_xmc1_conf.o
 .debug_line    0x000065c8      0x272 ./Dave/Generated/CLOCK_XMC1/clock_xmc1.o
 .debug_line    0x0000683a      0x249 ./Dave/Generated/CLOCK_XMC1/clock_xmc1_conf.o
 .debug_line    0x00006a83      0x747 ./Dave/Generated/ADC_MEASUREMENT_ADV/adc_measurement_adv.o
 .debug_line    0x000071ca      0x280 ./Dave/Generated/ADC_MEASUREMENT_ADV/adc_measurement_adv_conf.o
 .debug_line    0x0000744a      0x4f7 ./Dave/Generated/DAVE.o
 .debug_line    0x00007941      0x7d2 ./main.o

.debug_frame    0x00000000     0x456c
 *(.debug_frame)
 .debug_frame   0x00000000       0x80 ./Startup/system_XMC1300.o
 .debug_frame   0x00000080       0x58 ./Libraries/XMCLib/src/xmc1_gpio.o
 .debug_frame   0x000000d8      0x42c ./Libraries/XMCLib/src/xmc1_scu.o
 .debug_frame   0x00000504      0x458 ./Libraries/XMCLib/src/xmc_ccu4.o